Archive member included to satisfy reference by file (symbol)

../src/ASF/thirdparty/wireless/services/common_hw_timer/mega/lib\libmegarfr2_lib_hw_timer.a(common_hw_timer.o)
                              src/ASF/thirdparty/wireless/avr2130_lwmesh/source/sys/src/sysTimer.o (common_tc_delay)
c:/program files (x86)/atmel/studio/7.0/toolchain/avr8/avr8-gnu-toolchain/bin/../lib/gcc/avr/5.4.0/avr6\libgcc.a(_mulsi3.o)
                              ../src/ASF/thirdparty/wireless/services/common_hw_timer/mega/lib\libmegarfr2_lib_hw_timer.a(common_hw_timer.o) (__mulsi3)
c:/program files (x86)/atmel/studio/7.0/toolchain/avr8/avr8-gnu-toolchain/bin/../lib/gcc/avr/5.4.0/avr6\libgcc.a(_udivmodhi4.o)
                              ../src/ASF/thirdparty/wireless/services/common_hw_timer/mega/lib\libmegarfr2_lib_hw_timer.a(common_hw_timer.o) (__udivmodhi4)
c:/program files (x86)/atmel/studio/7.0/toolchain/avr8/avr8-gnu-toolchain/bin/../lib/gcc/avr/5.4.0/avr6\libgcc.a(_udivmodsi4.o)
                              src/ASF/mega/drivers/usart/usart_megarf.o (__udivmodsi4)
c:/program files (x86)/atmel/studio/7.0/toolchain/avr8/avr8-gnu-toolchain/bin/../lib/gcc/avr/5.4.0/avr6\libgcc.a(_exit.o)
                              C:/Program Files (x86)/Atmel/Studio/7.0/Packs/atmel/ATmega_DFP/1.6.364/gcc/dev/atmega256rfr2/avr6/crtatmega256rfr2.o (exit)
c:/program files (x86)/atmel/studio/7.0/toolchain/avr8/avr8-gnu-toolchain/bin/../lib/gcc/avr/5.4.0/avr6\libgcc.a(_copy_data.o)
                              src/ASF/thirdparty/wireless/addons/sio2host/uart/sio2host.o (__do_copy_data)
c:/program files (x86)/atmel/studio/7.0/toolchain/avr8/avr8-gnu-toolchain/bin/../lib/gcc/avr/5.4.0/avr6\libgcc.a(_clear_bss.o)
                              src/ASF/common/utils/stdio/read.o (__do_clear_bss)
c:/program files (x86)/atmel/studio/7.0/toolchain/avr8/avr8-gnu-toolchain/bin/../lib/gcc/avr/5.4.0/avr6\libgcc.a(_muluhisi3.o)
                              c:/program files (x86)/atmel/studio/7.0/toolchain/avr8/avr8-gnu-toolchain/bin/../lib/gcc/avr/5.4.0/avr6\libgcc.a(_mulsi3.o) (__muluhisi3)
c:/program files (x86)/atmel/studio/7.0/toolchain/avr8/avr8-gnu-toolchain/bin/../lib/gcc/avr/5.4.0/avr6\libgcc.a(_umulhisi3.o)
                              c:/program files (x86)/atmel/studio/7.0/toolchain/avr8/avr8-gnu-toolchain/bin/../lib/gcc/avr/5.4.0/avr6\libgcc.a(_muluhisi3.o) (__umulhisi3)
c:/program files (x86)/atmel/studio/7.0/toolchain/avr8/avr8-gnu-toolchain/bin/../lib/gcc/avr/5.4.0/../../../../avr/lib/avr6\libc.a(rand.o)
                              src/ASF/thirdparty/wireless/avr2130_lwmesh/source/nwk/src/nwkTx.o (rand)
c:/program files (x86)/atmel/studio/7.0/toolchain/avr8/avr8-gnu-toolchain/bin/../lib/gcc/avr/5.4.0/../../../../avr/lib/avr6\libc.a(memcpy.o)
                              src/ASF/thirdparty/wireless/avr2130_lwmesh/source/nwk/src/nwkDataReq.o (memcpy)
c:/program files (x86)/atmel/studio/7.0/toolchain/avr8/avr8-gnu-toolchain/bin/../lib/gcc/avr/5.4.0/../../../../avr/lib/avr6\libc.a(fdevopen.o)
                              src/ASF/thirdparty/wireless/addons/sio2host/uart/sio2host.o (fdevopen)
c:/program files (x86)/atmel/studio/7.0/toolchain/avr8/avr8-gnu-toolchain/bin/../lib/gcc/avr/5.4.0/../../../../avr/lib/avr6\libc.a(iob.o)
                              c:/program files (x86)/atmel/studio/7.0/toolchain/avr8/avr8-gnu-toolchain/bin/../lib/gcc/avr/5.4.0/../../../../avr/lib/avr6\libc.a(fdevopen.o) (__iob)
c:/program files (x86)/atmel/studio/7.0/toolchain/avr8/avr8-gnu-toolchain/bin/../lib/gcc/avr/5.4.0/../../../../avr/lib/avr6\libc.a(calloc.o)
                              c:/program files (x86)/atmel/studio/7.0/toolchain/avr8/avr8-gnu-toolchain/bin/../lib/gcc/avr/5.4.0/../../../../avr/lib/avr6\libc.a(fdevopen.o) (calloc)
c:/program files (x86)/atmel/studio/7.0/toolchain/avr8/avr8-gnu-toolchain/bin/../lib/gcc/avr/5.4.0/../../../../avr/lib/avr6\libc.a(malloc.o)
                              c:/program files (x86)/atmel/studio/7.0/toolchain/avr8/avr8-gnu-toolchain/bin/../lib/gcc/avr/5.4.0/../../../../avr/lib/avr6\libc.a(calloc.o) (malloc)
c:/program files (x86)/atmel/studio/7.0/toolchain/avr8/avr8-gnu-toolchain/bin/../lib/gcc/avr/5.4.0/../../../../avr/lib/avr6\libc.a(memset.o)
                              c:/program files (x86)/atmel/studio/7.0/toolchain/avr8/avr8-gnu-toolchain/bin/../lib/gcc/avr/5.4.0/../../../../avr/lib/avr6\libc.a(calloc.o) (memset)
c:/program files (x86)/atmel/studio/7.0/toolchain/avr8/avr8-gnu-toolchain/bin/../lib/gcc/avr/5.4.0/avr6\libgcc.a(_divmodsi4.o)
                              c:/program files (x86)/atmel/studio/7.0/toolchain/avr8/avr8-gnu-toolchain/bin/../lib/gcc/avr/5.4.0/../../../../avr/lib/avr6\libc.a(rand.o) (__divmodsi4)
c:/program files (x86)/atmel/studio/7.0/toolchain/avr8/avr8-gnu-toolchain/bin/../lib/gcc/avr/5.4.0/avr6\libgcc.a(_negsi2.o)
                              c:/program files (x86)/atmel/studio/7.0/toolchain/avr8/avr8-gnu-toolchain/bin/../lib/gcc/avr/5.4.0/avr6\libgcc.a(_divmodsi4.o) (__negsi2)
[...]
Memory Configuration

Name             Origin             Length             Attributes
text             0x00000000         0x00040000         xr
data             0x00800200         0x00008000         rw !x
eeprom           0x00810000         0x00002000         rw !x
fuse             0x00820000         0x00000003         rw !x
lock             0x00830000         0x00000400         rw !x
signature        0x00840000         0x00000400         rw !x
user_signatures  0x00850000         0x00000400         rw !x
*default*        0x00000000         0xffffffff

Linker script and memory map

Address of section .data set to 0x800200
LOAD C:/Program Files (x86)/Atmel/Studio/7.0/Packs/atmel/ATmega_DFP/1.6.364/gcc/dev/atmega256rfr2/avr6/crtatmega256rfr2.o
LOAD src/ASF/common/services/clock/mega/sysclk.o
LOAD src/ASF/common/services/serial/usart_serial.o
LOAD src/ASF/common/utils/stdio/read.o
LOAD src/ASF/common/utils/stdio/write.o
LOAD src/ASF/mega/boards/atmega256rfr2_xplained_pro/init.o
LOAD src/ASF/mega/drivers/usart/usart_megarf.o
LOAD src/ASF/thirdparty/wireless/addons/sio2host/uart/sio2host.o
LOAD src/ASF/thirdparty/wireless/avr2130_lwmesh/source/nwk/src/nwk.o
LOAD src/ASF/thirdparty/wireless/avr2130_lwmesh/source/nwk/src/nwkDataReq.o
LOAD src/ASF/thirdparty/wireless/avr2130_lwmesh/source/nwk/src/nwkFrame.o
LOAD src/ASF/thirdparty/wireless/avr2130_lwmesh/source/nwk/src/nwkGroup.o
LOAD src/ASF/thirdparty/wireless/avr2130_lwmesh/source/nwk/src/nwkRoute.o
LOAD src/ASF/thirdparty/wireless/avr2130_lwmesh/source/nwk/src/nwkRouteDiscovery.o
LOAD src/ASF/thirdparty/wireless/avr2130_lwmesh/source/nwk/src/nwkRx.o
LOAD src/ASF/thirdparty/wireless/avr2130_lwmesh/source/nwk/src/nwkSecurity.o
LOAD src/ASF/thirdparty/wireless/avr2130_lwmesh/source/nwk/src/nwkTx.o
LOAD src/ASF/thirdparty/wireless/avr2130_lwmesh/source/phy/atmegarfr2/src/phy.o
LOAD src/ASF/thirdparty/wireless/avr2130_lwmesh/source/sys/src/sys.o
LOAD src/ASF/thirdparty/wireless/avr2130_lwmesh/source/sys/src/sysEncrypt.o
LOAD src/ASF/thirdparty/wireless/avr2130_lwmesh/source/sys/src/sysTimer.o
LOAD src/ASF/thirdparty/wireless/services/common_hw_timer/mega/hw_timer.o
LOAD src/ASF/thirdparty/wireless/services/mega/drivers/tc/tc_megarf.o
LOAD src/ASF/thirdparty/wireless/services/sal/atmegarf_sal/src/sal.o
LOAD src/Peer2Peer.o
START GROUP
LOAD ../src/ASF/thirdparty/wireless/services/common_hw_timer/mega/lib\libmegarfr2_lib_hw_timer.a
LOAD c:/program files (x86)/atmel/studio/7.0/toolchain/avr8/avr8-gnu-toolchain/bin/../lib/gcc/avr/5.4.0/../../../../avr/lib/avr6\libm.a
END GROUP
START GROUP
LOAD c:/program files (x86)/atmel/studio/7.0/toolchain/avr8/avr8-gnu-toolchain/bin/../lib/gcc/avr/5.4.0/avr6\libgcc.a
LOAD c:/program files (x86)/atmel/studio/7.0/toolchain/avr8/avr8-gnu-toolchain/bin/../lib/gcc/avr/5.4.0/../../../../avr/lib/avr6\libm.a
LOAD c:/program files (x86)/atmel/studio/7.0/toolchain/avr8/avr8-gnu-toolchain/bin/../lib/gcc/avr/5.4.0/../../../../avr/lib/avr6\libc.a
LOAD C:/Program Files (x86)/Atmel/Studio/7.0/Packs/atmel/ATmega_DFP/1.6.364/gcc/dev/atmega256rfr2/avr6\libatmega256rfr2.a
END GROUP
                [0x00000000]                __TEXT_REGION_ORIGIN__ = DEFINED (__TEXT_REGION_ORIGIN__)?__TEXT_REGION_ORIGIN__:0x0
                [0x00800200]                __DATA_REGION_ORIGIN__ = DEFINED (__DATA_REGION_ORIGIN__)?__DATA_REGION_ORIGIN__:0x800200
                [0x00040000]                __TEXT_REGION_LENGTH__ = DEFINED (__TEXT_REGION_LENGTH__)?__TEXT_REGION_LENGTH__:0x100000
                [0x00008000]                __DATA_REGION_LENGTH__ = DEFINED (__DATA_REGION_LENGTH__)?__DATA_REGION_LENGTH__:0xfe00
                [0x00002000]                __EEPROM_REGION_LENGTH__ = DEFINED (__EEPROM_REGION_LENGTH__)?__EEPROM_REGION_LENGTH__:0x10000
                [0x00000003]                __FUSE_REGION_LENGTH__ = DEFINED (__FUSE_REGION_LENGTH__)?__FUSE_REGION_LENGTH__:0x400
                0x00000400                __LOCK_REGION_LENGTH__ = DEFINED (__LOCK_REGION_LENGTH__)?__LOCK_REGION_LENGTH__:0x400
                0x00000400                __SIGNATURE_REGION_LENGTH__ = DEFINED (__SIGNATURE_REGION_LENGTH__)?__SIGNATURE_REGION_LENGTH__:0x400
                0x00000400                __USER_SIGNATURE_REGION_LENGTH__ = DEFINED (__USER_SIGNATURE_REGION_LENGTH__)?__USER_SIGNATURE_REGION_LENGTH__:0x400

.hash
 *(.hash)

.dynsym
 *(.dynsym)

.dynstr
 *(.dynstr)

.gnu.version
 *(.gnu.version)

.gnu.version_d
 *(.gnu.version_d)

.gnu.version_r
 *(.gnu.version_r)

.rel.init
 *(.rel.init)

.rela.init
 *(.rela.init)

.rel.text
 *(.rel.text)
 *(.rel.text.*)
 *(.rel.gnu.linkonce.t*)

.rela.text
 *(.rela.text)
 *(.rela.text.*)
 *(.rela.gnu.linkonce.t*)

.rel.fini
 *(.rel.fini)

.rela.fini
 *(.rela.fini)

.rel.rodata
 *(.rel.rodata)
 *(.rel.rodata.*)
 *(.rel.gnu.linkonce.r*)

.rela.rodata
 *(.rela.rodata)
 *(.rela.rodata.*)
 *(.rela.gnu.linkonce.r*)

.rel.data
 *(.rel.data)
 *(.rel.data.*)
 *(.rel.gnu.linkonce.d*)

.rela.data
 *(.rela.data)
 *(.rela.data.*)
 *(.rela.gnu.linkonce.d*)

.rel.ctors
 *(.rel.ctors)

.rela.ctors
 *(.rela.ctors)

.rel.dtors
 *(.rel.dtors)

.rela.dtors
 *(.rela.dtors)

.rel.got
 *(.rel.got)

.rela.got
 *(.rela.got)

.rel.bss
 *(.rel.bss)

.rela.bss
 *(.rela.bss)

.rel.plt
 *(.rel.plt)

.rela.plt
 *(.rela.plt)

.text           0x00000000     0x31a8
 *(.vectors)
 .vectors       0x00000000      0x134 C:/Program Files (x86)/Atmel/Studio/7.0/Packs/atmel/ATmega_DFP/1.6.364/gcc/dev/atmega256rfr2/avr6/crtatmega256rfr2.o
                0x00000000                __vector_default
                0x00000000                __vectors
 *(.vectors)
 *(.progmem.gcc*)
                0x00000134                . = ALIGN (0x2)
                0x00000134                __trampolines_start = .
 *(.trampolines)
 .trampolines   0x00000134        0x0 linker stubs
 *(.trampolines*)
                0x00000134                __trampolines_end = .
 *libprintf_flt.a:*(.progmem.data)
 *libc.a:*(.progmem.data)
 *(.progmem*)
                0x00000134                . = ALIGN (0x2)
 *(.jumptables)
 *(.jumptables*)
 *(.lowtext)
 *(.lowtext*)
                0x00000134                __ctors_start = .
 *(.ctors)
                0x00000134                __ctors_end = .
                0x00000134                __dtors_start = .
 *(.dtors)
                0x00000134                __dtors_end = .
 SORT(*)(.ctors)
 SORT(*)(.dtors)
 *(.init0)
 .init0         0x00000134        0x0 C:/Program Files (x86)/Atmel/Studio/7.0/Packs/atmel/ATmega_DFP/1.6.364/gcc/dev/atmega256rfr2/avr6/crtatmega256rfr2.o
                0x00000134                __init
 *(.init0)
 *(.init1)
 *(.init1)
 *(.init2)
 .init2         0x00000134       0x10 C:/Program Files (x86)/Atmel/Studio/7.0/Packs/atmel/ATmega_DFP/1.6.364/gcc/dev/atmega256rfr2/avr6/crtatmega256rfr2.o
 *(.init2)
 *(.init3)
 *(.init3)
 *(.init4)
 .init4         0x00000144       0x1a c:/program files (x86)/atmel/studio/7.0/toolchain/avr8/avr8-gnu-toolchain/bin/../lib/gcc/avr/5.4.0/avr6\libgcc.a(_copy_data.o)
                0x00000144                __do_copy_data
 .init4         0x0000015e       0x10 c:/program files (x86)/atmel/studio/7.0/toolchain/avr8/avr8-gnu-toolchain/bin/../lib/gcc/avr/5.4.0/avr6\libgcc.a(_clear_bss.o)
                0x0000015e                __do_clear_bss
 *(.init4)
 *(.init5)
 *(.init5)
 *(.init6)
 *(.init6)
 *(.init7)
 *(.init7)
 *(.init8)
 *(.init8)
 *(.init9)
 .init9         0x0000016e        0x8 C:/Program Files (x86)/Atmel/Studio/7.0/Packs/atmel/ATmega_DFP/1.6.364/gcc/dev/atmega256rfr2/avr6/crtatmega256rfr2.o
 *(.init9)
 *(.text)
 .text          0x00000176        0x2 C:/Program Files (x86)/Atmel/Studio/7.0/Packs/atmel/ATmega_DFP/1.6.364/gcc/dev/atmega256rfr2/avr6/crtatmega256rfr2.o
                0x00000176                __vector_38
                0x00000176                __vector_22
                0x00000176                __vector_63
                0x00000176                __vector_28
                0x00000176                __vector_67
                0x00000176                __vector_1
                0x00000176                __vector_75
                0x00000176                __vector_71
                0x00000176                __vector_62
                0x00000176                __vector_24
                0x00000176                __vector_12
                0x00000176                __vector_55
                0x00000176                __vector_69
                0x00000176                __vector_46
                0x00000176                __bad_interrupt
                0x00000176                __vector_72
                0x00000176                __vector_6
                0x00000176                __vector_31
                0x00000176                __vector_74
                0x00000176                __vector_39
                0x00000176                __vector_3
                0x00000176                __vector_23
                0x00000176                __vector_68
                0x00000176                __vector_30
                0x00000176                __vector_73
                0x00000176                __vector_25
                0x00000176                __vector_61
                0x00000176                __vector_11
                0x00000176                __vector_54
                0x00000176                __vector_13
                0x00000176                __vector_56
                0x00000176                __vector_7
                0x00000176                __vector_41
                0x00000176                __vector_64
                0x00000176                __vector_27
                0x00000176                __vector_5
                0x00000176                __vector_76
                0x00000176                __vector_52
                0x00000176                __vector_37
                0x00000176                __vector_4
                0x00000176                __vector_51
                0x00000176                __vector_9
                0x00000176                __vector_2
                0x00000176                __vector_21
                0x00000176                __vector_15
                0x00000176                __vector_66
                0x00000176                __vector_58
                0x00000176                __vector_70
                0x00000176                __vector_29
                0x00000176                __vector_60
                0x00000176                __vector_40
                0x00000176                __vector_8
                0x00000176                __vector_26
                0x00000176                __vector_14
                0x00000176                __vector_57
                0x00000176                __vector_53
                0x00000176                __vector_10
                0x00000176                __vector_16
                0x00000176                __vector_59
                0x00000176                __vector_65
 .text          0x00000178      0x216 ../src/ASF/thirdparty/wireless/services/common_hw_timer/mega/lib\libmegarfr2_lib_hw_timer.a(common_hw_timer.o)
                0x00000178                common_tc_read_count
                0x000001c8                common_tc_compare_stop
                0x000001ec                common_tc_overflow_stop
                0x000001f6                common_tc_stop
                0x000001fe                common_tc_delay
                0x000002e8                common_tc_init
                0x000002f6                tmr_ovf_callback
                0x00000366                tmr_cca_callback
                0x0000037a                set_common_tc_overflow_callback
                0x00000384                set_common_tc_expiry_callback
                0x0000038e                . = ALIGN (0x2)
 *(.text.*)
 .text.sysclk_init
                0x0000038e       0x36 src/ASF/common/services/clock/mega/sysclk.o
                0x0000038e                sysclk_init
 .text.sysclk_enable_module
                0x000003c4       0x30 src/ASF/common/services/clock/mega/sysclk.o
                0x000003c4                sysclk_enable_module
 .text.sysclk_disable_module
                0x000003f4       0x2e src/ASF/common/services/clock/mega/sysclk.o
                0x000003f4                sysclk_disable_module
 .text.usart_serial_write_packet
                0x00000422       0x34 src/ASF/common/services/serial/usart_serial.o
                0x00000422                usart_serial_write_packet
 .text.usart_serial_read_packet
                0x00000456       0x34 src/ASF/common/services/serial/usart_serial.o
                0x00000456                usart_serial_read_packet
 .text._read    0x0000048a       0x32 src/ASF/common/utils/stdio/read.o
                0x0000048a                _read
 .text._write   0x000004bc       0x24 src/ASF/common/utils/stdio/write.o
                0x000004bc                _write
 .text.board_init
                0x000004e0        0xa src/ASF/mega/boards/atmega256rfr2_xplained_pro/init.o
                0x000004e0                board_init
 .text.usart_putchar
                0x000004ea        0xe src/ASF/mega/drivers/usart/usart_megarf.o
                0x000004ea                usart_putchar
 .text.usart_getchar
                0x000004f8        0xc src/ASF/mega/drivers/usart/usart_megarf.o
                0x000004f8                usart_getchar
 .text.usart_set_baudrate
                0x00000504      0x116 src/ASF/mega/drivers/usart/usart_megarf.o
                0x00000504                usart_set_baudrate
 .text.usart_init_rs232
                0x0000061a       0x92 src/ASF/mega/drivers/usart/usart_megarf.o
                0x0000061a                usart_init_rs232
 .text.usart_serial_getchar
                0x000006ac       0x10 src/ASF/thirdparty/wireless/addons/sio2host/uart/sio2host.o
 .text.usart_serial_putchar
                0x000006bc        0x4 src/ASF/thirdparty/wireless/addons/sio2host/uart/sio2host.o
 .text.sio2host_init
                0x000006c0       0x92 src/ASF/thirdparty/wireless/addons/sio2host/uart/sio2host.o
                0x000006c0                sio2host_init
 .text.sio2host_tx
                0x00000752       0x2e src/ASF/thirdparty/wireless/addons/sio2host/uart/sio2host.o
                0x00000752                sio2host_tx
 .text.sio2host_rx
                0x00000780       0x7e src/ASF/thirdparty/wireless/addons/sio2host/uart/sio2host.o
                0x00000780                sio2host_rx
 .text.sio2host_putchar
                0x000007fe       0x1c src/ASF/thirdparty/wireless/addons/sio2host/uart/sio2host.o
                0x000007fe                sio2host_putchar
 .text.__vector_36
                0x0000081a       0x90 src/ASF/thirdparty/wireless/addons/sio2host/uart/sio2host.o
                0x0000081a                __vector_36
 .text.NWK_Init
                0x000008aa       0x30 src/ASF/thirdparty/wireless/avr2130_lwmesh/source/nwk/src/nwk.o
                0x000008aa                NWK_Init
 .text.NWK_SetAddr
                0x000008da        0xe src/ASF/thirdparty/wireless/avr2130_lwmesh/source/nwk/src/nwk.o
                0x000008da                NWK_SetAddr
 .text.NWK_SetPanId
                0x000008e8        0xe src/ASF/thirdparty/wireless/avr2130_lwmesh/source/nwk/src/nwk.o
                0x000008e8                NWK_SetPanId
 .text.NWK_OpenEndpoint
                0x000008f6       0x12 src/ASF/thirdparty/wireless/avr2130_lwmesh/source/nwk/src/nwk.o
                0x000008f6                NWK_OpenEndpoint
 .text.NWK_TaskHandler
                0x00000908        0xc src/ASF/thirdparty/wireless/avr2130_lwmesh/source/nwk/src/nwk.o
                0x00000908                NWK_TaskHandler
 .text.nwkDataReqTxConf
                0x00000914       0x46 src/ASF/thirdparty/wireless/avr2130_lwmesh/source/nwk/src/nwkDataReq.o
 .text.nwkDataReqInit
                0x0000095a        0xa src/ASF/thirdparty/wireless/avr2130_lwmesh/source/nwk/src/nwkDataReq.o
                0x0000095a                nwkDataReqInit
 .text.NWK_DataReq
                0x00000964       0x48 src/ASF/thirdparty/wireless/avr2130_lwmesh/source/nwk/src/nwkDataReq.o
                0x00000964                NWK_DataReq
 .text.nwkDataReqTaskHandler
                0x000009ac      0x156 src/ASF/thirdparty/wireless/avr2130_lwmesh/source/nwk/src/nwkDataReq.o
                0x000009ac                nwkDataReqTaskHandler
 .text.nwkFrameInit
                0x00000b02        0xe src/ASF/thirdparty/wireless/avr2130_lwmesh/source/nwk/src/nwkFrame.o
                0x00000b02                nwkFrameInit
 .text.nwkFrameAlloc
                0x00000b10       0x6c src/ASF/thirdparty/wireless/avr2130_lwmesh/source/nwk/src/nwkFrame.o
                0x00000b10                nwkFrameAlloc
 .text.nwkFrameFree
                0x00000b7c       0x14 src/ASF/thirdparty/wireless/avr2130_lwmesh/source/nwk/src/nwkFrame.o
                0x00000b7c                nwkFrameFree
 .text.nwkFrameNext
                0x00000b90       0x4a src/ASF/thirdparty/wireless/avr2130_lwmesh/source/nwk/src/nwkFrame.o
                0x00000b90                nwkFrameNext
 .text.nwkFrameCommandInit
                0x00000bda       0x28 src/ASF/thirdparty/wireless/avr2130_lwmesh/source/nwk/src/nwkFrame.o
                0x00000bda                nwkFrameCommandInit
 .text.nwkRouteInit
                0x00000c02       0x40 src/ASF/thirdparty/wireless/avr2130_lwmesh/source/nwk/src/nwkRoute.o
                0x00000c02                nwkRouteInit
 .text.NWK_RouteFindEntry
                0x00000c42       0x64 src/ASF/thirdparty/wireless/avr2130_lwmesh/source/nwk/src/nwkRoute.o
                0x00000c42                NWK_RouteFindEntry
 .text.NWK_RouteNewEntry
                0x00000ca6       0x44 src/ASF/thirdparty/wireless/avr2130_lwmesh/source/nwk/src/nwkRoute.o
                0x00000ca6                NWK_RouteNewEntry
 .text.NWK_RouteFreeEntry
                0x00000cea       0x14 src/ASF/thirdparty/wireless/avr2130_lwmesh/source/nwk/src/nwkRoute.o
                0x00000cea                NWK_RouteFreeEntry
 .text.NWK_RouteNextHop
                0x00000cfe       0x14 src/ASF/thirdparty/wireless/avr2130_lwmesh/source/nwk/src/nwkRoute.o
                0x00000cfe                NWK_RouteNextHop
 .text.nwkRouteRemove
                0x00000d12        0xa src/ASF/thirdparty/wireless/avr2130_lwmesh/source/nwk/src/nwkRoute.o
                0x00000d12                nwkRouteRemove
 .text.nwkRouteFrameReceived
                0x00000d1c       0x9e src/ASF/thirdparty/wireless/avr2130_lwmesh/source/nwk/src/nwkRoute.o
                0x00000d1c                nwkRouteFrameReceived
 .text.nwkRouteFrameSent
                0x00000dba       0x8e src/ASF/thirdparty/wireless/avr2130_lwmesh/source/nwk/src/nwkRoute.o
                0x00000dba                nwkRouteFrameSent
 .text.nwkRoutePrepareTx
                0x00000e48       0x3e src/ASF/thirdparty/wireless/avr2130_lwmesh/source/nwk/src/nwkRoute.o
                0x00000e48                nwkRoutePrepareTx
 .text.nwkRouteFrame
                0x00000e86       0x98 src/ASF/thirdparty/wireless/avr2130_lwmesh/source/nwk/src/nwkRoute.o
                0x00000e86                nwkRouteFrame
 .text.nwkRouteErrorReceived
                0x00000f1e       0x1e src/ASF/thirdparty/wireless/avr2130_lwmesh/source/nwk/src/nwkRoute.o
                0x00000f1e                nwkRouteErrorReceived
 .text.nwkRxSeriveDataInd
                0x00000f3c       0x30 src/ASF/thirdparty/wireless/avr2130_lwmesh/source/nwk/src/nwkRx.o
 .text.nwkRxDuplicateRejectionTimerHandler
                0x00000f6c       0x2e src/ASF/thirdparty/wireless/avr2130_lwmesh/source/nwk/src/nwkRx.o
 .text.nwkRxInit
                0x00000f9a       0x3a src/ASF/thirdparty/wireless/avr2130_lwmesh/source/nwk/src/nwkRx.o
                0x00000f9a                nwkRxInit
 .text.PHY_DataInd
                0x00000fd4       0x56 src/ASF/thirdparty/wireless/avr2130_lwmesh/source/nwk/src/nwkRx.o
                0x00000fd4                PHY_DataInd
 .text.nwkRxDecryptConf
                0x0000102a       0x14 src/ASF/thirdparty/wireless/avr2130_lwmesh/source/nwk/src/nwkRx.o
                0x0000102a                nwkRxDecryptConf
 .text.nwkRxTaskHandler
                0x0000103e      0x4a2 src/ASF/thirdparty/wireless/avr2130_lwmesh/source/nwk/src/nwkRx.o
                0x0000103e                nwkRxTaskHandler
 .text.nwkSecurityInit
                0x000014e0        0xe src/ASF/thirdparty/wireless/avr2130_lwmesh/source/nwk/src/nwkSecurity.o
                0x000014e0                nwkSecurityInit
 .text.nwkSecurityProcess
                0x000014ee       0x1e src/ASF/thirdparty/wireless/avr2130_lwmesh/source/nwk/src/nwkSecurity.o
                0x000014ee                nwkSecurityProcess
 .text.SYS_EncryptConf
                0x0000150c       0x82 src/ASF/thirdparty/wireless/avr2130_lwmesh/source/nwk/src/nwkSecurity.o
                0x0000150c                SYS_EncryptConf
 .text.nwkSecurityTaskHandler
                0x0000158e      0x1de src/ASF/thirdparty/wireless/avr2130_lwmesh/source/nwk/src/nwkSecurity.o
                0x0000158e                nwkSecurityTaskHandler
 .text.nwkTxDelayTimerHandler
                0x0000176c       0x58 src/ASF/thirdparty/wireless/avr2130_lwmesh/source/nwk/src/nwkTx.o
 .text.nwkTxAckWaitTimerHandler
                0x000017c4       0x64 src/ASF/thirdparty/wireless/avr2130_lwmesh/source/nwk/src/nwkTx.o
 .text.nwkTxInit
                0x00001828       0x46 src/ASF/thirdparty/wireless/avr2130_lwmesh/source/nwk/src/nwkTx.o
                0x00001828                nwkTxInit
 .text.nwkTxFrame
                0x0000186e       0xaa src/ASF/thirdparty/wireless/avr2130_lwmesh/source/nwk/src/nwkTx.o
                0x0000186e                nwkTxFrame
 .text.nwkTxBroadcastFrame
                0x00001918       0x8a src/ASF/thirdparty/wireless/avr2130_lwmesh/source/nwk/src/nwkTx.o
                0x00001918                nwkTxBroadcastFrame
 .text.nwkTxAckReceived
                0x000019a2       0x4a src/ASF/thirdparty/wireless/avr2130_lwmesh/source/nwk/src/nwkTx.o
                0x000019a2                nwkTxAckReceived
 .text.nwkTxEncryptConf
                0x000019ec        0x8 src/ASF/thirdparty/wireless/avr2130_lwmesh/source/nwk/src/nwkTx.o
                0x000019ec                nwkTxEncryptConf
 .text.PHY_DataConf
                0x000019f4       0x46 src/ASF/thirdparty/wireless/avr2130_lwmesh/source/nwk/src/nwkTx.o
                0x000019f4                PHY_DataConf
 .text.nwkTxTaskHandler
                0x00001a3a      0x140 src/ASF/thirdparty/wireless/avr2130_lwmesh/source/nwk/src/nwkTx.o
                0x00001a3a                nwkTxTaskHandler
 .text.phySetChannel
                0x00001b7a       0x3c src/ASF/thirdparty/wireless/avr2130_lwmesh/source/phy/atmegarfr2/src/phy.o
 .text.phyTrxSetState
                0x00001bb6       0x28 src/ASF/thirdparty/wireless/avr2130_lwmesh/source/phy/atmegarfr2/src/phy.o
 .text.phySetRxState
                0x00001bde       0x18 src/ASF/thirdparty/wireless/avr2130_lwmesh/source/phy/atmegarfr2/src/phy.o
 .text.PHY_Init
                0x00001bf6       0x36 src/ASF/thirdparty/wireless/avr2130_lwmesh/source/phy/atmegarfr2/src/phy.o
                0x00001bf6                PHY_Init
 .text.PHY_SetRxState
                0x00001c2c        0x8 src/ASF/thirdparty/wireless/avr2130_lwmesh/source/phy/atmegarfr2/src/phy.o
                0x00001c2c                PHY_SetRxState
 .text.PHY_SetChannel
                0x00001c34        0x8 src/ASF/thirdparty/wireless/avr2130_lwmesh/source/phy/atmegarfr2/src/phy.o
                0x00001c34                PHY_SetChannel
 .text.PHY_SetPanId
                0x00001c3c       0x24 src/ASF/thirdparty/wireless/avr2130_lwmesh/source/phy/atmegarfr2/src/phy.o
                0x00001c3c                PHY_SetPanId
 .text.PHY_SetShortAddr
                0x00001c60       0x2e src/ASF/thirdparty/wireless/avr2130_lwmesh/source/phy/atmegarfr2/src/phy.o
                0x00001c60                PHY_SetShortAddr
 .text.PHY_DataReq
                0x00001c8e       0x50 src/ASF/thirdparty/wireless/avr2130_lwmesh/source/phy/atmegarfr2/src/phy.o
                0x00001c8e                PHY_DataReq
 .text.PHY_EncryptReq
                0x00001cde       0x1c src/ASF/thirdparty/wireless/avr2130_lwmesh/source/phy/atmegarfr2/src/phy.o
                0x00001cde                PHY_EncryptReq
 .text.PHY_TaskHandler
                0x00001cfa       0xf6 src/ASF/thirdparty/wireless/avr2130_lwmesh/source/phy/atmegarfr2/src/phy.o
                0x00001cfa                PHY_TaskHandler
 .text.SYS_Init
                0x00001df0        0xc src/ASF/thirdparty/wireless/avr2130_lwmesh/source/sys/src/sys.o
                0x00001df0                SYS_Init
 .text.SYS_TaskHandler
                0x00001dfc        0xa src/ASF/thirdparty/wireless/avr2130_lwmesh/source/sys/src/sys.o
                0x00001dfc                SYS_TaskHandler
 .text.SYS_EncryptReq
                0x00001e06        0x6 src/ASF/thirdparty/wireless/avr2130_lwmesh/source/sys/src/sysEncrypt.o
                0x00001e06                SYS_EncryptReq
 .text.placeTimer
                0x00001e0c       0xc8 src/ASF/thirdparty/wireless/avr2130_lwmesh/source/sys/src/sysTimer.o
 .text.SYS_HwExpiry_Cb
                0x00001ed4       0x14 src/ASF/thirdparty/wireless/avr2130_lwmesh/source/sys/src/sysTimer.o
                0x00001ed4                SYS_HwExpiry_Cb
 .text.SYS_TimerInit
                0x00001ee8       0x22 src/ASF/thirdparty/wireless/avr2130_lwmesh/source/sys/src/sysTimer.o
                0x00001ee8                SYS_TimerInit
 .text.SYS_TimerStop
                0x00001f0a       0x7a src/ASF/thirdparty/wireless/avr2130_lwmesh/source/sys/src/sysTimer.o
                0x00001f0a                SYS_TimerStop
 .text.SYS_TimerStarted
                0x00001f84       0x34 src/ASF/thirdparty/wireless/avr2130_lwmesh/source/sys/src/sysTimer.o
                0x00001f84                SYS_TimerStarted
 .text.SYS_TimerStart
                0x00001fb8       0x16 src/ASF/thirdparty/wireless/avr2130_lwmesh/source/sys/src/sysTimer.o
                0x00001fb8                SYS_TimerStart
 .text.SYS_TimerTaskHandler
                0x00001fce       0xda src/ASF/thirdparty/wireless/avr2130_lwmesh/source/sys/src/sysTimer.o
                0x00001fce                SYS_TimerTaskHandler
 .text.tc_ovf_callback
                0x000020a8        0x6 src/ASF/thirdparty/wireless/services/common_hw_timer/mega/hw_timer.o
                0x000020a8                tc_ovf_callback
 .text.tc_cca_callback
                0x000020ae        0x6 src/ASF/thirdparty/wireless/services/common_hw_timer/mega/hw_timer.o
                0x000020ae                tc_cca_callback
 .text.tmr_read_count
                0x000020b4        0xa src/ASF/thirdparty/wireless/services/common_hw_timer/mega/hw_timer.o
                0x000020b4                tmr_read_count
 .text.tmr_disable_cc_interrupt
                0x000020be        0xe src/ASF/thirdparty/wireless/services/common_hw_timer/mega/hw_timer.o
                0x000020be                tmr_disable_cc_interrupt
 .text.tmr_enable_cc_interrupt
                0x000020cc        0xe src/ASF/thirdparty/wireless/services/common_hw_timer/mega/hw_timer.o
                0x000020cc                tmr_enable_cc_interrupt
 .text.tmr_disable_ovf_interrupt
                0x000020da        0xe src/ASF/thirdparty/wireless/services/common_hw_timer/mega/hw_timer.o
                0x000020da                tmr_disable_ovf_interrupt
 .text.tmr_stop
                0x000020e8        0x8 src/ASF/thirdparty/wireless/services/common_hw_timer/mega/hw_timer.o
                0x000020e8                tmr_stop
 .text.tmr_write_cmpreg
                0x000020f0       0x16 src/ASF/thirdparty/wireless/services/common_hw_timer/mega/hw_timer.o
                0x000020f0                tmr_write_cmpreg
 .text.save_cpu_interrupt
                0x00002106       0x1a src/ASF/thirdparty/wireless/services/common_hw_timer/mega/hw_timer.o
                0x00002106                save_cpu_interrupt
 .text.restore_cpu_interrupt
                0x00002120        0x4 src/ASF/thirdparty/wireless/services/common_hw_timer/mega/hw_timer.o
                0x00002120                restore_cpu_interrupt
 .text.tmr_init
                0x00002124       0x40 src/ASF/thirdparty/wireless/services/common_hw_timer/mega/hw_timer.o
                0x00002124                tmr_init
 .text.__vector_20
                0x00002164       0x5a src/ASF/thirdparty/wireless/services/mega/drivers/tc/tc_megarf.o
                0x00002164                __vector_20
 .text.__vector_17
                0x000021be       0x5a src/ASF/thirdparty/wireless/services/mega/drivers/tc/tc_megarf.o
                0x000021be                __vector_17
 .text.__vector_18
                0x00002218       0x5a src/ASF/thirdparty/wireless/services/mega/drivers/tc/tc_megarf.o
                0x00002218                __vector_18
 .text.__vector_19
                0x00002272       0x5a src/ASF/thirdparty/wireless/services/mega/drivers/tc/tc_megarf.o
                0x00002272                __vector_19
 .text.__vector_35
                0x000022cc       0x5a src/ASF/thirdparty/wireless/services/mega/drivers/tc/tc_megarf.o
                0x000022cc                __vector_35
 .text.__vector_32
                0x00002326       0x5a src/ASF/thirdparty/wireless/services/mega/drivers/tc/tc_megarf.o
                0x00002326                __vector_32
 .text.__vector_33
                0x00002380       0x5a src/ASF/thirdparty/wireless/services/mega/drivers/tc/tc_megarf.o
                0x00002380                __vector_33
 .text.__vector_34
                0x000023da       0x5a src/ASF/thirdparty/wireless/services/mega/drivers/tc/tc_megarf.o
                0x000023da                __vector_34
 .text.__vector_45
                0x00002434       0x5a src/ASF/thirdparty/wireless/services/mega/drivers/tc/tc_megarf.o
                0x00002434                __vector_45
 .text.__vector_42
                0x0000248e       0x5a src/ASF/thirdparty/wireless/services/mega/drivers/tc/tc_megarf.o
                0x0000248e                __vector_42
 .text.__vector_43
                0x000024e8       0x5a src/ASF/thirdparty/wireless/services/mega/drivers/tc/tc_megarf.o
                0x000024e8                __vector_43
 .text.__vector_44
                0x00002542       0x5a src/ASF/thirdparty/wireless/services/mega/drivers/tc/tc_megarf.o
                0x00002542                __vector_44
 .text.__vector_50
                0x0000259c       0x5a src/ASF/thirdparty/wireless/services/mega/drivers/tc/tc_megarf.o
                0x0000259c                __vector_50
 .text.__vector_47
                0x000025f6       0x5a src/ASF/thirdparty/wireless/services/mega/drivers/tc/tc_megarf.o
                0x000025f6                __vector_47
 .text.__vector_48
                0x00002650       0x5a src/ASF/thirdparty/wireless/services/mega/drivers/tc/tc_megarf.o
                0x00002650                __vector_48
 .text.__vector_49
                0x000026aa       0x5a src/ASF/thirdparty/wireless/services/mega/drivers/tc/tc_megarf.o
                0x000026aa                __vector_49
 .text.tc_enable
                0x00002704       0xee src/ASF/thirdparty/wireless/services/mega/drivers/tc/tc_megarf.o
                0x00002704                tc_enable
 .text.tc_disable
                0x000027f2       0xee src/ASF/thirdparty/wireless/services/mega/drivers/tc/tc_megarf.o
                0x000027f2                tc_disable
 .text.tc_set_overflow_interrupt_callback
                0x000028e0       0x40 src/ASF/thirdparty/wireless/services/mega/drivers/tc/tc_megarf.o
                0x000028e0                tc_set_overflow_interrupt_callback
 .text.tc_set_compa_interrupt_callback
                0x00002920       0x40 src/ASF/thirdparty/wireless/services/mega/drivers/tc/tc_megarf.o
                0x00002920                tc_set_compa_interrupt_callback
 .text.sal_init
                0x00002960        0x2 src/ASF/thirdparty/wireless/services/sal/atmegarf_sal/src/sal.o
                0x00002960                sal_init
 .text.sal_aes_exec
                0x00002962       0x2c src/ASF/thirdparty/wireless/services/sal/atmegarf_sal/src/sal.o
                0x00002962                sal_aes_exec
 .text.sal_aes_setup
                0x0000298e      0x11c src/ASF/thirdparty/wireless/services/sal/atmegarf_sal/src/sal.o
                0x0000298e                sal_aes_setup
 .text.sal_aes_read
                0x00002aaa       0x18 src/ASF/thirdparty/wireless/services/sal/atmegarf_sal/src/sal.o
                0x00002aaa                sal_aes_read
 .text.appDataConf
                0x00002ac2        0x6 src/Peer2Peer.o
 .text.appDataInd
                0x00002ac8       0x40 src/Peer2Peer.o
 .text.appSendData
                0x00002b08       0x6c src/Peer2Peer.o
 .text.appTimerHandler
                0x00002b74       0x10 src/Peer2Peer.o
 .text.main     0x00002b84      0x14c src/Peer2Peer.o
                0x00002b84                main
 .text.libgcc.mul
                0x00002cd0       0x1e c:/program files (x86)/atmel/studio/7.0/toolchain/avr8/avr8-gnu-toolchain/bin/../lib/gcc/avr/5.4.0/avr6\libgcc.a(_mulsi3.o)
                0x00002cd0                __mulsi3
 .text.libgcc.div
                0x00002cee       0x28 c:/program files (x86)/atmel/studio/7.0/toolchain/avr8/avr8-gnu-toolchain/bin/../lib/gcc/avr/5.4.0/avr6\libgcc.a(_udivmodhi4.o)
                0x00002cee                __udivmodhi4
 .text.libgcc.div
                0x00002d16       0x44 c:/program files (x86)/atmel/studio/7.0/toolchain/avr8/avr8-gnu-toolchain/bin/../lib/gcc/avr/5.4.0/avr6\libgcc.a(_udivmodsi4.o)
                0x00002d16                __udivmodsi4
 .text.libgcc.mul
                0x00002d5a       0x14 c:/program files (x86)/atmel/studio/7.0/toolchain/avr8/avr8-gnu-toolchain/bin/../lib/gcc/avr/5.4.0/avr6\libgcc.a(_muluhisi3.o)
                0x00002d5a                __muluhisi3
 .text.libgcc.mul
                0x00002d6e       0x1e c:/program files (x86)/atmel/studio/7.0/toolchain/avr8/avr8-gnu-toolchain/bin/../lib/gcc/avr/5.4.0/avr6\libgcc.a(_umulhisi3.o)
                0x00002d6e                __umulhisi3
 .text.avr-libc
                0x00002d8c       0xaa c:/program files (x86)/atmel/studio/7.0/toolchain/avr8/avr8-gnu-toolchain/bin/../lib/gcc/avr/5.4.0/../../../../avr/lib/avr6\libc.a(rand.o)
                0x00002e18                rand_r
                0x00002e1a                rand
                0x00002e20                srand
 .text.avr-libc
                0x00002e36       0x12 c:/program files (x86)/atmel/studio/7.0/toolchain/avr8/avr8-gnu-toolchain/bin/../lib/gcc/avr/5.4.0/../../../../avr/lib/avr6\libc.a(memcpy.o)
                0x00002e36                memcpy
 .text.avr-libc
                0x00002e48       0x94 c:/program files (x86)/atmel/studio/7.0/toolchain/avr8/avr8-gnu-toolchain/bin/../lib/gcc/avr/5.4.0/../../../../avr/lib/avr6\libc.a(fdevopen.o)
                0x00002e48                fdevopen
 .text.avr-libc
                0x00002edc       0x34 c:/program files (x86)/atmel/studio/7.0/toolchain/avr8/avr8-gnu-toolchain/bin/../lib/gcc/avr/5.4.0/../../../../avr/lib/avr6\libc.a(calloc.o)
                0x00002edc                calloc
 .text.avr-libc
                0x00002f10      0x242 c:/program files (x86)/atmel/studio/7.0/toolchain/avr8/avr8-gnu-toolchain/bin/../lib/gcc/avr/5.4.0/../../../../avr/lib/avr6\libc.a(malloc.o)
                0x00002f10                malloc
                0x00003040                free
 .text.avr-libc
                0x00003152        0xe c:/program files (x86)/atmel/studio/7.0/toolchain/avr8/avr8-gnu-toolchain/bin/../lib/gcc/avr/5.4.0/../../../../avr/lib/avr6\libc.a(memset.o)
                0x00003152                memset
 .text.libgcc.div
                0x00003160       0x28 c:/program files (x86)/atmel/studio/7.0/toolchain/avr8/avr8-gnu-toolchain/bin/../lib/gcc/avr/5.4.0/avr6\libgcc.a(_divmodsi4.o)
                0x00003160                __divmodsi4
 .text.libgcc.div
                0x00003188       0x10 c:/program files (x86)/atmel/studio/7.0/toolchain/avr8/avr8-gnu-toolchain/bin/../lib/gcc/avr/5.4.0/avr6\libgcc.a(_negsi2.o)
                0x00003188                __negsi2
 .text.libgcc.mul
                0x00003198        0xc c:/program files (x86)/atmel/studio/7.0/toolchain/avr8/avr8-gnu-toolchain/bin/../lib/gcc/avr/5.4.0/avr6\libgcc.a(_mulshisi3.o)
                0x00003198                __mulshisi3
                0x0000319c                __mulohisi3
                0x000031a4                . = ALIGN (0x2)
 *(.fini9)
 .fini9         0x000031a4        0x0 c:/program files (x86)/atmel/studio/7.0/toolchain/avr8/avr8-gnu-toolchain/bin/../lib/gcc/avr/5.4.0/avr6\libgcc.a(_exit.o)
                0x000031a4                _exit
                0x000031a4                exit
 *(.fini9)
 *(.fini8)
 *(.fini8)
 *(.fini7)
 *(.fini7)
 *(.fini6)
 *(.fini6)
 *(.fini5)
 *(.fini5)
 *(.fini4)
 *(.fini4)
 *(.fini3)
 *(.fini3)
 *(.fini2)
 *(.fini2)
 *(.fini1)
 *(.fini1)
 *(.fini0)
 .fini0         0x000031a4        0x4 c:/program files (x86)/atmel/studio/7.0/toolchain/avr8/avr8-gnu-toolchain/bin/../lib/gcc/avr/5.4.0/avr6\libgcc.a(_exit.o)
 *(.fini0)
                0x000031a8                _etext = .

.data           0x00800200       0x32 load address 0x000031a8
                0x00800200                PROVIDE (__data_start, .)
 *(.data)
 .data          0x00800200        0x4 c:/program files (x86)/atmel/studio/7.0/toolchain/avr8/avr8-gnu-toolchain/bin/../lib/gcc/avr/5.4.0/../../../../avr/lib/avr6\libc.a(rand.o)
 .data          0x00800204        0x6 c:/program files (x86)/atmel/studio/7.0/toolchain/avr8/avr8-gnu-toolchain/bin/../lib/gcc/avr/5.4.0/../../../../avr/lib/avr6\libc.a(malloc.o)
                0x00800204                __malloc_heap_end
                0x00800206                __malloc_heap_start
                0x00800208                __malloc_margin
 *(.data*)
 .data.usart_serial_options
                0x0080020a        0x7 src/ASF/thirdparty/wireless/addons/sio2host/uart/sio2host.o
 .data.last_dir
                0x00800211        0x1 src/ASF/thirdparty/wireless/services/sal/atmegarf_sal/src/sal.o
 .data.dstAddrPrev
                0x00800212        0x2 src/Peer2Peer.o
                0x00800212                dstAddrPrev
 .data.appTempBuffer
                0x00800214       0x1d src/Peer2Peer.o
 *(.gnu.linkonce.d*)
 *(.rodata)
 *(.rodata*)
 *(.gnu.linkonce.r*)
                0x00800232                . = ALIGN (0x2)
 *fill*         0x00800231        0x1 
                0x00800232                _edata = .
                0x00800232                PROVIDE (__data_end, .)

.bss            0x00800232      0x7fa
                0x00800232                PROVIDE (__bss_start, .)
 *(.bss)
 .bss           0x00800232        0xb ../src/ASF/thirdparty/wireless/services/common_hw_timer/mega/lib\libmegarfr2_lib_hw_timer.a(common_hw_timer.o)
 *(.bss*)
 .bss.serial_rx_count
                0x0080023d        0x1 src/ASF/thirdparty/wireless/addons/sio2host/uart/sio2host.o
 .bss.serial_rx_buf_tail
                0x0080023e        0x1 src/ASF/thirdparty/wireless/addons/sio2host/uart/sio2host.o
 .bss.serial_rx_buf_head
                0x0080023f        0x1 src/ASF/thirdparty/wireless/addons/sio2host/uart/sio2host.o
 .bss.serial_rx_buf
                0x00800240       0x9c src/ASF/thirdparty/wireless/addons/sio2host/uart/sio2host.o
 .bss.nwkDataReqQueue
                0x008002dc        0x2 src/ASF/thirdparty/wireless/avr2130_lwmesh/source/nwk/src/nwkDataReq.o
 .bss.nwkFrameFrames
                0x008002de      0x19b src/ASF/thirdparty/wireless/avr2130_lwmesh/source/nwk/src/nwkFrame.o
 .bss.nwkRouteTable
                0x00800479      0x2bc src/ASF/thirdparty/wireless/avr2130_lwmesh/source/nwk/src/nwkRoute.o
 .bss.nwkRxDuplicateRejectionTimer
                0x00800735        0xd src/ASF/thirdparty/wireless/avr2130_lwmesh/source/nwk/src/nwkRx.o
 .bss.nwkRxAckControl
                0x00800742        0x1 src/ASF/thirdparty/wireless/avr2130_lwmesh/source/nwk/src/nwkRx.o
 .bss.nwkRxDuplicateRejectionTable
                0x00800743       0x32 src/ASF/thirdparty/wireless/avr2130_lwmesh/source/nwk/src/nwkRx.o
 .bss.nwkSecurityVector
                0x00800775       0x10 src/ASF/thirdparty/wireless/avr2130_lwmesh/source/nwk/src/nwkSecurity.o
 .bss.nwkSecurityEncrypt
                0x00800785        0x1 src/ASF/thirdparty/wireless/avr2130_lwmesh/source/nwk/src/nwkSecurity.o
 .bss.nwkSecurityOffset
                0x00800786        0x1 src/ASF/thirdparty/wireless/avr2130_lwmesh/source/nwk/src/nwkSecurity.o
 .bss.nwkSecuritySize
                0x00800787        0x1 src/ASF/thirdparty/wireless/avr2130_lwmesh/source/nwk/src/nwkSecurity.o
 .bss.nwkSecurityActiveFrame
                0x00800788        0x2 src/ASF/thirdparty/wireless/avr2130_lwmesh/source/nwk/src/nwkSecurity.o
 .bss.nwkSecurityActiveFrames
                0x0080078a        0x1 src/ASF/thirdparty/wireless/avr2130_lwmesh/source/nwk/src/nwkSecurity.o
 .bss.nwkTxDelayTimer
                0x0080078b        0xd src/ASF/thirdparty/wireless/avr2130_lwmesh/source/nwk/src/nwkTx.o
 .bss.nwkTxAckWaitTimer
                0x00800798        0xd src/ASF/thirdparty/wireless/avr2130_lwmesh/source/nwk/src/nwkTx.o
 .bss.nwkTxPhyActiveFrame
                0x008007a5        0x2 src/ASF/thirdparty/wireless/avr2130_lwmesh/source/nwk/src/nwkTx.o
 .bss.phyBand   0x008007a7        0x1 src/ASF/thirdparty/wireless/avr2130_lwmesh/source/phy/atmegarfr2/src/phy.o
 .bss.phyChannel
                0x008007a8        0x1 src/ASF/thirdparty/wireless/avr2130_lwmesh/source/phy/atmegarfr2/src/phy.o
 .bss.phyRxState
                0x008007a9        0x1 src/ASF/thirdparty/wireless/avr2130_lwmesh/source/phy/atmegarfr2/src/phy.o
 .bss.phyRxBuffer
                0x008007aa       0x80 src/ASF/thirdparty/wireless/avr2130_lwmesh/source/phy/atmegarfr2/src/phy.o
 .bss.phyState  0x0080082a        0x1 src/ASF/thirdparty/wireless/avr2130_lwmesh/source/phy/atmegarfr2/src/phy.o
 .bss.timers    0x0080082b        0x2 src/ASF/thirdparty/wireless/avr2130_lwmesh/source/sys/src/sysTimer.o
 .bss.tc_tccr5_compc_callback
                0x0080082d        0x2 src/ASF/thirdparty/wireless/services/mega/drivers/tc/tc_megarf.o
 .bss.tc_tccr5_compb_callback
                0x0080082f        0x2 src/ASF/thirdparty/wireless/services/mega/drivers/tc/tc_megarf.o
 .bss.tc_tccr5_compa_callback
                0x00800831        0x2 src/ASF/thirdparty/wireless/services/mega/drivers/tc/tc_megarf.o
 .bss.tc_tccr5_ovf_callback
                0x00800833        0x2 src/ASF/thirdparty/wireless/services/mega/drivers/tc/tc_megarf.o
 .bss.tc_tccr4_compc_callback
                0x00800835        0x2 src/ASF/thirdparty/wireless/services/mega/drivers/tc/tc_megarf.o
 .bss.tc_tccr4_compb_callback
                0x00800837        0x2 src/ASF/thirdparty/wireless/services/mega/drivers/tc/tc_megarf.o
 .bss.tc_tccr4_compa_callback
                0x00800839        0x2 src/ASF/thirdparty/wireless/services/mega/drivers/tc/tc_megarf.o
 .bss.tc_tccr4_ovf_callback
                0x0080083b        0x2 src/ASF/thirdparty/wireless/services/mega/drivers/tc/tc_megarf.o
 .bss.tc_tccr3_compc_callback
                0x0080083d        0x2 src/ASF/thirdparty/wireless/services/mega/drivers/tc/tc_megarf.o
 .bss.tc_tccr3_compb_callback
                0x0080083f        0x2 src/ASF/thirdparty/wireless/services/mega/drivers/tc/tc_megarf.o
 .bss.tc_tccr3_compa_callback
                0x00800841        0x2 src/ASF/thirdparty/wireless/services/mega/drivers/tc/tc_megarf.o
 .bss.tc_tccr3_ovf_callback
                0x00800843        0x2 src/ASF/thirdparty/wireless/services/mega/drivers/tc/tc_megarf.o
 .bss.tc_tccr1_compc_callback
                0x00800845        0x2 src/ASF/thirdparty/wireless/services/mega/drivers/tc/tc_megarf.o
 .bss.tc_tccr1_compb_callback
                0x00800847        0x2 src/ASF/thirdparty/wireless/services/mega/drivers/tc/tc_megarf.o
 .bss.tc_tccr1_compa_callback
                0x00800849        0x2 src/ASF/thirdparty/wireless/services/mega/drivers/tc/tc_megarf.o
 .bss.tc_tccr1_ovf_callback
                0x0080084b        0x2 src/ASF/thirdparty/wireless/services/mega/drivers/tc/tc_megarf.o
 .bss.dec_key   0x0080084d       0x10 src/ASF/thirdparty/wireless/services/sal/atmegarf_sal/src/sal.o
 .bss.enc_key   0x0080085d       0x10 src/ASF/thirdparty/wireless/services/sal/atmegarf_sal/src/sal.o
 .bss.mode_byte
                0x0080086d        0x1 src/ASF/thirdparty/wireless/services/sal/atmegarf_sal/src/sal.o
 .bss.dec_initialized
                0x0080086e        0x1 src/ASF/thirdparty/wireless/services/sal/atmegarf_sal/src/sal.o
 .bss.sio_rx_length
                0x0080086f        0x1 src/Peer2Peer.o
 .bss.appUartBufferPtr
                0x00800870        0x1 src/Peer2Peer.o
 .bss.appUartBuffer
                0x00800871       0x69 src/Peer2Peer.o
 .bss.appDataReqBuffer
                0x008008da       0x69 src/Peer2Peer.o
 .bss.appDataReqBusy
                0x00800943        0x1 src/Peer2Peer.o
 .bss.appDataReq
                0x00800944       0x11 src/Peer2Peer.o
 .bss.appTimer  0x00800955        0xd src/Peer2Peer.o
 .bss.appState  0x00800962        0x1 src/Peer2Peer.o
 .bss.rx_data   0x00800963       0x14 src/Peer2Peer.o
 *(COMMON)
 COMMON         0x00800977        0x2 src/ASF/common/utils/stdio/read.o
                0x00800977                ptr_get
 COMMON         0x00800979        0x4 src/ASF/common/utils/stdio/write.o
                0x00800979                ptr_put
                0x0080097b                stdio_base
 COMMON         0x0080097d       0x38 src/ASF/thirdparty/wireless/avr2130_lwmesh/source/nwk/src/nwk.o
                0x0080097d                nwkIb
 COMMON         0x008009b5        0x1 src/ASF/thirdparty/wireless/avr2130_lwmesh/source/sys/src/sysTimer.o
                0x008009b5                SysTimerIrqCount
 COMMON         0x008009b6       0x6b src/Peer2Peer.o
                0x008009b6                watchBuffer
                0x00800a1f                btn_prev
                0x00800a20                btn_now
 COMMON         0x00800a21        0x1 ../src/ASF/thirdparty/wireless/services/common_hw_timer/mega/lib\libmegarfr2_lib_hw_timer.a(common_hw_timer.o)
                0x00800a21                timer_multiplier
 COMMON         0x00800a22        0x6 c:/program files (x86)/atmel/studio/7.0/toolchain/avr8/avr8-gnu-toolchain/bin/../lib/gcc/avr/5.4.0/../../../../avr/lib/avr6\libc.a(iob.o)
                0x00800a22                __iob
 COMMON         0x00800a28        0x4 c:/program files (x86)/atmel/studio/7.0/toolchain/avr8/avr8-gnu-toolchain/bin/../lib/gcc/avr/5.4.0/../../../../avr/lib/avr6\libc.a(malloc.o)
                0x00800a28                __brkval
                0x00800a2a                __flp
                0x00800a2c                PROVIDE (__bss_end, .)
                0x000031a8                __data_load_start = LOADADDR (.data)
                0x000031da                __data_load_end = (__data_load_start + SIZEOF (.data))

.noinit         0x00800a2c        0x0
                [!provide]                PROVIDE (__noinit_start, .)
 *(.noinit*)
                [!provide]                PROVIDE (__noinit_end, .)
                0x00800a2c                _end = .
                0x00800a2c                PROVIDE (__heap_start, .)

.eeprom         0x00810000        0x0
 *(.eeprom*)
                0x00810000                __eeprom_end = .

.fuse
 *(.fuse)
 *(.lfuse)
 *(.hfuse)
 *(.efuse)

.lock
 *(.lock*)

.signature
 *(.signature*)

.user_signatures
 *(.user_signatures*)

.stab
 *(.stab)

.stabstr
 *(.stabstr)

.stab.excl
 *(.stab.excl)

.stab.exclstr
 *(.stab.exclstr)

.stab.index
 *(.stab.index)

.stab.indexstr
 *(.stab.indexstr)

.comment        0x00000000       0x30
 *(.comment)
 .comment       0x00000000       0x30 src/ASF/common/services/clock/mega/sysclk.o
                                 0x31 (size before relaxing)
 .comment       0x00000030       0x31 src/ASF/common/services/serial/usart_serial.o
 .comment       0x00000030       0x31 src/ASF/common/utils/stdio/read.o
 .comment       0x00000030       0x31 src/ASF/common/utils/stdio/write.o
 .comment       0x00000030       0x31 src/ASF/mega/boards/atmega256rfr2_xplained_pro/init.o
 .comment       0x00000030       0x31 src/ASF/mega/drivers/usart/usart_megarf.o
 .comment       0x00000030       0x31 src/ASF/thirdparty/wireless/addons/sio2host/uart/sio2host.o
 .comment       0x00000030       0x31 src/ASF/thirdparty/wireless/avr2130_lwmesh/source/nwk/src/nwk.o
 .comment       0x00000030       0x31 src/ASF/thirdparty/wireless/avr2130_lwmesh/source/nwk/src/nwkDataReq.o
 .comment       0x00000030       0x31 src/ASF/thirdparty/wireless/avr2130_lwmesh/source/nwk/src/nwkFrame.o
 .comment       0x00000030       0x31 src/ASF/thirdparty/wireless/avr2130_lwmesh/source/nwk/src/nwkRoute.o
 .comment       0x00000030       0x31 src/ASF/thirdparty/wireless/avr2130_lwmesh/source/nwk/src/nwkRx.o
 .comment       0x00000030       0x31 src/ASF/thirdparty/wireless/avr2130_lwmesh/source/nwk/src/nwkSecurity.o
 .comment       0x00000030       0x31 src/ASF/thirdparty/wireless/avr2130_lwmesh/source/nwk/src/nwkTx.o
 .comment       0x00000030       0x31 src/ASF/thirdparty/wireless/avr2130_lwmesh/source/phy/atmegarfr2/src/phy.o
 .comment       0x00000030       0x31 src/ASF/thirdparty/wireless/avr2130_lwmesh/source/sys/src/sys.o
 .comment       0x00000030       0x31 src/ASF/thirdparty/wireless/avr2130_lwmesh/source/sys/src/sysEncrypt.o
 .comment       0x00000030       0x31 src/ASF/thirdparty/wireless/avr2130_lwmesh/source/sys/src/sysTimer.o
 .comment       0x00000030       0x31 src/ASF/thirdparty/wireless/services/common_hw_timer/mega/hw_timer.o
 .comment       0x00000030       0x31 src/ASF/thirdparty/wireless/services/mega/drivers/tc/tc_megarf.o
 .comment       0x00000030       0x31 src/ASF/thirdparty/wireless/services/sal/atmegarf_sal/src/sal.o
 .comment       0x00000030       0x31 src/Peer2Peer.o
 .comment       0x00000030       0x31 c:/program files (x86)/atmel/studio/7.0/toolchain/avr8/avr8-gnu-toolchain/bin/../lib/gcc/avr/5.4.0/../../../../avr/lib/avr6\libc.a(rand.o)
 .comment       0x00000030       0x31 c:/program files (x86)/atmel/studio/7.0/toolchain/avr8/avr8-gnu-toolchain/bin/../lib/gcc/avr/5.4.0/../../../../avr/lib/avr6\libc.a(fdevopen.o)
 .comment       0x00000030       0x31 c:/program files (x86)/atmel/studio/7.0/toolchain/avr8/avr8-gnu-toolchain/bin/../lib/gcc/avr/5.4.0/../../../../avr/lib/avr6\libc.a(iob.o)
 .comment       0x00000030       0x31 c:/program files (x86)/atmel/studio/7.0/toolchain/avr8/avr8-gnu-toolchain/bin/../lib/gcc/avr/5.4.0/../../../../avr/lib/avr6\libc.a(calloc.o)
 .comment       0x00000030       0x31 c:/program files (x86)/atmel/studio/7.0/toolchain/avr8/avr8-gnu-toolchain/bin/../lib/gcc/avr/5.4.0/../../../../avr/lib/avr6\libc.a(malloc.o)

.note.gnu.avr.deviceinfo
                0x00000000       0x40
 .note.gnu.avr.deviceinfo
                0x00000000       0x40 C:/Program Files (x86)/Atmel/Studio/7.0/Packs/atmel/ATmega_DFP/1.6.364/gcc/dev/atmega256rfr2/avr6/crtatmega256rfr2.o

.note.gnu.build-id
 *(.note.gnu.build-id)

.debug
 *(.debug)

.line
 *(.line)

.debug_srcinfo
 *(.debug_srcinfo)

.debug_sfnames
 *(.debug_sfnames)

.debug_aranges  0x00000000      0x708
 *(.debug_aranges)
 .debug_aranges
                0x00000000       0x30 src/ASF/common/services/clock/mega/sysclk.o
 .debug_aranges
                0x00000030       0x28 src/ASF/common/services/serial/usart_serial.o
 .debug_aranges
                0x00000058       0x20 src/ASF/common/utils/stdio/read.o
 .debug_aranges
                0x00000078       0x20 src/ASF/common/utils/stdio/write.o
 .debug_aranges
                0x00000098       0x20 src/ASF/mega/boards/atmega256rfr2_xplained_pro/init.o
 .debug_aranges
                0x000000b8       0x50 src/ASF/mega/drivers/usart/usart_megarf.o
 .debug_aranges
                0x00000108       0x78 src/ASF/thirdparty/wireless/addons/sio2host/uart/sio2host.o
 .debug_aranges
                0x00000180       0x70 src/ASF/thirdparty/wireless/avr2130_lwmesh/source/nwk/src/nwk.o
 .debug_aranges
                0x000001f0       0x38 src/ASF/thirdparty/wireless/avr2130_lwmesh/source/nwk/src/nwkDataReq.o
 .debug_aranges
                0x00000228       0x40 src/ASF/thirdparty/wireless/avr2130_lwmesh/source/nwk/src/nwkFrame.o
 .debug_aranges
                0x00000268       0x80 src/ASF/thirdparty/wireless/avr2130_lwmesh/source/nwk/src/nwkRoute.o
 .debug_aranges
                0x000002e8       0x50 src/ASF/thirdparty/wireless/avr2130_lwmesh/source/nwk/src/nwkRx.o
 .debug_aranges
                0x00000338       0x40 src/ASF/thirdparty/wireless/avr2130_lwmesh/source/nwk/src/nwkSecurity.o
 .debug_aranges
                0x00000378       0x68 src/ASF/thirdparty/wireless/avr2130_lwmesh/source/nwk/src/nwkTx.o
 .debug_aranges
                0x000003e0       0xb0 src/ASF/thirdparty/wireless/avr2130_lwmesh/source/phy/atmegarfr2/src/phy.o
 .debug_aranges
                0x00000490       0x28 src/ASF/thirdparty/wireless/avr2130_lwmesh/source/sys/src/sys.o
 .debug_aranges
                0x000004b8       0x20 src/ASF/thirdparty/wireless/avr2130_lwmesh/source/sys/src/sysEncrypt.o
 .debug_aranges
                0x000004d8       0x50 src/ASF/thirdparty/wireless/avr2130_lwmesh/source/sys/src/sysTimer.o
 .debug_aranges
                0x00000528       0x70 src/ASF/thirdparty/wireless/services/common_hw_timer/mega/hw_timer.o
 .debug_aranges
                0x00000598       0xc8 src/ASF/thirdparty/wireless/services/mega/drivers/tc/tc_megarf.o
 .debug_aranges
                0x00000660       0x48 src/ASF/thirdparty/wireless/services/sal/atmegarf_sal/src/sal.o
 .debug_aranges
                0x000006a8       0x40 src/Peer2Peer.o
 .debug_aranges
                0x000006e8       0x20 ../src/ASF/thirdparty/wireless/services/common_hw_timer/mega/lib\libmegarfr2_lib_hw_timer.a(common_hw_timer.o)

.debug_pubnames
 *(.debug_pubnames)

.debug_info     0x00000000     0xa174
 *(.debug_info .gnu.linkonce.wi.*)
 .debug_info    0x00000000     0x13e6 C:/Program Files (x86)/Atmel/Studio/7.0/Packs/atmel/ATmega_DFP/1.6.364/gcc/dev/atmega256rfr2/avr6/crtatmega256rfr2.o
 .debug_info    0x000013e6      0x2b5 src/ASF/common/services/clock/mega/sysclk.o
 .debug_info    0x0000169b      0x39e src/ASF/common/services/serial/usart_serial.o
 .debug_info    0x00001a39      0x104 src/ASF/common/utils/stdio/read.o
 .debug_info    0x00001b3d      0x104 src/ASF/common/utils/stdio/write.o
 .debug_info    0x00001c41      0x282 src/ASF/mega/boards/atmega256rfr2_xplained_pro/init.o
 .debug_info    0x00001ec3      0xb97 src/ASF/mega/drivers/usart/usart_megarf.o
 .debug_info    0x00002a5a      0x823 src/ASF/thirdparty/wireless/addons/sio2host/uart/sio2host.o
 .debug_info    0x0000327d      0x527 src/ASF/thirdparty/wireless/avr2130_lwmesh/source/nwk/src/nwk.o
 .debug_info    0x000037a4      0x7b2 src/ASF/thirdparty/wireless/avr2130_lwmesh/source/nwk/src/nwkDataReq.o
 .debug_info    0x00003f56      0x59f src/ASF/thirdparty/wireless/avr2130_lwmesh/source/nwk/src/nwkFrame.o
 .debug_info    0x000044f5      0xb7f src/ASF/thirdparty/wireless/avr2130_lwmesh/source/nwk/src/nwkRoute.o
 .debug_info    0x00005074      0xcbc src/ASF/thirdparty/wireless/avr2130_lwmesh/source/nwk/src/nwkRx.o
 .debug_info    0x00005d30      0x72e src/ASF/thirdparty/wireless/avr2130_lwmesh/source/nwk/src/nwkSecurity.o
 .debug_info    0x0000645e      0xaa0 src/ASF/thirdparty/wireless/avr2130_lwmesh/source/nwk/src/nwkTx.o
 .debug_info    0x00006efe      0xaaa src/ASF/thirdparty/wireless/avr2130_lwmesh/source/phy/atmegarfr2/src/phy.o
 .debug_info    0x000079a8      0x233 src/ASF/thirdparty/wireless/avr2130_lwmesh/source/sys/src/sys.o
 .debug_info    0x00007bdb      0x104 src/ASF/thirdparty/wireless/avr2130_lwmesh/source/sys/src/sysEncrypt.o
 .debug_info    0x00007cdf      0x459 src/ASF/thirdparty/wireless/avr2130_lwmesh/source/sys/src/sysTimer.o
 .debug_info    0x00008138      0x734 src/ASF/thirdparty/wireless/services/common_hw_timer/mega/hw_timer.o
 .debug_info    0x0000886c      0x854 src/ASF/thirdparty/wireless/services/mega/drivers/tc/tc_megarf.o
 .debug_info    0x000090c0      0x24b src/ASF/thirdparty/wireless/services/sal/atmegarf_sal/src/sal.o
 .debug_info    0x0000930b      0xbed src/Peer2Peer.o
 .debug_info    0x00009ef8      0x27c ../src/ASF/thirdparty/wireless/services/common_hw_timer/mega/lib\libmegarfr2_lib_hw_timer.a(common_hw_timer.o)

.debug_abbrev   0x00000000     0x4170
 *(.debug_abbrev)
 .debug_abbrev  0x00000000     0x12d6 C:/Program Files (x86)/Atmel/Studio/7.0/Packs/atmel/ATmega_DFP/1.6.364/gcc/dev/atmega256rfr2/avr6/crtatmega256rfr2.o
 .debug_abbrev  0x000012d6      0x1a6 src/ASF/common/services/clock/mega/sysclk.o
 .debug_abbrev  0x0000147c      0x17d src/ASF/common/services/serial/usart_serial.o
 .debug_abbrev  0x000015f9       0xc5 src/ASF/common/utils/stdio/read.o
 .debug_abbrev  0x000016be       0xa7 src/ASF/common/utils/stdio/write.o
 .debug_abbrev  0x00001765      0x149 src/ASF/mega/boards/atmega256rfr2_xplained_pro/init.o
 .debug_abbrev  0x000018ae      0x345 src/ASF/mega/drivers/usart/usart_megarf.o
 .debug_abbrev  0x00001bf3      0x301 src/ASF/thirdparty/wireless/addons/sio2host/uart/sio2host.o
 .debug_abbrev  0x00001ef4      0x1b8 src/ASF/thirdparty/wireless/avr2130_lwmesh/source/nwk/src/nwk.o
 .debug_abbrev  0x000020ac      0x282 src/ASF/thirdparty/wireless/avr2130_lwmesh/source/nwk/src/nwkDataReq.o
 .debug_abbrev  0x0000232e      0x186 src/ASF/thirdparty/wireless/avr2130_lwmesh/source/nwk/src/nwkFrame.o
 .debug_abbrev  0x000024b4      0x335 src/ASF/thirdparty/wireless/avr2130_lwmesh/source/nwk/src/nwkRoute.o
 .debug_abbrev  0x000027e9      0x38d src/ASF/thirdparty/wireless/avr2130_lwmesh/source/nwk/src/nwkRx.o
 .debug_abbrev  0x00002b76      0x276 src/ASF/thirdparty/wireless/avr2130_lwmesh/source/nwk/src/nwkSecurity.o
 .debug_abbrev  0x00002dec      0x338 src/ASF/thirdparty/wireless/avr2130_lwmesh/source/nwk/src/nwkTx.o
 .debug_abbrev  0x00003124      0x319 src/ASF/thirdparty/wireless/avr2130_lwmesh/source/phy/atmegarfr2/src/phy.o
 .debug_abbrev  0x0000343d       0xdc src/ASF/thirdparty/wireless/avr2130_lwmesh/source/sys/src/sys.o
 .debug_abbrev  0x00003519       0xb3 src/ASF/thirdparty/wireless/avr2130_lwmesh/source/sys/src/sysEncrypt.o
 .debug_abbrev  0x000035cc      0x211 src/ASF/thirdparty/wireless/avr2130_lwmesh/source/sys/src/sysTimer.o
 .debug_abbrev  0x000037dd      0x21b src/ASF/thirdparty/wireless/services/common_hw_timer/mega/hw_timer.o
 .debug_abbrev  0x000039f8      0x1d3 src/ASF/thirdparty/wireless/services/mega/drivers/tc/tc_megarf.o
 .debug_abbrev  0x00003bcb      0x146 src/ASF/thirdparty/wireless/services/sal/atmegarf_sal/src/sal.o
 .debug_abbrev  0x00003d11      0x348 src/Peer2Peer.o
 .debug_abbrev  0x00004059      0x117 ../src/ASF/thirdparty/wireless/services/common_hw_timer/mega/lib\libmegarfr2_lib_hw_timer.a(common_hw_timer.o)

.debug_line     0x00000000     0x9653
 *(.debug_line .debug_line.* .debug_line_end)
 .debug_line    0x00000000      0x272 C:/Program Files (x86)/Atmel/Studio/7.0/Packs/atmel/ATmega_DFP/1.6.364/gcc/dev/atmega256rfr2/avr6/crtatmega256rfr2.o
 .debug_line    0x00000272      0x58b src/ASF/common/services/clock/mega/sysclk.o
 .debug_line    0x000007fd      0x5e2 src/ASF/common/services/serial/usart_serial.o
 .debug_line    0x00000ddf      0x32e src/ASF/common/utils/stdio/read.o
 .debug_line    0x0000110d      0x335 src/ASF/common/utils/stdio/write.o
 .debug_line    0x00001442      0x479 src/ASF/mega/boards/atmega256rfr2_xplained_pro/init.o
 .debug_line    0x000018bb      0x7e2 src/ASF/mega/drivers/usart/usart_megarf.o
 .debug_line    0x0000209d      0x95a src/ASF/thirdparty/wireless/addons/sio2host/uart/sio2host.o
 .debug_line    0x000029f7      0x647 src/ASF/thirdparty/wireless/avr2130_lwmesh/source/nwk/src/nwk.o
 .debug_line    0x0000303e      0x5b0 src/ASF/thirdparty/wireless/avr2130_lwmesh/source/nwk/src/nwkDataReq.o
 .debug_line    0x000035ee      0x520 src/ASF/thirdparty/wireless/avr2130_lwmesh/source/nwk/src/nwkFrame.o
 .debug_line    0x00003b0e      0x80f src/ASF/thirdparty/wireless/avr2130_lwmesh/source/nwk/src/nwkRoute.o
 .debug_line    0x0000431d      0x891 src/ASF/thirdparty/wireless/avr2130_lwmesh/source/nwk/src/nwkRx.o
 .debug_line    0x00004bae      0x611 src/ASF/thirdparty/wireless/avr2130_lwmesh/source/nwk/src/nwkSecurity.o
 .debug_line    0x000051bf      0x865 src/ASF/thirdparty/wireless/avr2130_lwmesh/source/nwk/src/nwkTx.o
 .debug_line    0x00005a24      0xa7c src/ASF/thirdparty/wireless/avr2130_lwmesh/source/phy/atmegarfr2/src/phy.o
 .debug_line    0x000064a0      0x8f3 src/ASF/thirdparty/wireless/avr2130_lwmesh/source/sys/src/sys.o
 .debug_line    0x00006d93      0x242 src/ASF/thirdparty/wireless/avr2130_lwmesh/source/sys/src/sysEncrypt.o
 .debug_line    0x00006fd5      0x639 src/ASF/thirdparty/wireless/avr2130_lwmesh/source/sys/src/sysTimer.o
 .debug_line    0x0000760e      0x71d src/ASF/thirdparty/wireless/services/common_hw_timer/mega/hw_timer.o
 .debug_line    0x00007d2b      0x9f7 src/ASF/thirdparty/wireless/services/mega/drivers/tc/tc_megarf.o
 .debug_line    0x00008722      0x396 src/ASF/thirdparty/wireless/services/sal/atmegarf_sal/src/sal.o
 .debug_line    0x00008ab8      0xa56 src/Peer2Peer.o
 .debug_line    0x0000950e      0x145 ../src/ASF/thirdparty/wireless/services/common_hw_timer/mega/lib\libmegarfr2_lib_hw_timer.a(common_hw_timer.o)

.debug_frame    0x00000000     0x15f0
 *(.debug_frame)
 .debug_frame   0x00000000       0x74 src/ASF/common/services/clock/mega/sysclk.o
 .debug_frame   0x00000074       0x74 src/ASF/common/services/serial/usart_serial.o
 .debug_frame   0x000000e8       0x34 src/ASF/common/utils/stdio/read.o
 .debug_frame   0x0000011c       0x24 src/ASF/common/utils/stdio/write.o
 .debug_frame   0x00000140       0x24 src/ASF/mega/boards/atmega256rfr2_xplained_pro/init.o
 .debug_frame   0x00000164      0x130 src/ASF/mega/drivers/usart/usart_megarf.o
 .debug_frame   0x00000294      0x1a0 src/ASF/thirdparty/wireless/addons/sio2host/uart/sio2host.o
 .debug_frame   0x00000434       0xd4 src/ASF/thirdparty/wireless/avr2130_lwmesh/source/nwk/src/nwk.o
 .debug_frame   0x00000508       0x68 src/ASF/thirdparty/wireless/avr2130_lwmesh/source/nwk/src/nwkDataReq.o
 .debug_frame   0x00000570       0x64 src/ASF/thirdparty/wireless/avr2130_lwmesh/source/nwk/src/nwkFrame.o
 .debug_frame   0x000005d4      0x174 src/ASF/thirdparty/wireless/avr2130_lwmesh/source/nwk/src/nwkRoute.o
 .debug_frame   0x00000748       0xf0 src/ASF/thirdparty/wireless/avr2130_lwmesh/source/nwk/src/nwkRx.o
 .debug_frame   0x00000838       0x84 src/ASF/thirdparty/wireless/avr2130_lwmesh/source/nwk/src/nwkSecurity.o
 .debug_frame   0x000008bc      0x154 src/ASF/thirdparty/wireless/avr2130_lwmesh/source/nwk/src/nwkTx.o
 .debug_frame   0x00000a10      0x1bc src/ASF/thirdparty/wireless/avr2130_lwmesh/source/phy/atmegarfr2/src/phy.o
 .debug_frame   0x00000bcc       0x34 src/ASF/thirdparty/wireless/avr2130_lwmesh/source/sys/src/sys.o
 .debug_frame   0x00000c00       0x24 src/ASF/thirdparty/wireless/avr2130_lwmesh/source/sys/src/sysEncrypt.o
 .debug_frame   0x00000c24       0xe0 src/ASF/thirdparty/wireless/avr2130_lwmesh/source/sys/src/sysTimer.o
 .debug_frame   0x00000d04       0xe0 src/ASF/thirdparty/wireless/services/common_hw_timer/mega/hw_timer.o
 .debug_frame   0x00000de4      0x624 src/ASF/thirdparty/wireless/services/mega/drivers/tc/tc_megarf.o
 .debug_frame   0x00001408       0x90 src/ASF/thirdparty/wireless/services/sal/atmegarf_sal/src/sal.o
 .debug_frame   0x00001498       0x90 src/Peer2Peer.o
 .debug_frame   0x00001528       0xc8 ../src/ASF/thirdparty/wireless/services/common_hw_timer/mega/lib\libmegarfr2_lib_hw_timer.a(common_hw_timer.o)

.debug_str      0x00000000    0x1cc52
 *(.debug_str)
 .debug_str     0x00000000      0x7f7 C:/Program Files (x86)/Atmel/Studio/7.0/Packs/atmel/ATmega_DFP/1.6.364/gcc/dev/atmega256rfr2/avr6/crtatmega256rfr2.o
 .debug_str     0x000007f7    0x16e25 src/ASF/common/services/clock/mega/sysclk.o
                              0x17073 (size before relaxing)
 .debug_str     0x0001761c      0x7c9 src/ASF/common/services/serial/usart_serial.o
                              0x17781 (size before relaxing)
 .debug_str     0x00017de5       0x38 src/ASF/common/utils/stdio/read.o
                              0x15dab (size before relaxing)
 .debug_str     0x00017e1d       0x35 src/ASF/common/utils/stdio/write.o
                              0x15dad (size before relaxing)
 .debug_str     0x00017e52      0x170 src/ASF/mega/boards/atmega256rfr2_xplained_pro/init.o
                              0x16d99 (size before relaxing)
 .debug_str     0x00017fc2      0x3a8 src/ASF/mega/drivers/usart/usart_megarf.o
                              0x17c05 (size before relaxing)
 .debug_str     0x0001836a      0xb2e src/ASF/thirdparty/wireless/addons/sio2host/uart/sio2host.o
                              0x1842d (size before relaxing)
 .debug_str     0x00018e98      0x762 src/ASF/thirdparty/wireless/avr2130_lwmesh/source/nwk/src/nwk.o
                              0x1651d (size before relaxing)
 .debug_str     0x000195fa      0x36d src/ASF/thirdparty/wireless/avr2130_lwmesh/source/nwk/src/nwkDataReq.o
                              0x166b6 (size before relaxing)
 .debug_str     0x00019967       0x8d src/ASF/thirdparty/wireless/avr2130_lwmesh/source/nwk/src/nwkFrame.o
                              0x16549 (size before relaxing)
 .debug_str     0x000199f4      0x269 src/ASF/thirdparty/wireless/avr2130_lwmesh/source/nwk/src/nwkRoute.o
                              0x1663d (size before relaxing)
 .debug_str     0x00019c5d      0x446 src/ASF/thirdparty/wireless/avr2130_lwmesh/source/nwk/src/nwkRx.o
                              0x16a11 (size before relaxing)
 .debug_str     0x0001a0a3      0x1fe src/ASF/thirdparty/wireless/avr2130_lwmesh/source/nwk/src/nwkSecurity.o
                              0x1666b (size before relaxing)
 .debug_str     0x0001a2a1      0x252 src/ASF/thirdparty/wireless/avr2130_lwmesh/source/nwk/src/nwkTx.o
                              0x16938 (size before relaxing)
 .debug_str     0x0001a4f3     0x1781 src/ASF/thirdparty/wireless/avr2130_lwmesh/source/phy/atmegarfr2/src/phy.o
                              0x18b88 (size before relaxing)
 .debug_str     0x0001bc74       0x91 src/ASF/thirdparty/wireless/avr2130_lwmesh/source/sys/src/sys.o
                              0x18372 (size before relaxing)
 .debug_str     0x0001bd05       0x4a src/ASF/thirdparty/wireless/avr2130_lwmesh/source/sys/src/sysEncrypt.o
                               0x3908 (size before relaxing)
 .debug_str     0x0001bd4f      0x11d src/ASF/thirdparty/wireless/avr2130_lwmesh/source/sys/src/sysTimer.o
                              0x15fb1 (size before relaxing)
 .debug_str     0x0001be6c      0x40a src/ASF/thirdparty/wireless/services/common_hw_timer/mega/hw_timer.o
                              0x174ca (size before relaxing)
 .debug_str     0x0001c276      0x2f1 src/ASF/thirdparty/wireless/services/mega/drivers/tc/tc_megarf.o
                              0x173e0 (size before relaxing)
 .debug_str     0x0001c567      0x363 src/ASF/thirdparty/wireless/services/sal/atmegarf_sal/src/sal.o
                               0x3aee (size before relaxing)
 .debug_str     0x0001c8ca      0x201 src/Peer2Peer.o
                              0x18847 (size before relaxing)
 .debug_str     0x0001cacb      0x187 ../src/ASF/thirdparty/wireless/services/common_hw_timer/mega/lib\libmegarfr2_lib_hw_timer.a(common_hw_timer.o)
                                0x2a0 (size before relaxing)

.debug_loc      0x00000000     0x559e
 *(.debug_loc)
 .debug_loc     0x00000000      0x1f2 src/ASF/common/services/clock/mega/sysclk.o
 .debug_loc     0x000001f2      0x273 src/ASF/common/services/serial/usart_serial.o
 .debug_loc     0x00000465       0x6e src/ASF/common/utils/stdio/read.o
 .debug_loc     0x000004d3       0x52 src/ASF/common/utils/stdio/write.o
 .debug_loc     0x00000525       0x51 src/ASF/mega/boards/atmega256rfr2_xplained_pro/init.o
 .debug_loc     0x00000576      0xbfe src/ASF/mega/drivers/usart/usart_megarf.o
 .debug_loc     0x00001174      0x50d src/ASF/thirdparty/wireless/addons/sio2host/uart/sio2host.o
 .debug_loc     0x00001681      0x14d src/ASF/thirdparty/wireless/avr2130_lwmesh/source/nwk/src/nwk.o
 .debug_loc     0x000017ce      0x137 src/ASF/thirdparty/wireless/avr2130_lwmesh/source/nwk/src/nwkDataReq.o
 .debug_loc     0x00001905      0x11e src/ASF/thirdparty/wireless/avr2130_lwmesh/source/nwk/src/nwkFrame.o
 .debug_loc     0x00001a23      0x875 src/ASF/thirdparty/wireless/avr2130_lwmesh/source/nwk/src/nwkRoute.o
 .debug_loc     0x00002298      0x543 src/ASF/thirdparty/wireless/avr2130_lwmesh/source/nwk/src/nwkRx.o
 .debug_loc     0x000027db      0x186 src/ASF/thirdparty/wireless/avr2130_lwmesh/source/nwk/src/nwkSecurity.o
 .debug_loc     0x00002961      0x691 src/ASF/thirdparty/wireless/avr2130_lwmesh/source/nwk/src/nwkTx.o
 .debug_loc     0x00002ff2      0x571 src/ASF/thirdparty/wireless/avr2130_lwmesh/source/phy/atmegarfr2/src/phy.o
 .debug_loc     0x00003563       0x4c src/ASF/thirdparty/wireless/avr2130_lwmesh/source/sys/src/sysEncrypt.o
 .debug_loc     0x000035af      0x442 src/ASF/thirdparty/wireless/avr2130_lwmesh/source/sys/src/sysTimer.o
 .debug_loc     0x000039f1      0x1ec src/ASF/thirdparty/wireless/services/common_hw_timer/mega/hw_timer.o
 .debug_loc     0x00003bdd     0x131a src/ASF/thirdparty/wireless/services/mega/drivers/tc/tc_megarf.o
 .debug_loc     0x00004ef7      0x340 src/ASF/thirdparty/wireless/services/sal/atmegarf_sal/src/sal.o
 .debug_loc     0x00005237      0x1f9 src/Peer2Peer.o
 .debug_loc     0x00005430      0x16e ../src/ASF/thirdparty/wireless/services/common_hw_timer/mega/lib\libmegarfr2_lib_hw_timer.a(common_hw_timer.o)

.debug_macinfo
 *(.debug_macinfo)

.debug_weaknames
 *(.debug_weaknames)

.debug_funcnames
 *(.debug_funcnames)

.debug_typenames
 *(.debug_typenames)

.debug_varnames
 *(.debug_varnames)

.debug_pubtypes
 *(.debug_pubtypes)

.debug_ranges   0x00000000      0x6f0
 *(.debug_ranges)
 .debug_ranges  0x00000000       0x20 src/ASF/common/services/clock/mega/sysclk.o
 .debug_ranges  0x00000020       0x18 src/ASF/common/services/serial/usart_serial.o
 .debug_ranges  0x00000038       0x10 src/ASF/common/utils/stdio/read.o
 .debug_ranges  0x00000048       0x10 src/ASF/common/utils/stdio/write.o
 .debug_ranges  0x00000058       0x10 src/ASF/mega/boards/atmega256rfr2_xplained_pro/init.o
 .debug_ranges  0x00000068       0x78 src/ASF/mega/drivers/usart/usart_megarf.o
 .debug_ranges  0x000000e0       0x68 src/ASF/thirdparty/wireless/addons/sio2host/uart/sio2host.o
 .debug_ranges  0x00000148       0x60 src/ASF/thirdparty/wireless/avr2130_lwmesh/source/nwk/src/nwk.o
 .debug_ranges  0x000001a8       0x28 src/ASF/thirdparty/wireless/avr2130_lwmesh/source/nwk/src/nwkDataReq.o
 .debug_ranges  0x000001d0       0x30 src/ASF/thirdparty/wireless/avr2130_lwmesh/source/nwk/src/nwkFrame.o
 .debug_ranges  0x00000200       0x88 src/ASF/thirdparty/wireless/avr2130_lwmesh/source/nwk/src/nwkRoute.o
 .debug_ranges  0x00000288       0xd8 src/ASF/thirdparty/wireless/avr2130_lwmesh/source/nwk/src/nwkRx.o
 .debug_ranges  0x00000360       0x30 src/ASF/thirdparty/wireless/avr2130_lwmesh/source/nwk/src/nwkSecurity.o
 .debug_ranges  0x00000390       0x70 src/ASF/thirdparty/wireless/avr2130_lwmesh/source/nwk/src/nwkTx.o
 .debug_ranges  0x00000400       0xa0 src/ASF/thirdparty/wireless/avr2130_lwmesh/source/phy/atmegarfr2/src/phy.o
 .debug_ranges  0x000004a0       0x18 src/ASF/thirdparty/wireless/avr2130_lwmesh/source/sys/src/sys.o
 .debug_ranges  0x000004b8       0x10 src/ASF/thirdparty/wireless/avr2130_lwmesh/source/sys/src/sysEncrypt.o
 .debug_ranges  0x000004c8       0x78 src/ASF/thirdparty/wireless/avr2130_lwmesh/source/sys/src/sysTimer.o
 .debug_ranges  0x00000540       0x60 src/ASF/thirdparty/wireless/services/common_hw_timer/mega/hw_timer.o
 .debug_ranges  0x000005a0       0xb8 src/ASF/thirdparty/wireless/services/mega/drivers/tc/tc_megarf.o
 .debug_ranges  0x00000658       0x38 src/ASF/thirdparty/wireless/services/sal/atmegarf_sal/src/sal.o
 .debug_ranges  0x00000690       0x60 src/Peer2Peer.o

.debug_macro    0x00000000     0x953b
 *(.debug_macro)
 .debug_macro   0x00000000      0x191 src/ASF/common/services/clock/mega/sysclk.o
 .debug_macro   0x00000191      0xa84 src/ASF/common/services/clock/mega/sysclk.o
 .debug_macro   0x00000c15       0x10 src/ASF/common/services/clock/mega/sysclk.o
 .debug_macro   0x00000c25      0x1c9 src/ASF/common/services/clock/mega/sysclk.o
 .debug_macro   0x00000dee      0x2fc src/ASF/common/services/clock/mega/sysclk.o
 .debug_macro   0x000010ea       0x9e src/ASF/common/services/clock/mega/sysclk.o
 .debug_macro   0x00001188     0x37da src/ASF/common/services/clock/mega/sysclk.o
 .debug_macro   0x00004962      0x219 src/ASF/common/services/clock/mega/sysclk.o
 .debug_macro   0x00004b7b       0xd9 src/ASF/common/services/clock/mega/sysclk.o
 .debug_macro   0x00004c54       0x34 src/ASF/common/services/clock/mega/sysclk.o
 .debug_macro   0x00004c88       0x18 src/ASF/common/services/clock/mega/sysclk.o
 .debug_macro   0x00004ca0       0x6c src/ASF/common/services/clock/mega/sysclk.o
 .debug_macro   0x00004d0c       0x22 src/ASF/common/services/clock/mega/sysclk.o
 .debug_macro   0x00004d2e      0x16d src/ASF/common/services/clock/mega/sysclk.o
 .debug_macro   0x00004e9b       0x1c src/ASF/common/services/clock/mega/sysclk.o
 .debug_macro   0x00004eb7       0x35 src/ASF/common/services/clock/mega/sysclk.o
 .debug_macro   0x00004eec       0x66 src/ASF/common/services/clock/mega/sysclk.o
 .debug_macro   0x00004f52      0x71d src/ASF/common/services/clock/mega/sysclk.o
 .debug_macro   0x0000566f       0x43 src/ASF/common/services/clock/mega/sysclk.o
 .debug_macro   0x000056b2       0x69 src/ASF/common/services/clock/mega/sysclk.o
 .debug_macro   0x0000571b       0x31 src/ASF/common/services/clock/mega/sysclk.o
 .debug_macro   0x0000574c       0x10 src/ASF/common/services/clock/mega/sysclk.o
 .debug_macro   0x0000575c      0x175 src/ASF/common/services/clock/mega/sysclk.o
 .debug_macro   0x000058d1       0x40 src/ASF/common/services/clock/mega/sysclk.o
 .debug_macro   0x00005911      0x100 src/ASF/common/services/clock/mega/sysclk.o
 .debug_macro   0x00005a11       0x3a src/ASF/common/services/clock/mega/sysclk.o
 .debug_macro   0x00005a4b      0x2df src/ASF/common/services/clock/mega/sysclk.o
 .debug_macro   0x00005d2a       0x6e src/ASF/common/services/clock/mega/sysclk.o
 .debug_macro   0x00005d98       0x40 src/ASF/common/services/clock/mega/sysclk.o
 .debug_macro   0x00005dd8       0x16 src/ASF/common/services/clock/mega/sysclk.o
 .debug_macro   0x00005dee       0x34 src/ASF/common/services/clock/mega/sysclk.o
 .debug_macro   0x00005e22       0xc9 src/ASF/common/services/clock/mega/sysclk.o
 .debug_macro   0x00005eeb      0x1c2 src/ASF/common/services/serial/usart_serial.o
 .debug_macro   0x000060ad      0x1ca src/ASF/common/services/serial/usart_serial.o
 .debug_macro   0x00006277      0x11b src/ASF/common/utils/stdio/read.o
 .debug_macro   0x00006392      0x11b src/ASF/common/utils/stdio/write.o
 .debug_macro   0x000064ad      0x17f src/ASF/mega/boards/atmega256rfr2_xplained_pro/init.o
 .debug_macro   0x0000662c      0x2d9 src/ASF/mega/boards/atmega256rfr2_xplained_pro/init.o
 .debug_macro   0x00006905      0x1a4 src/ASF/mega/drivers/usart/usart_megarf.o
 .debug_macro   0x00006aa9      0x302 src/ASF/mega/drivers/usart/usart_megarf.o
 .debug_macro   0x00006dab      0x1c4 src/ASF/mega/drivers/usart/usart_megarf.o
 .debug_macro   0x00006f6f      0x23f src/ASF/thirdparty/wireless/addons/sio2host/uart/sio2host.o
 .debug_macro   0x000071ae       0x22 src/ASF/thirdparty/wireless/addons/sio2host/uart/sio2host.o
 .debug_macro   0x000071d0       0x28 src/ASF/thirdparty/wireless/addons/sio2host/uart/sio2host.o
 .debug_macro   0x000071f8       0x22 src/ASF/thirdparty/wireless/addons/sio2host/uart/sio2host.o
 .debug_macro   0x0000721a       0x58 src/ASF/thirdparty/wireless/addons/sio2host/uart/sio2host.o
 .debug_macro   0x00007272       0x10 src/ASF/thirdparty/wireless/addons/sio2host/uart/sio2host.o
 .debug_macro   0x00007282       0xf2 src/ASF/thirdparty/wireless/addons/sio2host/uart/sio2host.o
 .debug_macro   0x00007374       0x16 src/ASF/thirdparty/wireless/addons/sio2host/uart/sio2host.o
 .debug_macro   0x0000738a       0x3a src/ASF/thirdparty/wireless/addons/sio2host/uart/sio2host.o
 .debug_macro   0x000073c4      0x1c5 src/ASF/thirdparty/wireless/avr2130_lwmesh/source/nwk/src/nwk.o
 .debug_macro   0x00007589      0x10e src/ASF/thirdparty/wireless/avr2130_lwmesh/source/nwk/src/nwk.o
 .debug_macro   0x00007697       0x16 src/ASF/thirdparty/wireless/avr2130_lwmesh/source/nwk/src/nwk.o
 .debug_macro   0x000076ad       0x20 src/ASF/thirdparty/wireless/avr2130_lwmesh/source/nwk/src/nwk.o
 .debug_macro   0x000076cd       0x1c src/ASF/thirdparty/wireless/avr2130_lwmesh/source/nwk/src/nwk.o
 .debug_macro   0x000076e9       0x6a src/ASF/thirdparty/wireless/avr2130_lwmesh/source/nwk/src/nwk.o
 .debug_macro   0x00007753       0x16 src/ASF/thirdparty/wireless/avr2130_lwmesh/source/nwk/src/nwk.o
 .debug_macro   0x00007769       0x86 src/ASF/thirdparty/wireless/avr2130_lwmesh/source/nwk/src/nwk.o
 .debug_macro   0x000077ef       0x16 src/ASF/thirdparty/wireless/avr2130_lwmesh/source/nwk/src/nwk.o
 .debug_macro   0x00007805       0x1c src/ASF/thirdparty/wireless/avr2130_lwmesh/source/nwk/src/nwk.o
 .debug_macro   0x00007821       0x1c src/ASF/thirdparty/wireless/avr2130_lwmesh/source/nwk/src/nwk.o
 .debug_macro   0x0000783d      0x1b0 src/ASF/thirdparty/wireless/avr2130_lwmesh/source/nwk/src/nwkDataReq.o
 .debug_macro   0x000079ed       0x10 src/ASF/thirdparty/wireless/avr2130_lwmesh/source/nwk/src/nwkDataReq.o
 .debug_macro   0x000079fd      0x19e src/ASF/thirdparty/wireless/avr2130_lwmesh/source/nwk/src/nwkFrame.o
 .debug_macro   0x00007b9b      0x1bc src/ASF/thirdparty/wireless/avr2130_lwmesh/source/nwk/src/nwkRoute.o
 .debug_macro   0x00007d57      0x1f0 src/ASF/thirdparty/wireless/avr2130_lwmesh/source/nwk/src/nwkRx.o
 .debug_macro   0x00007f47      0x1b6 src/ASF/thirdparty/wireless/avr2130_lwmesh/source/nwk/src/nwkSecurity.o
 .debug_macro   0x000080fd      0x1de src/ASF/thirdparty/wireless/avr2130_lwmesh/source/nwk/src/nwkTx.o
 .debug_macro   0x000082db      0x1f4 src/ASF/thirdparty/wireless/avr2130_lwmesh/source/phy/atmegarfr2/src/phy.o
 .debug_macro   0x000084cf       0x16 src/ASF/thirdparty/wireless/avr2130_lwmesh/source/phy/atmegarfr2/src/phy.o
 .debug_macro   0x000084e5       0x28 src/ASF/thirdparty/wireless/avr2130_lwmesh/source/phy/atmegarfr2/src/phy.o
 .debug_macro   0x0000850d       0x16 src/ASF/thirdparty/wireless/avr2130_lwmesh/source/phy/atmegarfr2/src/phy.o
 .debug_macro   0x00008523       0x23 src/ASF/thirdparty/wireless/avr2130_lwmesh/source/phy/atmegarfr2/src/phy.o
 .debug_macro   0x00008546      0x27e src/ASF/thirdparty/wireless/avr2130_lwmesh/source/phy/atmegarfr2/src/phy.o
 .debug_macro   0x000087c4      0x2d4 src/ASF/thirdparty/wireless/avr2130_lwmesh/source/sys/src/sys.o
 .debug_macro   0x00008a98       0x28 src/ASF/thirdparty/wireless/avr2130_lwmesh/source/sys/src/sys.o
 .debug_macro   0x00008ac0       0x6f src/ASF/thirdparty/wireless/avr2130_lwmesh/source/sys/src/sysEncrypt.o
 .debug_macro   0x00008b2f       0x97 src/ASF/thirdparty/wireless/avr2130_lwmesh/source/sys/src/sysEncrypt.o
 .debug_macro   0x00008bc6       0x16 src/ASF/thirdparty/wireless/avr2130_lwmesh/source/sys/src/sysEncrypt.o
 .debug_macro   0x00008bdc      0x13d src/ASF/thirdparty/wireless/avr2130_lwmesh/source/sys/src/sysTimer.o
 .debug_macro   0x00008d19       0x10 src/ASF/thirdparty/wireless/avr2130_lwmesh/source/sys/src/sysTimer.o
 .debug_macro   0x00008d29      0x1c6 src/ASF/thirdparty/wireless/services/common_hw_timer/mega/hw_timer.o
 .debug_macro   0x00008eef       0x10 src/ASF/thirdparty/wireless/services/common_hw_timer/mega/hw_timer.o
 .debug_macro   0x00008eff      0x19e src/ASF/thirdparty/wireless/services/mega/drivers/tc/tc_megarf.o
 .debug_macro   0x0000909d       0xfe src/ASF/thirdparty/wireless/services/sal/atmegarf_sal/src/sal.o
 .debug_macro   0x0000919b      0x2da src/Peer2Peer.o
 .debug_macro   0x00009475       0x1c src/Peer2Peer.o
 .debug_macro   0x00009491       0xaa src/Peer2Peer.o
OUTPUT(APPS_PEER2PEER2.elf elf32-avr)
LOAD linker stubs
