Archive member included to satisfy reference by file (symbol)

../src/ASF/thirdparty/wireless/services/common_hw_timer/mega/lib\libmegarfr2_lib_hw_timer.a(common_hw_timer.o)
                              src/ASF/thirdparty/wireless/avr2130_lwmesh/source/sys/src/sysTimer.o (common_tc_delay)
c:/program files (x86)/atmel/studio/7.0/toolchain/avr8/avr8-gnu-toolchain/bin/../lib/gcc/avr/5.4.0/avr6\libgcc.a(_mulsi3.o)
                              ../src/ASF/thirdparty/wireless/services/common_hw_timer/mega/lib\libmegarfr2_lib_hw_timer.a(common_hw_timer.o) (__mulsi3)
c:/program files (x86)/atmel/studio/7.0/toolchain/avr8/avr8-gnu-toolchain/bin/../lib/gcc/avr/5.4.0/avr6\libgcc.a(_udivmodhi4.o)
                              ../src/ASF/thirdparty/wireless/services/common_hw_timer/mega/lib\libmegarfr2_lib_hw_timer.a(common_hw_timer.o) (__udivmodhi4)
c:/program files (x86)/atmel/studio/7.0/toolchain/avr8/avr8-gnu-toolchain/bin/../lib/gcc/avr/5.4.0/avr6\libgcc.a(_udivmodsi4.o)
                              src/ASF/mega/drivers/usart/usart_megarf.o (__udivmodsi4)
c:/program files (x86)/atmel/studio/7.0/toolchain/avr8/avr8-gnu-toolchain/bin/../lib/gcc/avr/5.4.0/avr6\libgcc.a(_exit.o)
                              C:/Program Files (x86)/Atmel/Studio/7.0/Packs/atmel/ATmega_DFP/1.6.364/gcc/dev/atmega256rfr2/avr6/crtatmega256rfr2.o (exit)
c:/program files (x86)/atmel/studio/7.0/toolchain/avr8/avr8-gnu-toolchain/bin/../lib/gcc/avr/5.4.0/avr6\libgcc.a(_tablejump2.o)
                              src/ASF/mega/drivers/twi/twi_megarf.o (__tablejump2__)
c:/program files (x86)/atmel/studio/7.0/toolchain/avr8/avr8-gnu-toolchain/bin/../lib/gcc/avr/5.4.0/avr6\libgcc.a(_copy_data.o)
                              src/ASF/thirdparty/wireless/addons/sio2host/uart/sio2host.o (__do_copy_data)
c:/program files (x86)/atmel/studio/7.0/toolchain/avr8/avr8-gnu-toolchain/bin/../lib/gcc/avr/5.4.0/avr6\libgcc.a(_clear_bss.o)
                              src/ASF/common/utils/stdio/read.o (__do_clear_bss)
c:/program files (x86)/atmel/studio/7.0/toolchain/avr8/avr8-gnu-toolchain/bin/../lib/gcc/avr/5.4.0/avr6\libgcc.a(_muluhisi3.o)
                              c:/program files (x86)/atmel/studio/7.0/toolchain/avr8/avr8-gnu-toolchain/bin/../lib/gcc/avr/5.4.0/avr6\libgcc.a(_mulsi3.o) (__muluhisi3)
c:/program files (x86)/atmel/studio/7.0/toolchain/avr8/avr8-gnu-toolchain/bin/../lib/gcc/avr/5.4.0/avr6\libgcc.a(_umulhisi3.o)
                              c:/program files (x86)/atmel/studio/7.0/toolchain/avr8/avr8-gnu-toolchain/bin/../lib/gcc/avr/5.4.0/avr6\libgcc.a(_muluhisi3.o) (__umulhisi3)
c:/program files (x86)/atmel/studio/7.0/toolchain/avr8/avr8-gnu-toolchain/bin/../lib/gcc/avr/5.4.0/../../../../avr/lib/avr6\libc.a(rand.o)
                              src/ASF/thirdparty/wireless/avr2130_lwmesh/source/nwk/src/nwkTx.o (rand)
c:/program files (x86)/atmel/studio/7.0/toolchain/avr8/avr8-gnu-toolchain/bin/../lib/gcc/avr/5.4.0/../../../../avr/lib/avr6\libc.a(memcpy.o)
                              src/ASF/thirdparty/wireless/avr2130_lwmesh/source/nwk/src/nwkDataReq.o (memcpy)
c:/program files (x86)/atmel/studio/7.0/toolchain/avr8/avr8-gnu-toolchain/bin/../lib/gcc/avr/5.4.0/../../../../avr/lib/avr6\libc.a(fdevopen.o)
                              src/ASF/thirdparty/wireless/addons/sio2host/uart/sio2host.o (fdevopen)
c:/program files (x86)/atmel/studio/7.0/toolchain/avr8/avr8-gnu-toolchain/bin/../lib/gcc/avr/5.4.0/../../../../avr/lib/avr6\libc.a(iob.o)
                              c:/program files (x86)/atmel/studio/7.0/toolchain/avr8/avr8-gnu-toolchain/bin/../lib/gcc/avr/5.4.0/../../../../avr/lib/avr6\libc.a(fdevopen.o) (__iob)
c:/program files (x86)/atmel/studio/7.0/toolchain/avr8/avr8-gnu-toolchain/bin/../lib/gcc/avr/5.4.0/../../../../avr/lib/avr6\libc.a(printf.o)
                              src/Peer2Peer.o (printf)
c:/program files (x86)/atmel/studio/7.0/toolchain/avr8/avr8-gnu-toolchain/bin/../lib/gcc/avr/5.4.0/../../../../avr/lib/avr6\libc.a(putchar.o)
                              src/Peer2Peer.o (putchar)
c:/program files (x86)/atmel/studio/7.0/toolchain/avr8/avr8-gnu-toolchain/bin/../lib/gcc/avr/5.4.0/../../../../avr/lib/avr6\libc.a(sprintf.o)
                              src/Peer2Peer.o (sprintf)
c:/program files (x86)/atmel/studio/7.0/toolchain/avr8/avr8-gnu-toolchain/bin/../lib/gcc/avr/5.4.0/../../../../avr/lib/avr6\libc.a(vfprintf_std.o)
                              c:/program files (x86)/atmel/studio/7.0/toolchain/avr8/avr8-gnu-toolchain/bin/../lib/gcc/avr/5.4.0/../../../../avr/lib/avr6\libc.a(printf.o) (vfprintf)
c:/program files (x86)/atmel/studio/7.0/toolchain/avr8/avr8-gnu-toolchain/bin/../lib/gcc/avr/5.4.0/../../../../avr/lib/avr6\libc.a(calloc.o)
                              c:/program files (x86)/atmel/studio/7.0/toolchain/avr8/avr8-gnu-toolchain/bin/../lib/gcc/avr/5.4.0/../../../../avr/lib/avr6\libc.a(fdevopen.o) (calloc)
[...]
Memory Configuration

Name             Origin             Length             Attributes
text             0x00000000         0x00040000         xr
data             0x00800200         0x00008000         rw !x
eeprom           0x00810000         0x00002000         rw !x
fuse             0x00820000         0x00000003         rw !x
lock             0x00830000         0x00000400         rw !x
signature        0x00840000         0x00000400         rw !x
user_signatures  0x00850000         0x00000400         rw !x
*default*        0x00000000         0xffffffff

Linker script and memory map

Address of section .data set to 0x800200
LOAD C:/Program Files (x86)/Atmel/Studio/7.0/Packs/atmel/ATmega_DFP/1.6.364/gcc/dev/atmega256rfr2/avr6/crtatmega256rfr2.o
LOAD src/ASF/common/services/clock/mega/sysclk.o
LOAD src/ASF/common/services/serial/usart_serial.o
LOAD src/ASF/common/utils/stdio/read.o
LOAD src/ASF/common/utils/stdio/write.o
LOAD src/ASF/mega/boards/atmega256rfr2_xplained_pro/init.o
LOAD src/ASF/mega/drivers/twi/twi_megarf.o
LOAD src/ASF/mega/drivers/usart/usart_megarf.o
LOAD src/ASF/thirdparty/wireless/addons/sio2host/uart/sio2host.o
LOAD src/ASF/thirdparty/wireless/avr2130_lwmesh/source/nwk/src/nwk.o
LOAD src/ASF/thirdparty/wireless/avr2130_lwmesh/source/nwk/src/nwkDataReq.o
LOAD src/ASF/thirdparty/wireless/avr2130_lwmesh/source/nwk/src/nwkFrame.o
LOAD src/ASF/thirdparty/wireless/avr2130_lwmesh/source/nwk/src/nwkGroup.o
LOAD src/ASF/thirdparty/wireless/avr2130_lwmesh/source/nwk/src/nwkRoute.o
LOAD src/ASF/thirdparty/wireless/avr2130_lwmesh/source/nwk/src/nwkRouteDiscovery.o
LOAD src/ASF/thirdparty/wireless/avr2130_lwmesh/source/nwk/src/nwkRx.o
LOAD src/ASF/thirdparty/wireless/avr2130_lwmesh/source/nwk/src/nwkSecurity.o
LOAD src/ASF/thirdparty/wireless/avr2130_lwmesh/source/nwk/src/nwkTx.o
LOAD src/ASF/thirdparty/wireless/avr2130_lwmesh/source/phy/atmegarfr2/src/phy.o
LOAD src/ASF/thirdparty/wireless/avr2130_lwmesh/source/sys/src/sys.o
LOAD src/ASF/thirdparty/wireless/avr2130_lwmesh/source/sys/src/sysEncrypt.o
LOAD src/ASF/thirdparty/wireless/avr2130_lwmesh/source/sys/src/sysTimer.o
LOAD src/ASF/thirdparty/wireless/services/common_hw_timer/mega/hw_timer.o
LOAD src/ASF/thirdparty/wireless/services/mega/drivers/tc/tc_megarf.o
LOAD src/ASF/thirdparty/wireless/services/sal/atmegarf_sal/src/sal.o
LOAD src/Peer2Peer.o
START GROUP
LOAD ../src/ASF/thirdparty/wireless/services/common_hw_timer/mega/lib\libmegarfr2_lib_hw_timer.a
LOAD c:/program files (x86)/atmel/studio/7.0/toolchain/avr8/avr8-gnu-toolchain/bin/../lib/gcc/avr/5.4.0/../../../../avr/lib/avr6\libm.a
END GROUP
START GROUP
LOAD c:/program files (x86)/atmel/studio/7.0/toolchain/avr8/avr8-gnu-toolchain/bin/../lib/gcc/avr/5.4.0/avr6\libgcc.a
LOAD c:/program files (x86)/atmel/studio/7.0/toolchain/avr8/avr8-gnu-toolchain/bin/../lib/gcc/avr/5.4.0/../../../../avr/lib/avr6\libm.a
LOAD c:/program files (x86)/atmel/studio/7.0/toolchain/avr8/avr8-gnu-toolchain/bin/../lib/gcc/avr/5.4.0/../../../../avr/lib/avr6\libc.a
LOAD C:/Program Files (x86)/Atmel/Studio/7.0/Packs/atmel/ATmega_DFP/1.6.364/gcc/dev/atmega256rfr2/avr6\libatmega256rfr2.a
END GROUP
                [0x00000000]                __TEXT_REGION_ORIGIN__ = DEFINED (__TEXT_REGION_ORIGIN__)?__TEXT_REGION_ORIGIN__:0x0
                [0x00800200]                __DATA_REGION_ORIGIN__ = DEFINED (__DATA_REGION_ORIGIN__)?__DATA_REGION_ORIGIN__:0x800200
                [0x00040000]                __TEXT_REGION_LENGTH__ = DEFINED (__TEXT_REGION_LENGTH__)?__TEXT_REGION_LENGTH__:0x100000
                [0x00008000]                __DATA_REGION_LENGTH__ = DEFINED (__DATA_REGION_LENGTH__)?__DATA_REGION_LENGTH__:0xfe00
                [0x00002000]                __EEPROM_REGION_LENGTH__ = DEFINED (__EEPROM_REGION_LENGTH__)?__EEPROM_REGION_LENGTH__:0x10000
                [0x00000003]                __FUSE_REGION_LENGTH__ = DEFINED (__FUSE_REGION_LENGTH__)?__FUSE_REGION_LENGTH__:0x400
                0x00000400                __LOCK_REGION_LENGTH__ = DEFINED (__LOCK_REGION_LENGTH__)?__LOCK_REGION_LENGTH__:0x400
                0x00000400                __SIGNATURE_REGION_LENGTH__ = DEFINED (__SIGNATURE_REGION_LENGTH__)?__SIGNATURE_REGION_LENGTH__:0x400
                0x00000400                __USER_SIGNATURE_REGION_LENGTH__ = DEFINED (__USER_SIGNATURE_REGION_LENGTH__)?__USER_SIGNATURE_REGION_LENGTH__:0x400

.hash
 *(.hash)

.dynsym
 *(.dynsym)

.dynstr
 *(.dynstr)

.gnu.version
 *(.gnu.version)

.gnu.version_d
 *(.gnu.version_d)

.gnu.version_r
 *(.gnu.version_r)

.rel.init
 *(.rel.init)

.rela.init
 *(.rela.init)

.rel.text
 *(.rel.text)
 *(.rel.text.*)
 *(.rel.gnu.linkonce.t*)

.rela.text
 *(.rela.text)
 *(.rela.text.*)
 *(.rela.gnu.linkonce.t*)

.rel.fini
 *(.rel.fini)

.rela.fini
 *(.rela.fini)

.rel.rodata
 *(.rel.rodata)
 *(.rel.rodata.*)
 *(.rel.gnu.linkonce.r*)

.rela.rodata
 *(.rela.rodata)
 *(.rela.rodata.*)
 *(.rela.gnu.linkonce.r*)

.rel.data
 *(.rel.data)
 *(.rel.data.*)
 *(.rel.gnu.linkonce.d*)

.rela.data
 *(.rela.data)
 *(.rela.data.*)
 *(.rela.gnu.linkonce.d*)

.rel.ctors
 *(.rel.ctors)

.rela.ctors
 *(.rela.ctors)

.rel.dtors
 *(.rel.dtors)

.rela.dtors
 *(.rela.dtors)

.rel.got
 *(.rel.got)

.rela.got
 *(.rela.got)

.rel.bss
 *(.rel.bss)

.rela.bss
 *(.rela.bss)

.rel.plt
 *(.rel.plt)

.rela.plt
 *(.rela.plt)

.text           0x00000000     0x42b6
 *(.vectors)
 .vectors       0x00000000      0x134 C:/Program Files (x86)/Atmel/Studio/7.0/Packs/atmel/ATmega_DFP/1.6.364/gcc/dev/atmega256rfr2/avr6/crtatmega256rfr2.o
                0x00000000                __vector_default
                0x00000000                __vectors
 *(.vectors)
 *(.progmem.gcc*)
 .progmem.gcc_sw_table.__vector_39
                0x00000134      0x192 src/ASF/mega/drivers/twi/twi_megarf.o
 .progmem.gcc_sw_table.appDataInd
                0x000002c6       0x6e src/Peer2Peer.o
                0x00000334                . = ALIGN (0x2)
                0x00000334                __trampolines_start = .
 *(.trampolines)
 .trampolines   0x00000334        0x0 linker stubs
 *(.trampolines*)
                0x00000334                __trampolines_end = .
 *libprintf_flt.a:*(.progmem.data)
 *libc.a:*(.progmem.data)
 *(.progmem*)
                0x00000334                . = ALIGN (0x2)
 *(.jumptables)
 *(.jumptables*)
 *(.lowtext)
 *(.lowtext*)
                0x00000334                __ctors_start = .
 *(.ctors)
                0x00000334                __ctors_end = .
                0x00000334                __dtors_start = .
 *(.dtors)
                0x00000334                __dtors_end = .
 SORT(*)(.ctors)
 SORT(*)(.dtors)
 *(.init0)
 .init0         0x00000334        0x0 C:/Program Files (x86)/Atmel/Studio/7.0/Packs/atmel/ATmega_DFP/1.6.364/gcc/dev/atmega256rfr2/avr6/crtatmega256rfr2.o
                0x00000334                __init
 *(.init0)
 *(.init1)
 *(.init1)
 *(.init2)
 .init2         0x00000334       0x10 C:/Program Files (x86)/Atmel/Studio/7.0/Packs/atmel/ATmega_DFP/1.6.364/gcc/dev/atmega256rfr2/avr6/crtatmega256rfr2.o
 *(.init2)
 *(.init3)
 *(.init3)
 *(.init4)
 .init4         0x00000344       0x1a c:/program files (x86)/atmel/studio/7.0/toolchain/avr8/avr8-gnu-toolchain/bin/../lib/gcc/avr/5.4.0/avr6\libgcc.a(_copy_data.o)
                0x00000344                __do_copy_data
 .init4         0x0000035e       0x10 c:/program files (x86)/atmel/studio/7.0/toolchain/avr8/avr8-gnu-toolchain/bin/../lib/gcc/avr/5.4.0/avr6\libgcc.a(_clear_bss.o)
                0x0000035e                __do_clear_bss
 *(.init4)
 *(.init5)
 *(.init5)
 *(.init6)
 *(.init6)
 *(.init7)
 *(.init7)
 *(.init8)
 *(.init8)
 *(.init9)
 .init9         0x0000036e        0x8 C:/Program Files (x86)/Atmel/Studio/7.0/Packs/atmel/ATmega_DFP/1.6.364/gcc/dev/atmega256rfr2/avr6/crtatmega256rfr2.o
 *(.init9)
 *(.text)
 .text          0x00000376        0x2 C:/Program Files (x86)/Atmel/Studio/7.0/Packs/atmel/ATmega_DFP/1.6.364/gcc/dev/atmega256rfr2/avr6/crtatmega256rfr2.o
                0x00000376                __vector_38
                0x00000376                __vector_22
                0x00000376                __vector_63
                0x00000376                __vector_28
                0x00000376                __vector_67
                0x00000376                __vector_1
                0x00000376                __vector_75
                0x00000376                __vector_71
                0x00000376                __vector_62
                0x00000376                __vector_24
                0x00000376                __vector_12
                0x00000376                __vector_55
                0x00000376                __vector_69
                0x00000376                __vector_46
                0x00000376                __bad_interrupt
                0x00000376                __vector_72
                0x00000376                __vector_6
                0x00000376                __vector_31
                0x00000376                __vector_74
                0x00000376                __vector_3
                0x00000376                __vector_23
                0x00000376                __vector_68
                0x00000376                __vector_30
                0x00000376                __vector_73
                0x00000376                __vector_25
                0x00000376                __vector_61
                0x00000376                __vector_11
                0x00000376                __vector_54
                0x00000376                __vector_13
                0x00000376                __vector_56
                0x00000376                __vector_7
                0x00000376                __vector_41
                0x00000376                __vector_64
                0x00000376                __vector_27
                0x00000376                __vector_5
                0x00000376                __vector_76
                0x00000376                __vector_52
                0x00000376                __vector_37
                0x00000376                __vector_4
                0x00000376                __vector_51
                0x00000376                __vector_9
                0x00000376                __vector_2
                0x00000376                __vector_21
                0x00000376                __vector_15
                0x00000376                __vector_66
                0x00000376                __vector_58
                0x00000376                __vector_70
                0x00000376                __vector_29
                0x00000376                __vector_60
                0x00000376                __vector_40
                0x00000376                __vector_8
                0x00000376                __vector_26
                0x00000376                __vector_14
                0x00000376                __vector_57
                0x00000376                __vector_53
                0x00000376                __vector_10
                0x00000376                __vector_16
                0x00000376                __vector_59
                0x00000376                __vector_65
 .text          0x00000378      0x216 ../src/ASF/thirdparty/wireless/services/common_hw_timer/mega/lib\libmegarfr2_lib_hw_timer.a(common_hw_timer.o)
                0x00000378                common_tc_read_count
                0x000003c8                common_tc_compare_stop
                0x000003ec                common_tc_overflow_stop
                0x000003f6                common_tc_stop
                0x000003fe                common_tc_delay
                0x000004e8                common_tc_init
                0x000004f6                tmr_ovf_callback
                0x00000566                tmr_cca_callback
                0x0000057a                set_common_tc_overflow_callback
                0x00000584                set_common_tc_expiry_callback
                0x0000058e                . = ALIGN (0x2)
 *(.text.*)
 .text.sysclk_init
                0x0000058e       0x36 src/ASF/common/services/clock/mega/sysclk.o
                0x0000058e                sysclk_init
 .text.sysclk_enable_module
                0x000005c4       0x30 src/ASF/common/services/clock/mega/sysclk.o
                0x000005c4                sysclk_enable_module
 .text.sysclk_disable_module
                0x000005f4       0x2e src/ASF/common/services/clock/mega/sysclk.o
                0x000005f4                sysclk_disable_module
 .text.usart_serial_write_packet
                0x00000622       0x34 src/ASF/common/services/serial/usart_serial.o
                0x00000622                usart_serial_write_packet
 .text.usart_serial_read_packet
                0x00000656       0x34 src/ASF/common/services/serial/usart_serial.o
                0x00000656                usart_serial_read_packet
 .text._read    0x0000068a       0x32 src/ASF/common/utils/stdio/read.o
                0x0000068a                _read
 .text._write   0x000006bc       0x24 src/ASF/common/utils/stdio/write.o
                0x000006bc                _write
 .text.board_init
                0x000006e0        0xa src/ASF/mega/boards/atmega256rfr2_xplained_pro/init.o
                0x000006e0                board_init
 .text.twi_master_bus_reset
                0x000006ea       0x12 src/ASF/mega/drivers/twi/twi_megarf.o
 .text.twi_master_write
                0x000006fc       0x58 src/ASF/mega/drivers/twi/twi_megarf.o
                0x000006fc                twi_master_write
 .text.twi_master_read
                0x00000754       0x66 src/ASF/mega/drivers/twi/twi_megarf.o
                0x00000754                twi_master_read
 .text.twi_master_init
                0x000007ba       0x26 src/ASF/mega/drivers/twi/twi_megarf.o
                0x000007ba                twi_master_init
 .text.__vector_39
                0x000007e0      0x3a4 src/ASF/mega/drivers/twi/twi_megarf.o
                0x000007e0                __vector_39
 .text.usart_putchar
                0x00000b84        0xe src/ASF/mega/drivers/usart/usart_megarf.o
                0x00000b84                usart_putchar
 .text.usart_getchar
                0x00000b92        0xc src/ASF/mega/drivers/usart/usart_megarf.o
                0x00000b92                usart_getchar
 .text.usart_set_baudrate
                0x00000b9e      0x116 src/ASF/mega/drivers/usart/usart_megarf.o
                0x00000b9e                usart_set_baudrate
 .text.usart_init_rs232
                0x00000cb4       0x92 src/ASF/mega/drivers/usart/usart_megarf.o
                0x00000cb4                usart_init_rs232
 .text.usart_serial_getchar
                0x00000d46       0x10 src/ASF/thirdparty/wireless/addons/sio2host/uart/sio2host.o
 .text.usart_serial_putchar
                0x00000d56        0x4 src/ASF/thirdparty/wireless/addons/sio2host/uart/sio2host.o
 .text.sio2host_init
                0x00000d5a       0x92 src/ASF/thirdparty/wireless/addons/sio2host/uart/sio2host.o
                0x00000d5a                sio2host_init
 .text.sio2host_tx
                0x00000dec       0x2e src/ASF/thirdparty/wireless/addons/sio2host/uart/sio2host.o
                0x00000dec                sio2host_tx
 .text.sio2host_rx
                0x00000e1a       0x7e src/ASF/thirdparty/wireless/addons/sio2host/uart/sio2host.o
                0x00000e1a                sio2host_rx
 .text.sio2host_putchar
                0x00000e98       0x1c src/ASF/thirdparty/wireless/addons/sio2host/uart/sio2host.o
                0x00000e98                sio2host_putchar
 .text.__vector_36
                0x00000eb4       0x90 src/ASF/thirdparty/wireless/addons/sio2host/uart/sio2host.o
                0x00000eb4                __vector_36
 .text.NWK_Init
                0x00000f44       0x30 src/ASF/thirdparty/wireless/avr2130_lwmesh/source/nwk/src/nwk.o
                0x00000f44                NWK_Init
 .text.NWK_SetAddr
                0x00000f74        0xe src/ASF/thirdparty/wireless/avr2130_lwmesh/source/nwk/src/nwk.o
                0x00000f74                NWK_SetAddr
 .text.NWK_SetPanId
                0x00000f82        0xe src/ASF/thirdparty/wireless/avr2130_lwmesh/source/nwk/src/nwk.o
                0x00000f82                NWK_SetPanId
 .text.NWK_OpenEndpoint
                0x00000f90       0x12 src/ASF/thirdparty/wireless/avr2130_lwmesh/source/nwk/src/nwk.o
                0x00000f90                NWK_OpenEndpoint
 .text.NWK_TaskHandler
                0x00000fa2        0xc src/ASF/thirdparty/wireless/avr2130_lwmesh/source/nwk/src/nwk.o
                0x00000fa2                NWK_TaskHandler
 .text.nwkDataReqTxConf
                0x00000fae       0x46 src/ASF/thirdparty/wireless/avr2130_lwmesh/source/nwk/src/nwkDataReq.o
 .text.nwkDataReqInit
                0x00000ff4        0xa src/ASF/thirdparty/wireless/avr2130_lwmesh/source/nwk/src/nwkDataReq.o
                0x00000ff4                nwkDataReqInit
 .text.NWK_DataReq
                0x00000ffe       0x48 src/ASF/thirdparty/wireless/avr2130_lwmesh/source/nwk/src/nwkDataReq.o
                0x00000ffe                NWK_DataReq
 .text.nwkDataReqTaskHandler
                0x00001046      0x156 src/ASF/thirdparty/wireless/avr2130_lwmesh/source/nwk/src/nwkDataReq.o
                0x00001046                nwkDataReqTaskHandler
 .text.nwkFrameInit
                0x0000119c        0xe src/ASF/thirdparty/wireless/avr2130_lwmesh/source/nwk/src/nwkFrame.o
                0x0000119c                nwkFrameInit
 .text.nwkFrameAlloc
                0x000011aa       0x6c src/ASF/thirdparty/wireless/avr2130_lwmesh/source/nwk/src/nwkFrame.o
                0x000011aa                nwkFrameAlloc
 .text.nwkFrameFree
                0x00001216       0x14 src/ASF/thirdparty/wireless/avr2130_lwmesh/source/nwk/src/nwkFrame.o
                0x00001216                nwkFrameFree
 .text.nwkFrameNext
                0x0000122a       0x4a src/ASF/thirdparty/wireless/avr2130_lwmesh/source/nwk/src/nwkFrame.o
                0x0000122a                nwkFrameNext
 .text.nwkFrameCommandInit
                0x00001274       0x28 src/ASF/thirdparty/wireless/avr2130_lwmesh/source/nwk/src/nwkFrame.o
                0x00001274                nwkFrameCommandInit
 .text.nwkRouteInit
                0x0000129c       0x40 src/ASF/thirdparty/wireless/avr2130_lwmesh/source/nwk/src/nwkRoute.o
                0x0000129c                nwkRouteInit
 .text.NWK_RouteFindEntry
                0x000012dc       0x64 src/ASF/thirdparty/wireless/avr2130_lwmesh/source/nwk/src/nwkRoute.o
                0x000012dc                NWK_RouteFindEntry
 .text.NWK_RouteNewEntry
                0x00001340       0x44 src/ASF/thirdparty/wireless/avr2130_lwmesh/source/nwk/src/nwkRoute.o
                0x00001340                NWK_RouteNewEntry
 .text.NWK_RouteFreeEntry
                0x00001384       0x14 src/ASF/thirdparty/wireless/avr2130_lwmesh/source/nwk/src/nwkRoute.o
                0x00001384                NWK_RouteFreeEntry
 .text.NWK_RouteNextHop
                0x00001398       0x14 src/ASF/thirdparty/wireless/avr2130_lwmesh/source/nwk/src/nwkRoute.o
                0x00001398                NWK_RouteNextHop
 .text.nwkRouteRemove
                0x000013ac        0xa src/ASF/thirdparty/wireless/avr2130_lwmesh/source/nwk/src/nwkRoute.o
                0x000013ac                nwkRouteRemove
 .text.nwkRouteFrameReceived
                0x000013b6       0x9e src/ASF/thirdparty/wireless/avr2130_lwmesh/source/nwk/src/nwkRoute.o
                0x000013b6                nwkRouteFrameReceived
 .text.nwkRouteFrameSent
                0x00001454       0x8e src/ASF/thirdparty/wireless/avr2130_lwmesh/source/nwk/src/nwkRoute.o
                0x00001454                nwkRouteFrameSent
 .text.nwkRoutePrepareTx
                0x000014e2       0x3e src/ASF/thirdparty/wireless/avr2130_lwmesh/source/nwk/src/nwkRoute.o
                0x000014e2                nwkRoutePrepareTx
 .text.nwkRouteFrame
                0x00001520       0x98 src/ASF/thirdparty/wireless/avr2130_lwmesh/source/nwk/src/nwkRoute.o
                0x00001520                nwkRouteFrame
 .text.nwkRouteErrorReceived
                0x000015b8       0x1e src/ASF/thirdparty/wireless/avr2130_lwmesh/source/nwk/src/nwkRoute.o
                0x000015b8                nwkRouteErrorReceived
 .text.nwkRxSeriveDataInd
                0x000015d6       0x30 src/ASF/thirdparty/wireless/avr2130_lwmesh/source/nwk/src/nwkRx.o
 .text.nwkRxDuplicateRejectionTimerHandler
                0x00001606       0x2e src/ASF/thirdparty/wireless/avr2130_lwmesh/source/nwk/src/nwkRx.o
 .text.nwkRxInit
                0x00001634       0x3a src/ASF/thirdparty/wireless/avr2130_lwmesh/source/nwk/src/nwkRx.o
                0x00001634                nwkRxInit
 .text.PHY_DataInd
                0x0000166e       0x56 src/ASF/thirdparty/wireless/avr2130_lwmesh/source/nwk/src/nwkRx.o
                0x0000166e                PHY_DataInd
 .text.nwkRxDecryptConf
                0x000016c4       0x14 src/ASF/thirdparty/wireless/avr2130_lwmesh/source/nwk/src/nwkRx.o
                0x000016c4                nwkRxDecryptConf
 .text.nwkRxTaskHandler
                0x000016d8      0x4a2 src/ASF/thirdparty/wireless/avr2130_lwmesh/source/nwk/src/nwkRx.o
                0x000016d8                nwkRxTaskHandler
 .text.nwkSecurityInit
                0x00001b7a        0xe src/ASF/thirdparty/wireless/avr2130_lwmesh/source/nwk/src/nwkSecurity.o
                0x00001b7a                nwkSecurityInit
 .text.nwkSecurityProcess
                0x00001b88       0x1e src/ASF/thirdparty/wireless/avr2130_lwmesh/source/nwk/src/nwkSecurity.o
                0x00001b88                nwkSecurityProcess
 .text.SYS_EncryptConf
                0x00001ba6       0x82 src/ASF/thirdparty/wireless/avr2130_lwmesh/source/nwk/src/nwkSecurity.o
                0x00001ba6                SYS_EncryptConf
 .text.nwkSecurityTaskHandler
                0x00001c28      0x1de src/ASF/thirdparty/wireless/avr2130_lwmesh/source/nwk/src/nwkSecurity.o
                0x00001c28                nwkSecurityTaskHandler
 .text.nwkTxDelayTimerHandler
                0x00001e06       0x58 src/ASF/thirdparty/wireless/avr2130_lwmesh/source/nwk/src/nwkTx.o
 .text.nwkTxAckWaitTimerHandler
                0x00001e5e       0x64 src/ASF/thirdparty/wireless/avr2130_lwmesh/source/nwk/src/nwkTx.o
 .text.nwkTxInit
                0x00001ec2       0x46 src/ASF/thirdparty/wireless/avr2130_lwmesh/source/nwk/src/nwkTx.o
                0x00001ec2                nwkTxInit
 .text.nwkTxFrame
                0x00001f08       0xaa src/ASF/thirdparty/wireless/avr2130_lwmesh/source/nwk/src/nwkTx.o
                0x00001f08                nwkTxFrame
 .text.nwkTxBroadcastFrame
                0x00001fb2       0x8a src/ASF/thirdparty/wireless/avr2130_lwmesh/source/nwk/src/nwkTx.o
                0x00001fb2                nwkTxBroadcastFrame
 .text.nwkTxAckReceived
                0x0000203c       0x4a src/ASF/thirdparty/wireless/avr2130_lwmesh/source/nwk/src/nwkTx.o
                0x0000203c                nwkTxAckReceived
 .text.nwkTxEncryptConf
                0x00002086        0x8 src/ASF/thirdparty/wireless/avr2130_lwmesh/source/nwk/src/nwkTx.o
                0x00002086                nwkTxEncryptConf
 .text.PHY_DataConf
                0x0000208e       0x46 src/ASF/thirdparty/wireless/avr2130_lwmesh/source/nwk/src/nwkTx.o
                0x0000208e                PHY_DataConf
 .text.nwkTxTaskHandler
                0x000020d4      0x140 src/ASF/thirdparty/wireless/avr2130_lwmesh/source/nwk/src/nwkTx.o
                0x000020d4                nwkTxTaskHandler
 .text.phySetChannel
                0x00002214       0x3c src/ASF/thirdparty/wireless/avr2130_lwmesh/source/phy/atmegarfr2/src/phy.o
 .text.phyTrxSetState
                0x00002250       0x28 src/ASF/thirdparty/wireless/avr2130_lwmesh/source/phy/atmegarfr2/src/phy.o
 .text.phySetRxState
                0x00002278       0x18 src/ASF/thirdparty/wireless/avr2130_lwmesh/source/phy/atmegarfr2/src/phy.o
 .text.PHY_Init
                0x00002290       0x36 src/ASF/thirdparty/wireless/avr2130_lwmesh/source/phy/atmegarfr2/src/phy.o
                0x00002290                PHY_Init
 .text.PHY_SetRxState
                0x000022c6        0x8 src/ASF/thirdparty/wireless/avr2130_lwmesh/source/phy/atmegarfr2/src/phy.o
                0x000022c6                PHY_SetRxState
 .text.PHY_SetChannel
                0x000022ce        0x8 src/ASF/thirdparty/wireless/avr2130_lwmesh/source/phy/atmegarfr2/src/phy.o
                0x000022ce                PHY_SetChannel
 .text.PHY_SetPanId
                0x000022d6       0x24 src/ASF/thirdparty/wireless/avr2130_lwmesh/source/phy/atmegarfr2/src/phy.o
                0x000022d6                PHY_SetPanId
 .text.PHY_SetShortAddr
                0x000022fa       0x2e src/ASF/thirdparty/wireless/avr2130_lwmesh/source/phy/atmegarfr2/src/phy.o
                0x000022fa                PHY_SetShortAddr
 .text.PHY_DataReq
                0x00002328       0x50 src/ASF/thirdparty/wireless/avr2130_lwmesh/source/phy/atmegarfr2/src/phy.o
                0x00002328                PHY_DataReq
 .text.PHY_EncryptReq
                0x00002378       0x1c src/ASF/thirdparty/wireless/avr2130_lwmesh/source/phy/atmegarfr2/src/phy.o
                0x00002378                PHY_EncryptReq
 .text.PHY_TaskHandler
                0x00002394       0xf6 src/ASF/thirdparty/wireless/avr2130_lwmesh/source/phy/atmegarfr2/src/phy.o
                0x00002394                PHY_TaskHandler
 .text.SYS_Init
                0x0000248a        0xc src/ASF/thirdparty/wireless/avr2130_lwmesh/source/sys/src/sys.o
                0x0000248a                SYS_Init
 .text.SYS_TaskHandler
                0x00002496        0xa src/ASF/thirdparty/wireless/avr2130_lwmesh/source/sys/src/sys.o
                0x00002496                SYS_TaskHandler
 .text.SYS_EncryptReq
                0x000024a0        0x6 src/ASF/thirdparty/wireless/avr2130_lwmesh/source/sys/src/sysEncrypt.o
                0x000024a0                SYS_EncryptReq
 .text.placeTimer
                0x000024a6       0xc8 src/ASF/thirdparty/wireless/avr2130_lwmesh/source/sys/src/sysTimer.o
 .text.SYS_HwExpiry_Cb
                0x0000256e       0x14 src/ASF/thirdparty/wireless/avr2130_lwmesh/source/sys/src/sysTimer.o
                0x0000256e                SYS_HwExpiry_Cb
 .text.SYS_TimerInit
                0x00002582       0x22 src/ASF/thirdparty/wireless/avr2130_lwmesh/source/sys/src/sysTimer.o
                0x00002582                SYS_TimerInit
 .text.SYS_TimerStop
                0x000025a4       0x7a src/ASF/thirdparty/wireless/avr2130_lwmesh/source/sys/src/sysTimer.o
                0x000025a4                SYS_TimerStop
 .text.SYS_TimerStarted
                0x0000261e       0x34 src/ASF/thirdparty/wireless/avr2130_lwmesh/source/sys/src/sysTimer.o
                0x0000261e                SYS_TimerStarted
 .text.SYS_TimerStart
                0x00002652       0x16 src/ASF/thirdparty/wireless/avr2130_lwmesh/source/sys/src/sysTimer.o
                0x00002652                SYS_TimerStart
 .text.SYS_TimerTaskHandler
                0x00002668       0xda src/ASF/thirdparty/wireless/avr2130_lwmesh/source/sys/src/sysTimer.o
                0x00002668                SYS_TimerTaskHandler
 .text.tc_ovf_callback
                0x00002742        0x6 src/ASF/thirdparty/wireless/services/common_hw_timer/mega/hw_timer.o
                0x00002742                tc_ovf_callback
 .text.tc_cca_callback
                0x00002748        0x6 src/ASF/thirdparty/wireless/services/common_hw_timer/mega/hw_timer.o
                0x00002748                tc_cca_callback
 .text.tmr_read_count
                0x0000274e        0xa src/ASF/thirdparty/wireless/services/common_hw_timer/mega/hw_timer.o
                0x0000274e                tmr_read_count
 .text.tmr_disable_cc_interrupt
                0x00002758        0xe src/ASF/thirdparty/wireless/services/common_hw_timer/mega/hw_timer.o
                0x00002758                tmr_disable_cc_interrupt
 .text.tmr_enable_cc_interrupt
                0x00002766        0xe src/ASF/thirdparty/wireless/services/common_hw_timer/mega/hw_timer.o
                0x00002766                tmr_enable_cc_interrupt
 .text.tmr_disable_ovf_interrupt
                0x00002774        0xe src/ASF/thirdparty/wireless/services/common_hw_timer/mega/hw_timer.o
                0x00002774                tmr_disable_ovf_interrupt
 .text.tmr_stop
                0x00002782        0x8 src/ASF/thirdparty/wireless/services/common_hw_timer/mega/hw_timer.o
                0x00002782                tmr_stop
 .text.tmr_write_cmpreg
                0x0000278a       0x16 src/ASF/thirdparty/wireless/services/common_hw_timer/mega/hw_timer.o
                0x0000278a                tmr_write_cmpreg
 .text.save_cpu_interrupt
                0x000027a0       0x1a src/ASF/thirdparty/wireless/services/common_hw_timer/mega/hw_timer.o
                0x000027a0                save_cpu_interrupt
 .text.restore_cpu_interrupt
                0x000027ba        0x4 src/ASF/thirdparty/wireless/services/common_hw_timer/mega/hw_timer.o
                0x000027ba                restore_cpu_interrupt
 .text.tmr_init
                0x000027be       0x40 src/ASF/thirdparty/wireless/services/common_hw_timer/mega/hw_timer.o
                0x000027be                tmr_init
 .text.__vector_20
                0x000027fe       0x5a src/ASF/thirdparty/wireless/services/mega/drivers/tc/tc_megarf.o
                0x000027fe                __vector_20
 .text.__vector_17
                0x00002858       0x5a src/ASF/thirdparty/wireless/services/mega/drivers/tc/tc_megarf.o
                0x00002858                __vector_17
 .text.__vector_18
                0x000028b2       0x5a src/ASF/thirdparty/wireless/services/mega/drivers/tc/tc_megarf.o
                0x000028b2                __vector_18
 .text.__vector_19
                0x0000290c       0x5a src/ASF/thirdparty/wireless/services/mega/drivers/tc/tc_megarf.o
                0x0000290c                __vector_19
 .text.__vector_35
                0x00002966       0x5a src/ASF/thirdparty/wireless/services/mega/drivers/tc/tc_megarf.o
                0x00002966                __vector_35
 .text.__vector_32
                0x000029c0       0x5a src/ASF/thirdparty/wireless/services/mega/drivers/tc/tc_megarf.o
                0x000029c0                __vector_32
 .text.__vector_33
                0x00002a1a       0x5a src/ASF/thirdparty/wireless/services/mega/drivers/tc/tc_megarf.o
                0x00002a1a                __vector_33
 .text.__vector_34
                0x00002a74       0x5a src/ASF/thirdparty/wireless/services/mega/drivers/tc/tc_megarf.o
                0x00002a74                __vector_34
 .text.__vector_45
                0x00002ace       0x5a src/ASF/thirdparty/wireless/services/mega/drivers/tc/tc_megarf.o
                0x00002ace                __vector_45
 .text.__vector_42
                0x00002b28       0x5a src/ASF/thirdparty/wireless/services/mega/drivers/tc/tc_megarf.o
                0x00002b28                __vector_42
 .text.__vector_43
                0x00002b82       0x5a src/ASF/thirdparty/wireless/services/mega/drivers/tc/tc_megarf.o
                0x00002b82                __vector_43
 .text.__vector_44
                0x00002bdc       0x5a src/ASF/thirdparty/wireless/services/mega/drivers/tc/tc_megarf.o
                0x00002bdc                __vector_44
 .text.__vector_50
                0x00002c36       0x5a src/ASF/thirdparty/wireless/services/mega/drivers/tc/tc_megarf.o
                0x00002c36                __vector_50
 .text.__vector_47
                0x00002c90       0x5a src/ASF/thirdparty/wireless/services/mega/drivers/tc/tc_megarf.o
                0x00002c90                __vector_47
 .text.__vector_48
                0x00002cea       0x5a src/ASF/thirdparty/wireless/services/mega/drivers/tc/tc_megarf.o
                0x00002cea                __vector_48
 .text.__vector_49
                0x00002d44       0x5a src/ASF/thirdparty/wireless/services/mega/drivers/tc/tc_megarf.o
                0x00002d44                __vector_49
 .text.tc_enable
                0x00002d9e       0xee src/ASF/thirdparty/wireless/services/mega/drivers/tc/tc_megarf.o
                0x00002d9e                tc_enable
 .text.tc_disable
                0x00002e8c       0xee src/ASF/thirdparty/wireless/services/mega/drivers/tc/tc_megarf.o
                0x00002e8c                tc_disable
 .text.tc_set_overflow_interrupt_callback
                0x00002f7a       0x40 src/ASF/thirdparty/wireless/services/mega/drivers/tc/tc_megarf.o
                0x00002f7a                tc_set_overflow_interrupt_callback
 .text.tc_set_compa_interrupt_callback
                0x00002fba       0x40 src/ASF/thirdparty/wireless/services/mega/drivers/tc/tc_megarf.o
                0x00002fba                tc_set_compa_interrupt_callback
 .text.sal_init
                0x00002ffa        0x2 src/ASF/thirdparty/wireless/services/sal/atmegarf_sal/src/sal.o
                0x00002ffa                sal_init
 .text.sal_aes_exec
                0x00002ffc       0x2c src/ASF/thirdparty/wireless/services/sal/atmegarf_sal/src/sal.o
                0x00002ffc                sal_aes_exec
 .text.sal_aes_setup
                0x00003028      0x11c src/ASF/thirdparty/wireless/services/sal/atmegarf_sal/src/sal.o
                0x00003028                sal_aes_setup
 .text.sal_aes_read
                0x00003144       0x18 src/ASF/thirdparty/wireless/services/sal/atmegarf_sal/src/sal.o
                0x00003144                sal_aes_read
 .text.__portable_avr_delay_cycles
                0x0000315c       0x16 src/Peer2Peer.o
 .text.appDataConf
                0x00003172        0x6 src/Peer2Peer.o
 .text.alarmTimerHandler
                0x00003178        0x6 src/Peer2Peer.o
 .text.activateAlarm
                0x0000317e       0x26 src/Peer2Peer.o
 .text.appSendData
                0x000031a4       0x66 src/Peer2Peer.o
 .text.appTimerHandler
                0x0000320a       0x10 src/Peer2Peer.o
 .text.timerConfig
                0x0000321a       0x44 src/Peer2Peer.o
                0x0000321a                timerConfig
 .text.sensor_conf
                0x0000325e       0x6c src/Peer2Peer.o
                0x0000325e                sensor_conf
 .text.read_temperature
                0x000032ca       0x74 src/Peer2Peer.o
                0x000032ca                read_temperature
 .text.temp5s_Handler
                0x0000333e       0x8e src/Peer2Peer.o
 .text.appDataInd
                0x000033cc      0x230 src/Peer2Peer.o
 .text.twi_init
                0x000035fc       0x60 src/Peer2Peer.o
                0x000035fc                twi_init
 .text.main     0x0000365c      0x18c src/Peer2Peer.o
                0x0000365c                main
 .text.libgcc.mul
                0x000037e8       0x1e c:/program files (x86)/atmel/studio/7.0/toolchain/avr8/avr8-gnu-toolchain/bin/../lib/gcc/avr/5.4.0/avr6\libgcc.a(_mulsi3.o)
                0x000037e8                __mulsi3
 .text.libgcc.div
                0x00003806       0x28 c:/program files (x86)/atmel/studio/7.0/toolchain/avr8/avr8-gnu-toolchain/bin/../lib/gcc/avr/5.4.0/avr6\libgcc.a(_udivmodhi4.o)
                0x00003806                __udivmodhi4
 .text.libgcc.div
                0x0000382e       0x44 c:/program files (x86)/atmel/studio/7.0/toolchain/avr8/avr8-gnu-toolchain/bin/../lib/gcc/avr/5.4.0/avr6\libgcc.a(_udivmodsi4.o)
                0x0000382e                __udivmodsi4
 .text.libgcc   0x00003872       0x10 c:/program files (x86)/atmel/studio/7.0/toolchain/avr8/avr8-gnu-toolchain/bin/../lib/gcc/avr/5.4.0/avr6\libgcc.a(_tablejump2.o)
                0x00003872                __tablejump2__
 .text.libgcc.mul
                0x00003882       0x14 c:/program files (x86)/atmel/studio/7.0/toolchain/avr8/avr8-gnu-toolchain/bin/../lib/gcc/avr/5.4.0/avr6\libgcc.a(_muluhisi3.o)
                0x00003882                __muluhisi3
 .text.libgcc.mul
                0x00003896       0x1e c:/program files (x86)/atmel/studio/7.0/toolchain/avr8/avr8-gnu-toolchain/bin/../lib/gcc/avr/5.4.0/avr6\libgcc.a(_umulhisi3.o)
                0x00003896                __umulhisi3
 .text.avr-libc
                0x000038b4       0xaa c:/program files (x86)/atmel/studio/7.0/toolchain/avr8/avr8-gnu-toolchain/bin/../lib/gcc/avr/5.4.0/../../../../avr/lib/avr6\libc.a(rand.o)
                0x00003940                rand_r
                0x00003942                rand
                0x00003948                srand
 .text.avr-libc
                0x0000395e       0x12 c:/program files (x86)/atmel/studio/7.0/toolchain/avr8/avr8-gnu-toolchain/bin/../lib/gcc/avr/5.4.0/../../../../avr/lib/avr6\libc.a(memcpy.o)
                0x0000395e                memcpy
 .text.avr-libc
                0x00003970       0x94 c:/program files (x86)/atmel/studio/7.0/toolchain/avr8/avr8-gnu-toolchain/bin/../lib/gcc/avr/5.4.0/../../../../avr/lib/avr6\libc.a(fdevopen.o)
                0x00003970                fdevopen
 .text.avr-libc
                0x00003a04       0x26 c:/program files (x86)/atmel/studio/7.0/toolchain/avr8/avr8-gnu-toolchain/bin/../lib/gcc/avr/5.4.0/../../../../avr/lib/avr6\libc.a(printf.o)
                0x00003a04                printf
 .text.avr-libc
                0x00003a2a        0xa c:/program files (x86)/atmel/studio/7.0/toolchain/avr8/avr8-gnu-toolchain/bin/../lib/gcc/avr/5.4.0/../../../../avr/lib/avr6\libc.a(putchar.o)
                0x00003a2a                putchar
 .text.avr-libc
                0x00003a34       0x5c c:/program files (x86)/atmel/studio/7.0/toolchain/avr8/avr8-gnu-toolchain/bin/../lib/gcc/avr/5.4.0/../../../../avr/lib/avr6\libc.a(sprintf.o)
                0x00003a34                sprintf
 .text.avr-libc
                0x00003a90      0x3fa c:/program files (x86)/atmel/studio/7.0/toolchain/avr8/avr8-gnu-toolchain/bin/../lib/gcc/avr/5.4.0/../../../../avr/lib/avr6\libc.a(vfprintf_std.o)
                0x00003a90                vfprintf
 .text.avr-libc
                0x00003e8a       0x34 c:/program files (x86)/atmel/studio/7.0/toolchain/avr8/avr8-gnu-toolchain/bin/../lib/gcc/avr/5.4.0/../../../../avr/lib/avr6\libc.a(calloc.o)
                0x00003e8a                calloc
 .text.avr-libc
                0x00003ebe      0x242 c:/program files (x86)/atmel/studio/7.0/toolchain/avr8/avr8-gnu-toolchain/bin/../lib/gcc/avr/5.4.0/../../../../avr/lib/avr6\libc.a(malloc.o)
                0x00003ebe                malloc
                0x00003fee                free
 .text.avr-libc
                0x00004100       0x16 c:/program files (x86)/atmel/studio/7.0/toolchain/avr8/avr8-gnu-toolchain/bin/../lib/gcc/avr/5.4.0/../../../../avr/lib/avr6\libc.a(strnlen_P.o)
                0x00004100                strnlen_P
 .text.avr-libc
                0x00004116        0xe c:/program files (x86)/atmel/studio/7.0/toolchain/avr8/avr8-gnu-toolchain/bin/../lib/gcc/avr/5.4.0/../../../../avr/lib/avr6\libc.a(memset.o)
                0x00004116                memset
 .text.avr-libc
                0x00004124       0x16 c:/program files (x86)/atmel/studio/7.0/toolchain/avr8/avr8-gnu-toolchain/bin/../lib/gcc/avr/5.4.0/../../../../avr/lib/avr6\libc.a(strnlen.o)
                0x00004124                strnlen
 .text.avr-libc
                0x0000413a       0x78 c:/program files (x86)/atmel/studio/7.0/toolchain/avr8/avr8-gnu-toolchain/bin/../lib/gcc/avr/5.4.0/../../../../avr/lib/avr6\libc.a(fputc.o)
                0x0000413a                fputc
 .text.avr-libc
                0x000041b2       0xbc c:/program files (x86)/atmel/studio/7.0/toolchain/avr8/avr8-gnu-toolchain/bin/../lib/gcc/avr/5.4.0/../../../../avr/lib/avr6\libc.a(ultoa_invert.o)
                0x000041b2                __ultoa_invert
 .text.libgcc.div
                0x0000426e       0x28 c:/program files (x86)/atmel/studio/7.0/toolchain/avr8/avr8-gnu-toolchain/bin/../lib/gcc/avr/5.4.0/avr6\libgcc.a(_divmodsi4.o)
                0x0000426e                __divmodsi4
 .text.libgcc.div
                0x00004296       0x10 c:/program files (x86)/atmel/studio/7.0/toolchain/avr8/avr8-gnu-toolchain/bin/../lib/gcc/avr/5.4.0/avr6\libgcc.a(_negsi2.o)
                0x00004296                __negsi2
 .text.libgcc.mul
                0x000042a6        0xc c:/program files (x86)/atmel/studio/7.0/toolchain/avr8/avr8-gnu-toolchain/bin/../lib/gcc/avr/5.4.0/avr6\libgcc.a(_mulshisi3.o)
                0x000042a6                __mulshisi3
                0x000042aa                __mulohisi3
                0x000042b2                . = ALIGN (0x2)
 *(.fini9)
 .fini9         0x000042b2        0x0 c:/program files (x86)/atmel/studio/7.0/toolchain/avr8/avr8-gnu-toolchain/bin/../lib/gcc/avr/5.4.0/avr6\libgcc.a(_exit.o)
                0x000042b2                _exit
                0x000042b2                exit
 *(.fini9)
 *(.fini8)
 *(.fini8)
 *(.fini7)
 *(.fini7)
 *(.fini6)
 *(.fini6)
 *(.fini5)
 *(.fini5)
 *(.fini4)
 *(.fini4)
 *(.fini3)
 *(.fini3)
 *(.fini2)
 *(.fini2)
 *(.fini1)
 *(.fini1)
 *(.fini0)
 .fini0         0x000042b2        0x4 c:/program files (x86)/atmel/studio/7.0/toolchain/avr8/avr8-gnu-toolchain/bin/../lib/gcc/avr/5.4.0/avr6\libgcc.a(_exit.o)
 *(.fini0)
                0x000042b6                _etext = .

.data           0x00800200      0x22c load address 0x000042b6
                0x00800200                PROVIDE (__data_start, .)
 *(.data)
 .data          0x00800200        0x4 c:/program files (x86)/atmel/studio/7.0/toolchain/avr8/avr8-gnu-toolchain/bin/../lib/gcc/avr/5.4.0/../../../../avr/lib/avr6\libc.a(rand.o)
 .data          0x00800204        0x6 c:/program files (x86)/atmel/studio/7.0/toolchain/avr8/avr8-gnu-toolchain/bin/../lib/gcc/avr/5.4.0/../../../../avr/lib/avr6\libc.a(malloc.o)
                0x00800204                __malloc_heap_end
                0x00800206                __malloc_heap_start
                0x00800208                __malloc_margin
 *(.data*)
 .data.usart_serial_options
                0x0080020a        0x7 src/ASF/thirdparty/wireless/addons/sio2host/uart/sio2host.o
 .data.last_dir
                0x00800211        0x1 src/ASF/thirdparty/wireless/services/sal/atmegarf_sal/src/sal.o
 .data.dstAddrPrev
                0x00800212        0x2 src/Peer2Peer.o
                0x00800212                dstAddrPrev
 .data.appTempBuffer
                0x00800214        0x6 src/Peer2Peer.o
 *(.gnu.linkonce.d*)
 *(.rodata)
 *(.rodata*)
 .rodata.str1.1
                0x0080021a      0x210 src/Peer2Peer.o
                                0x265 (size before relaxing)
 .rodata.conf_data
                0x0080042a        0x1 src/Peer2Peer.o
                0x0080042a                conf_data
 *(.gnu.linkonce.r*)
                0x0080042c                . = ALIGN (0x2)
 *fill*         0x0080042b        0x1 
                0x0080042c                _edata = .
                0x0080042c                PROVIDE (__data_end, .)

.bss            0x0080042c      0x8a7
                0x0080042c                PROVIDE (__bss_start, .)
 *(.bss)
 .bss           0x0080042c        0xb ../src/ASF/thirdparty/wireless/services/common_hw_timer/mega/lib\libmegarfr2_lib_hw_timer.a(common_hw_timer.o)
 *(.bss*)
 .bss.twi_mode  0x00800437        0x1 src/ASF/mega/drivers/twi/twi_megarf.o
 .bss.twi_master_busy
                0x00800438        0x1 src/ASF/mega/drivers/twi/twi_megarf.o
 .bss.slave_transfer
                0x00800439        0x7 src/ASF/mega/drivers/twi/twi_megarf.o
 .bss.master_transfer
                0x00800440        0x8 src/ASF/mega/drivers/twi/twi_megarf.o
 .bss.serial_rx_count
                0x00800448        0x1 src/ASF/thirdparty/wireless/addons/sio2host/uart/sio2host.o
 .bss.serial_rx_buf_tail
                0x00800449        0x1 src/ASF/thirdparty/wireless/addons/sio2host/uart/sio2host.o
 .bss.serial_rx_buf_head
                0x0080044a        0x1 src/ASF/thirdparty/wireless/addons/sio2host/uart/sio2host.o
 .bss.serial_rx_buf
                0x0080044b       0x9c src/ASF/thirdparty/wireless/addons/sio2host/uart/sio2host.o
 .bss.nwkDataReqQueue
                0x008004e7        0x2 src/ASF/thirdparty/wireless/avr2130_lwmesh/source/nwk/src/nwkDataReq.o
 .bss.nwkFrameFrames
                0x008004e9      0x19b src/ASF/thirdparty/wireless/avr2130_lwmesh/source/nwk/src/nwkFrame.o
 .bss.nwkRouteTable
                0x00800684      0x2bc src/ASF/thirdparty/wireless/avr2130_lwmesh/source/nwk/src/nwkRoute.o
 .bss.nwkRxDuplicateRejectionTimer
                0x00800940        0xd src/ASF/thirdparty/wireless/avr2130_lwmesh/source/nwk/src/nwkRx.o
 .bss.nwkRxAckControl
                0x0080094d        0x1 src/ASF/thirdparty/wireless/avr2130_lwmesh/source/nwk/src/nwkRx.o
 .bss.nwkRxDuplicateRejectionTable
                0x0080094e       0x32 src/ASF/thirdparty/wireless/avr2130_lwmesh/source/nwk/src/nwkRx.o
 .bss.nwkSecurityVector
                0x00800980       0x10 src/ASF/thirdparty/wireless/avr2130_lwmesh/source/nwk/src/nwkSecurity.o
 .bss.nwkSecurityEncrypt
                0x00800990        0x1 src/ASF/thirdparty/wireless/avr2130_lwmesh/source/nwk/src/nwkSecurity.o
 .bss.nwkSecurityOffset
                0x00800991        0x1 src/ASF/thirdparty/wireless/avr2130_lwmesh/source/nwk/src/nwkSecurity.o
 .bss.nwkSecuritySize
                0x00800992        0x1 src/ASF/thirdparty/wireless/avr2130_lwmesh/source/nwk/src/nwkSecurity.o
 .bss.nwkSecurityActiveFrame
                0x00800993        0x2 src/ASF/thirdparty/wireless/avr2130_lwmesh/source/nwk/src/nwkSecurity.o
 .bss.nwkSecurityActiveFrames
                0x00800995        0x1 src/ASF/thirdparty/wireless/avr2130_lwmesh/source/nwk/src/nwkSecurity.o
 .bss.nwkTxDelayTimer
                0x00800996        0xd src/ASF/thirdparty/wireless/avr2130_lwmesh/source/nwk/src/nwkTx.o
 .bss.nwkTxAckWaitTimer
                0x008009a3        0xd src/ASF/thirdparty/wireless/avr2130_lwmesh/source/nwk/src/nwkTx.o
 .bss.nwkTxPhyActiveFrame
                0x008009b0        0x2 src/ASF/thirdparty/wireless/avr2130_lwmesh/source/nwk/src/nwkTx.o
 .bss.phyBand   0x008009b2        0x1 src/ASF/thirdparty/wireless/avr2130_lwmesh/source/phy/atmegarfr2/src/phy.o
 .bss.phyChannel
                0x008009b3        0x1 src/ASF/thirdparty/wireless/avr2130_lwmesh/source/phy/atmegarfr2/src/phy.o
 .bss.phyRxState
                0x008009b4        0x1 src/ASF/thirdparty/wireless/avr2130_lwmesh/source/phy/atmegarfr2/src/phy.o
 .bss.phyRxBuffer
                0x008009b5       0x80 src/ASF/thirdparty/wireless/avr2130_lwmesh/source/phy/atmegarfr2/src/phy.o
 .bss.phyState  0x00800a35        0x1 src/ASF/thirdparty/wireless/avr2130_lwmesh/source/phy/atmegarfr2/src/phy.o
 .bss.timers    0x00800a36        0x2 src/ASF/thirdparty/wireless/avr2130_lwmesh/source/sys/src/sysTimer.o
 .bss.tc_tccr5_compc_callback
                0x00800a38        0x2 src/ASF/thirdparty/wireless/services/mega/drivers/tc/tc_megarf.o
 .bss.tc_tccr5_compb_callback
                0x00800a3a        0x2 src/ASF/thirdparty/wireless/services/mega/drivers/tc/tc_megarf.o
 .bss.tc_tccr5_compa_callback
                0x00800a3c        0x2 src/ASF/thirdparty/wireless/services/mega/drivers/tc/tc_megarf.o
 .bss.tc_tccr5_ovf_callback
                0x00800a3e        0x2 src/ASF/thirdparty/wireless/services/mega/drivers/tc/tc_megarf.o
 .bss.tc_tccr4_compc_callback
                0x00800a40        0x2 src/ASF/thirdparty/wireless/services/mega/drivers/tc/tc_megarf.o
 .bss.tc_tccr4_compb_callback
                0x00800a42        0x2 src/ASF/thirdparty/wireless/services/mega/drivers/tc/tc_megarf.o
 .bss.tc_tccr4_compa_callback
                0x00800a44        0x2 src/ASF/thirdparty/wireless/services/mega/drivers/tc/tc_megarf.o
 .bss.tc_tccr4_ovf_callback
                0x00800a46        0x2 src/ASF/thirdparty/wireless/services/mega/drivers/tc/tc_megarf.o
 .bss.tc_tccr3_compc_callback
                0x00800a48        0x2 src/ASF/thirdparty/wireless/services/mega/drivers/tc/tc_megarf.o
 .bss.tc_tccr3_compb_callback
                0x00800a4a        0x2 src/ASF/thirdparty/wireless/services/mega/drivers/tc/tc_megarf.o
 .bss.tc_tccr3_compa_callback
                0x00800a4c        0x2 src/ASF/thirdparty/wireless/services/mega/drivers/tc/tc_megarf.o
 .bss.tc_tccr3_ovf_callback
                0x00800a4e        0x2 src/ASF/thirdparty/wireless/services/mega/drivers/tc/tc_megarf.o
 .bss.tc_tccr1_compc_callback
                0x00800a50        0x2 src/ASF/thirdparty/wireless/services/mega/drivers/tc/tc_megarf.o
 .bss.tc_tccr1_compb_callback
                0x00800a52        0x2 src/ASF/thirdparty/wireless/services/mega/drivers/tc/tc_megarf.o
 .bss.tc_tccr1_compa_callback
                0x00800a54        0x2 src/ASF/thirdparty/wireless/services/mega/drivers/tc/tc_megarf.o
 .bss.tc_tccr1_ovf_callback
                0x00800a56        0x2 src/ASF/thirdparty/wireless/services/mega/drivers/tc/tc_megarf.o
 .bss.dec_key   0x00800a58       0x10 src/ASF/thirdparty/wireless/services/sal/atmegarf_sal/src/sal.o
 .bss.enc_key   0x00800a68       0x10 src/ASF/thirdparty/wireless/services/sal/atmegarf_sal/src/sal.o
 .bss.mode_byte
                0x00800a78        0x1 src/ASF/thirdparty/wireless/services/sal/atmegarf_sal/src/sal.o
 .bss.dec_initialized
                0x00800a79        0x1 src/ASF/thirdparty/wireless/services/sal/atmegarf_sal/src/sal.o
 .bss.alarmFlag
                0x00800a7a        0x1 src/Peer2Peer.o
                0x00800a7a                alarmFlag
 .bss.sio_rx_length
                0x00800a7b        0x1 src/Peer2Peer.o
 .bss.appUartBufferPtr
                0x00800a7c        0x1 src/Peer2Peer.o
 .bss.appUartBuffer
                0x00800a7d       0x69 src/Peer2Peer.o
 .bss.appDataReqBuffer
                0x00800ae6       0x69 src/Peer2Peer.o
 .bss.appDataReqBusy
                0x00800b4f        0x1 src/Peer2Peer.o
 .bss.appDataReq
                0x00800b50       0x11 src/Peer2Peer.o
 .bss.ackPendingTimer
                0x00800b61        0xd src/Peer2Peer.o
 .bss.alarmTimer
                0x00800b6e        0xd src/Peer2Peer.o
 .bss.temp5s    0x00800b7b        0xd src/Peer2Peer.o
 .bss.appTimer  0x00800b88        0xd src/Peer2Peer.o
 .bss.appState  0x00800b95        0x1 src/Peer2Peer.o
 .bss.rx_data   0x00800b96       0x14 src/Peer2Peer.o
 *(COMMON)
 COMMON         0x00800baa        0x2 src/ASF/common/utils/stdio/read.o
                0x00800baa                ptr_get
 COMMON         0x00800bac        0x4 src/ASF/common/utils/stdio/write.o
                0x00800bac                ptr_put
                0x00800bae                stdio_base
 COMMON         0x00800bb0       0x38 src/ASF/thirdparty/wireless/avr2130_lwmesh/source/nwk/src/nwk.o
                0x00800bb0                nwkIb
 COMMON         0x00800be8        0x1 src/ASF/thirdparty/wireless/avr2130_lwmesh/source/sys/src/sysTimer.o
                0x00800be8                SysTimerIrqCount
 COMMON         0x00800be9       0xdf src/Peer2Peer.o
                0x00800be9                watchBuffer
                0x00800c52                pData_auto
                0x00800c54                pData_forzada
                0x00800c56                temp_ctx
                0x00800c58                buffer
                0x00800cc1                CTC_flag
                0x00800cc2                ackPendingVect
                0x00800cc6                btn_prev
                0x00800cc7                btn_now
 COMMON         0x00800cc8        0x1 ../src/ASF/thirdparty/wireless/services/common_hw_timer/mega/lib\libmegarfr2_lib_hw_timer.a(common_hw_timer.o)
                0x00800cc8                timer_multiplier
 COMMON         0x00800cc9        0x6 c:/program files (x86)/atmel/studio/7.0/toolchain/avr8/avr8-gnu-toolchain/bin/../lib/gcc/avr/5.4.0/../../../../avr/lib/avr6\libc.a(iob.o)
                0x00800cc9                __iob
 COMMON         0x00800ccf        0x4 c:/program files (x86)/atmel/studio/7.0/toolchain/avr8/avr8-gnu-toolchain/bin/../lib/gcc/avr/5.4.0/../../../../avr/lib/avr6\libc.a(malloc.o)
                0x00800ccf                __brkval
                0x00800cd1                __flp
                0x00800cd3                PROVIDE (__bss_end, .)
                0x000042b6                __data_load_start = LOADADDR (.data)
                0x000044e2                __data_load_end = (__data_load_start + SIZEOF (.data))

.noinit         0x00800cd3        0x0
                [!provide]                PROVIDE (__noinit_start, .)
 *(.noinit*)
                [!provide]                PROVIDE (__noinit_end, .)
                0x00800cd3                _end = .
                0x00800cd3                PROVIDE (__heap_start, .)

.eeprom         0x00810000        0x0
 *(.eeprom*)
                0x00810000                __eeprom_end = .

.fuse
 *(.fuse)
 *(.lfuse)
 *(.hfuse)
 *(.efuse)

.lock
 *(.lock*)

.signature
 *(.signature*)

.user_signatures
 *(.user_signatures*)

.stab
 *(.stab)

.stabstr
 *(.stabstr)

.stab.excl
 *(.stab.excl)

.stab.exclstr
 *(.stab.exclstr)

.stab.index
 *(.stab.index)

.stab.indexstr
 *(.stab.indexstr)

.comment        0x00000000       0x5c
 *(.comment)
 .comment       0x00000000       0x30 src/ASF/common/services/clock/mega/sysclk.o
                                 0x31 (size before relaxing)
 .comment       0x00000030       0x31 src/ASF/common/services/serial/usart_serial.o
 .comment       0x00000030       0x31 src/ASF/common/utils/stdio/read.o
 .comment       0x00000030       0x31 src/ASF/common/utils/stdio/write.o
 .comment       0x00000030       0x31 src/ASF/mega/boards/atmega256rfr2_xplained_pro/init.o
 .comment       0x00000030       0x31 src/ASF/mega/drivers/twi/twi_megarf.o
 .comment       0x00000030       0x31 src/ASF/mega/drivers/usart/usart_megarf.o
 .comment       0x00000030       0x31 src/ASF/thirdparty/wireless/addons/sio2host/uart/sio2host.o
 .comment       0x00000030       0x31 src/ASF/thirdparty/wireless/avr2130_lwmesh/source/nwk/src/nwk.o
 .comment       0x00000030       0x31 src/ASF/thirdparty/wireless/avr2130_lwmesh/source/nwk/src/nwkDataReq.o
 .comment       0x00000030       0x31 src/ASF/thirdparty/wireless/avr2130_lwmesh/source/nwk/src/nwkFrame.o
 .comment       0x00000030       0x31 src/ASF/thirdparty/wireless/avr2130_lwmesh/source/nwk/src/nwkRoute.o
 .comment       0x00000030       0x31 src/ASF/thirdparty/wireless/avr2130_lwmesh/source/nwk/src/nwkRx.o
 .comment       0x00000030       0x31 src/ASF/thirdparty/wireless/avr2130_lwmesh/source/nwk/src/nwkSecurity.o
 .comment       0x00000030       0x31 src/ASF/thirdparty/wireless/avr2130_lwmesh/source/nwk/src/nwkTx.o
 .comment       0x00000030       0x31 src/ASF/thirdparty/wireless/avr2130_lwmesh/source/phy/atmegarfr2/src/phy.o
 .comment       0x00000030       0x31 src/ASF/thirdparty/wireless/avr2130_lwmesh/source/sys/src/sys.o
 .comment       0x00000030       0x31 src/ASF/thirdparty/wireless/avr2130_lwmesh/source/sys/src/sysEncrypt.o
 .comment       0x00000030       0x31 src/ASF/thirdparty/wireless/avr2130_lwmesh/source/sys/src/sysTimer.o
 .comment       0x00000030       0x31 src/ASF/thirdparty/wireless/services/common_hw_timer/mega/hw_timer.o
 .comment       0x00000030       0x31 src/ASF/thirdparty/wireless/services/mega/drivers/tc/tc_megarf.o
 .comment       0x00000030       0x31 src/ASF/thirdparty/wireless/services/sal/atmegarf_sal/src/sal.o
 .comment       0x00000030       0x31 src/Peer2Peer.o
 .comment       0x00000030       0x31 c:/program files (x86)/atmel/studio/7.0/toolchain/avr8/avr8-gnu-toolchain/bin/../lib/gcc/avr/5.4.0/../../../../avr/lib/avr6\libc.a(rand.o)
 .comment       0x00000030       0x31 c:/program files (x86)/atmel/studio/7.0/toolchain/avr8/avr8-gnu-toolchain/bin/../lib/gcc/avr/5.4.0/../../../../avr/lib/avr6\libc.a(fdevopen.o)
 .comment       0x00000030       0x31 c:/program files (x86)/atmel/studio/7.0/toolchain/avr8/avr8-gnu-toolchain/bin/../lib/gcc/avr/5.4.0/../../../../avr/lib/avr6\libc.a(iob.o)
 .comment       0x00000030       0x31 c:/program files (x86)/atmel/studio/7.0/toolchain/avr8/avr8-gnu-toolchain/bin/../lib/gcc/avr/5.4.0/../../../../avr/lib/avr6\libc.a(printf.o)
 .comment       0x00000030       0x31 c:/program files (x86)/atmel/studio/7.0/toolchain/avr8/avr8-gnu-toolchain/bin/../lib/gcc/avr/5.4.0/../../../../avr/lib/avr6\libc.a(putchar.o)
 .comment       0x00000030       0x31 c:/program files (x86)/atmel/studio/7.0/toolchain/avr8/avr8-gnu-toolchain/bin/../lib/gcc/avr/5.4.0/../../../../avr/lib/avr6\libc.a(sprintf.o)
 .comment       0x00000030       0x2c c:/program files (x86)/atmel/studio/7.0/toolchain/avr8/avr8-gnu-toolchain/bin/../lib/gcc/avr/5.4.0/../../../../avr/lib/avr6\libc.a(vfprintf_std.o)
                                 0x2d (size before relaxing)
 .comment       0x0000005c       0x31 c:/program files (x86)/atmel/studio/7.0/toolchain/avr8/avr8-gnu-toolchain/bin/../lib/gcc/avr/5.4.0/../../../../avr/lib/avr6\libc.a(calloc.o)
 .comment       0x0000005c       0x31 c:/program files (x86)/atmel/studio/7.0/toolchain/avr8/avr8-gnu-toolchain/bin/../lib/gcc/avr/5.4.0/../../../../avr/lib/avr6\libc.a(malloc.o)
 .comment       0x0000005c       0x31 c:/program files (x86)/atmel/studio/7.0/toolchain/avr8/avr8-gnu-toolchain/bin/../lib/gcc/avr/5.4.0/../../../../avr/lib/avr6\libc.a(fputc.o)

.note.gnu.avr.deviceinfo
                0x00000000       0x40
 .note.gnu.avr.deviceinfo
                0x00000000       0x40 C:/Program Files (x86)/Atmel/Studio/7.0/Packs/atmel/ATmega_DFP/1.6.364/gcc/dev/atmega256rfr2/avr6/crtatmega256rfr2.o

.note.gnu.build-id
 *(.note.gnu.build-id)

.debug
 *(.debug)

.line
 *(.line)

.debug_srcinfo
 *(.debug_srcinfo)

.debug_sfnames
 *(.debug_sfnames)

.debug_aranges  0x00000000      0x7b8
 *(.debug_aranges)
 .debug_aranges
                0x00000000       0x30 src/ASF/common/services/clock/mega/sysclk.o
 .debug_aranges
                0x00000030       0x28 src/ASF/common/services/serial/usart_serial.o
 .debug_aranges
                0x00000058       0x20 src/ASF/common/utils/stdio/read.o
 .debug_aranges
                0x00000078       0x20 src/ASF/common/utils/stdio/write.o
 .debug_aranges
                0x00000098       0x20 src/ASF/mega/boards/atmega256rfr2_xplained_pro/init.o
 .debug_aranges
                0x000000b8       0x70 src/ASF/mega/drivers/twi/twi_megarf.o
 .debug_aranges
                0x00000128       0x50 src/ASF/mega/drivers/usart/usart_megarf.o
 .debug_aranges
                0x00000178       0x78 src/ASF/thirdparty/wireless/addons/sio2host/uart/sio2host.o
 .debug_aranges
                0x000001f0       0x70 src/ASF/thirdparty/wireless/avr2130_lwmesh/source/nwk/src/nwk.o
 .debug_aranges
                0x00000260       0x38 src/ASF/thirdparty/wireless/avr2130_lwmesh/source/nwk/src/nwkDataReq.o
 .debug_aranges
                0x00000298       0x40 src/ASF/thirdparty/wireless/avr2130_lwmesh/source/nwk/src/nwkFrame.o
 .debug_aranges
                0x000002d8       0x80 src/ASF/thirdparty/wireless/avr2130_lwmesh/source/nwk/src/nwkRoute.o
 .debug_aranges
                0x00000358       0x50 src/ASF/thirdparty/wireless/avr2130_lwmesh/source/nwk/src/nwkRx.o
 .debug_aranges
                0x000003a8       0x40 src/ASF/thirdparty/wireless/avr2130_lwmesh/source/nwk/src/nwkSecurity.o
 .debug_aranges
                0x000003e8       0x68 src/ASF/thirdparty/wireless/avr2130_lwmesh/source/nwk/src/nwkTx.o
 .debug_aranges
                0x00000450       0xb0 src/ASF/thirdparty/wireless/avr2130_lwmesh/source/phy/atmegarfr2/src/phy.o
 .debug_aranges
                0x00000500       0x28 src/ASF/thirdparty/wireless/avr2130_lwmesh/source/sys/src/sys.o
 .debug_aranges
                0x00000528       0x20 src/ASF/thirdparty/wireless/avr2130_lwmesh/source/sys/src/sysEncrypt.o
 .debug_aranges
                0x00000548       0x50 src/ASF/thirdparty/wireless/avr2130_lwmesh/source/sys/src/sysTimer.o
 .debug_aranges
                0x00000598       0x70 src/ASF/thirdparty/wireless/services/common_hw_timer/mega/hw_timer.o
 .debug_aranges
                0x00000608       0xc8 src/ASF/thirdparty/wireless/services/mega/drivers/tc/tc_megarf.o
 .debug_aranges
                0x000006d0       0x48 src/ASF/thirdparty/wireless/services/sal/atmegarf_sal/src/sal.o
 .debug_aranges
                0x00000718       0x80 src/Peer2Peer.o
 .debug_aranges
                0x00000798       0x20 ../src/ASF/thirdparty/wireless/services/common_hw_timer/mega/lib\libmegarfr2_lib_hw_timer.a(common_hw_timer.o)

.debug_pubnames
 *(.debug_pubnames)

.debug_info     0x00000000     0xb3fc
 *(.debug_info .gnu.linkonce.wi.*)
 .debug_info    0x00000000     0x13e6 C:/Program Files (x86)/Atmel/Studio/7.0/Packs/atmel/ATmega_DFP/1.6.364/gcc/dev/atmega256rfr2/avr6/crtatmega256rfr2.o
 .debug_info    0x000013e6      0x2b5 src/ASF/common/services/clock/mega/sysclk.o
 .debug_info    0x0000169b      0x39e src/ASF/common/services/serial/usart_serial.o
 .debug_info    0x00001a39      0x104 src/ASF/common/utils/stdio/read.o
 .debug_info    0x00001b3d      0x104 src/ASF/common/utils/stdio/write.o
 .debug_info    0x00001c41      0x282 src/ASF/mega/boards/atmega256rfr2_xplained_pro/init.o
 .debug_info    0x00001ec3      0xaa6 src/ASF/mega/drivers/twi/twi_megarf.o
 .debug_info    0x00002969      0xb97 src/ASF/mega/drivers/usart/usart_megarf.o
 .debug_info    0x00003500      0x823 src/ASF/thirdparty/wireless/addons/sio2host/uart/sio2host.o
 .debug_info    0x00003d23      0x527 src/ASF/thirdparty/wireless/avr2130_lwmesh/source/nwk/src/nwk.o
 .debug_info    0x0000424a      0x7b2 src/ASF/thirdparty/wireless/avr2130_lwmesh/source/nwk/src/nwkDataReq.o
 .debug_info    0x000049fc      0x59f src/ASF/thirdparty/wireless/avr2130_lwmesh/source/nwk/src/nwkFrame.o
 .debug_info    0x00004f9b      0xb7f src/ASF/thirdparty/wireless/avr2130_lwmesh/source/nwk/src/nwkRoute.o
 .debug_info    0x00005b1a      0xcbc src/ASF/thirdparty/wireless/avr2130_lwmesh/source/nwk/src/nwkRx.o
 .debug_info    0x000067d6      0x72e src/ASF/thirdparty/wireless/avr2130_lwmesh/source/nwk/src/nwkSecurity.o
 .debug_info    0x00006f04      0xaa0 src/ASF/thirdparty/wireless/avr2130_lwmesh/source/nwk/src/nwkTx.o
 .debug_info    0x000079a4      0xaaa src/ASF/thirdparty/wireless/avr2130_lwmesh/source/phy/atmegarfr2/src/phy.o
 .debug_info    0x0000844e      0x233 src/ASF/thirdparty/wireless/avr2130_lwmesh/source/sys/src/sys.o
 .debug_info    0x00008681      0x104 src/ASF/thirdparty/wireless/avr2130_lwmesh/source/sys/src/sysEncrypt.o
 .debug_info    0x00008785      0x459 src/ASF/thirdparty/wireless/avr2130_lwmesh/source/sys/src/sysTimer.o
 .debug_info    0x00008bde      0x734 src/ASF/thirdparty/wireless/services/common_hw_timer/mega/hw_timer.o
 .debug_info    0x00009312      0x854 src/ASF/thirdparty/wireless/services/mega/drivers/tc/tc_megarf.o
 .debug_info    0x00009b66      0x24b src/ASF/thirdparty/wireless/services/sal/atmegarf_sal/src/sal.o
 .debug_info    0x00009db1     0x13cf src/Peer2Peer.o
 .debug_info    0x0000b180      0x27c ../src/ASF/thirdparty/wireless/services/common_hw_timer/mega/lib\libmegarfr2_lib_hw_timer.a(common_hw_timer.o)

.debug_abbrev   0x00000000     0x4558
 *(.debug_abbrev)
 .debug_abbrev  0x00000000     0x12d6 C:/Program Files (x86)/Atmel/Studio/7.0/Packs/atmel/ATmega_DFP/1.6.364/gcc/dev/atmega256rfr2/avr6/crtatmega256rfr2.o
 .debug_abbrev  0x000012d6      0x1a6 src/ASF/common/services/clock/mega/sysclk.o
 .debug_abbrev  0x0000147c      0x17d src/ASF/common/services/serial/usart_serial.o
 .debug_abbrev  0x000015f9       0xc5 src/ASF/common/utils/stdio/read.o
 .debug_abbrev  0x000016be       0xa7 src/ASF/common/utils/stdio/write.o
 .debug_abbrev  0x00001765      0x149 src/ASF/mega/boards/atmega256rfr2_xplained_pro/init.o
 .debug_abbrev  0x000018ae      0x2cd src/ASF/mega/drivers/twi/twi_megarf.o
 .debug_abbrev  0x00001b7b      0x345 src/ASF/mega/drivers/usart/usart_megarf.o
 .debug_abbrev  0x00001ec0      0x301 src/ASF/thirdparty/wireless/addons/sio2host/uart/sio2host.o
 .debug_abbrev  0x000021c1      0x1b8 src/ASF/thirdparty/wireless/avr2130_lwmesh/source/nwk/src/nwk.o
 .debug_abbrev  0x00002379      0x282 src/ASF/thirdparty/wireless/avr2130_lwmesh/source/nwk/src/nwkDataReq.o
 .debug_abbrev  0x000025fb      0x186 src/ASF/thirdparty/wireless/avr2130_lwmesh/source/nwk/src/nwkFrame.o
 .debug_abbrev  0x00002781      0x335 src/ASF/thirdparty/wireless/avr2130_lwmesh/source/nwk/src/nwkRoute.o
 .debug_abbrev  0x00002ab6      0x38d src/ASF/thirdparty/wireless/avr2130_lwmesh/source/nwk/src/nwkRx.o
 .debug_abbrev  0x00002e43      0x276 src/ASF/thirdparty/wireless/avr2130_lwmesh/source/nwk/src/nwkSecurity.o
 .debug_abbrev  0x000030b9      0x338 src/ASF/thirdparty/wireless/avr2130_lwmesh/source/nwk/src/nwkTx.o
 .debug_abbrev  0x000033f1      0x319 src/ASF/thirdparty/wireless/avr2130_lwmesh/source/phy/atmegarfr2/src/phy.o
 .debug_abbrev  0x0000370a       0xdc src/ASF/thirdparty/wireless/avr2130_lwmesh/source/sys/src/sys.o
 .debug_abbrev  0x000037e6       0xb3 src/ASF/thirdparty/wireless/avr2130_lwmesh/source/sys/src/sysEncrypt.o
 .debug_abbrev  0x00003899      0x211 src/ASF/thirdparty/wireless/avr2130_lwmesh/source/sys/src/sysTimer.o
 .debug_abbrev  0x00003aaa      0x21b src/ASF/thirdparty/wireless/services/common_hw_timer/mega/hw_timer.o
 .debug_abbrev  0x00003cc5      0x1d3 src/ASF/thirdparty/wireless/services/mega/drivers/tc/tc_megarf.o
 .debug_abbrev  0x00003e98      0x146 src/ASF/thirdparty/wireless/services/sal/atmegarf_sal/src/sal.o
 .debug_abbrev  0x00003fde      0x463 src/Peer2Peer.o
 .debug_abbrev  0x00004441      0x117 ../src/ASF/thirdparty/wireless/services/common_hw_timer/mega/lib\libmegarfr2_lib_hw_timer.a(common_hw_timer.o)

.debug_line     0x00000000     0xa20d
 *(.debug_line .debug_line.* .debug_line_end)
 .debug_line    0x00000000      0x272 C:/Program Files (x86)/Atmel/Studio/7.0/Packs/atmel/ATmega_DFP/1.6.364/gcc/dev/atmega256rfr2/avr6/crtatmega256rfr2.o
 .debug_line    0x00000272      0x58b src/ASF/common/services/clock/mega/sysclk.o
 .debug_line    0x000007fd      0x5e2 src/ASF/common/services/serial/usart_serial.o
 .debug_line    0x00000ddf      0x32e src/ASF/common/utils/stdio/read.o
 .debug_line    0x0000110d      0x335 src/ASF/common/utils/stdio/write.o
 .debug_line    0x00001442      0x479 src/ASF/mega/boards/atmega256rfr2_xplained_pro/init.o
 .debug_line    0x000018bb      0x835 src/ASF/mega/drivers/twi/twi_megarf.o
 .debug_line    0x000020f0      0x7e2 src/ASF/mega/drivers/usart/usart_megarf.o
 .debug_line    0x000028d2      0x994 src/ASF/thirdparty/wireless/addons/sio2host/uart/sio2host.o
 .debug_line    0x00003266      0x647 src/ASF/thirdparty/wireless/avr2130_lwmesh/source/nwk/src/nwk.o
 .debug_line    0x000038ad      0x5b0 src/ASF/thirdparty/wireless/avr2130_lwmesh/source/nwk/src/nwkDataReq.o
 .debug_line    0x00003e5d      0x520 src/ASF/thirdparty/wireless/avr2130_lwmesh/source/nwk/src/nwkFrame.o
 .debug_line    0x0000437d      0x80f src/ASF/thirdparty/wireless/avr2130_lwmesh/source/nwk/src/nwkRoute.o
 .debug_line    0x00004b8c      0x891 src/ASF/thirdparty/wireless/avr2130_lwmesh/source/nwk/src/nwkRx.o
 .debug_line    0x0000541d      0x611 src/ASF/thirdparty/wireless/avr2130_lwmesh/source/nwk/src/nwkSecurity.o
 .debug_line    0x00005a2e      0x865 src/ASF/thirdparty/wireless/avr2130_lwmesh/source/nwk/src/nwkTx.o
 .debug_line    0x00006293      0xa7c src/ASF/thirdparty/wireless/avr2130_lwmesh/source/phy/atmegarfr2/src/phy.o
 .debug_line    0x00006d0f      0x92d src/ASF/thirdparty/wireless/avr2130_lwmesh/source/sys/src/sys.o
 .debug_line    0x0000763c      0x242 src/ASF/thirdparty/wireless/avr2130_lwmesh/source/sys/src/sysEncrypt.o
 .debug_line    0x0000787e      0x639 src/ASF/thirdparty/wireless/avr2130_lwmesh/source/sys/src/sysTimer.o
 .debug_line    0x00007eb7      0x71d src/ASF/thirdparty/wireless/services/common_hw_timer/mega/hw_timer.o
 .debug_line    0x000085d4      0x9f7 src/ASF/thirdparty/wireless/services/mega/drivers/tc/tc_megarf.o
 .debug_line    0x00008fcb      0x396 src/ASF/thirdparty/wireless/services/sal/atmegarf_sal/src/sal.o
 .debug_line    0x00009361      0xd67 src/Peer2Peer.o
 .debug_line    0x0000a0c8      0x145 ../src/ASF/thirdparty/wireless/services/common_hw_timer/mega/lib\libmegarfr2_lib_hw_timer.a(common_hw_timer.o)

.debug_frame    0x00000000     0x1894
 *(.debug_frame)
 .debug_frame   0x00000000       0x74 src/ASF/common/services/clock/mega/sysclk.o
 .debug_frame   0x00000074       0x74 src/ASF/common/services/serial/usart_serial.o
 .debug_frame   0x000000e8       0x34 src/ASF/common/utils/stdio/read.o
 .debug_frame   0x0000011c       0x24 src/ASF/common/utils/stdio/write.o
 .debug_frame   0x00000140       0x24 src/ASF/mega/boards/atmega256rfr2_xplained_pro/init.o
 .debug_frame   0x00000164      0x10c src/ASF/mega/drivers/twi/twi_megarf.o
 .debug_frame   0x00000270      0x130 src/ASF/mega/drivers/usart/usart_megarf.o
 .debug_frame   0x000003a0      0x1a0 src/ASF/thirdparty/wireless/addons/sio2host/uart/sio2host.o
 .debug_frame   0x00000540       0xd4 src/ASF/thirdparty/wireless/avr2130_lwmesh/source/nwk/src/nwk.o
 .debug_frame   0x00000614       0x68 src/ASF/thirdparty/wireless/avr2130_lwmesh/source/nwk/src/nwkDataReq.o
 .debug_frame   0x0000067c       0x64 src/ASF/thirdparty/wireless/avr2130_lwmesh/source/nwk/src/nwkFrame.o
 .debug_frame   0x000006e0      0x174 src/ASF/thirdparty/wireless/avr2130_lwmesh/source/nwk/src/nwkRoute.o
 .debug_frame   0x00000854       0xf0 src/ASF/thirdparty/wireless/avr2130_lwmesh/source/nwk/src/nwkRx.o
 .debug_frame   0x00000944       0x84 src/ASF/thirdparty/wireless/avr2130_lwmesh/source/nwk/src/nwkSecurity.o
 .debug_frame   0x000009c8      0x154 src/ASF/thirdparty/wireless/avr2130_lwmesh/source/nwk/src/nwkTx.o
 .debug_frame   0x00000b1c      0x1bc src/ASF/thirdparty/wireless/avr2130_lwmesh/source/phy/atmegarfr2/src/phy.o
 .debug_frame   0x00000cd8       0x34 src/ASF/thirdparty/wireless/avr2130_lwmesh/source/sys/src/sys.o
 .debug_frame   0x00000d0c       0x24 src/ASF/thirdparty/wireless/avr2130_lwmesh/source/sys/src/sysEncrypt.o
 .debug_frame   0x00000d30       0xe0 src/ASF/thirdparty/wireless/avr2130_lwmesh/source/sys/src/sysTimer.o
 .debug_frame   0x00000e10       0xe0 src/ASF/thirdparty/wireless/services/common_hw_timer/mega/hw_timer.o
 .debug_frame   0x00000ef0      0x624 src/ASF/thirdparty/wireless/services/mega/drivers/tc/tc_megarf.o
 .debug_frame   0x00001514       0x90 src/ASF/thirdparty/wireless/services/sal/atmegarf_sal/src/sal.o
 .debug_frame   0x000015a4      0x228 src/Peer2Peer.o
 .debug_frame   0x000017cc       0xc8 ../src/ASF/thirdparty/wireless/services/common_hw_timer/mega/lib\libmegarfr2_lib_hw_timer.a(common_hw_timer.o)

.debug_str      0x00000000    0x1d751
 *(.debug_str)
 .debug_str     0x00000000      0x7f7 C:/Program Files (x86)/Atmel/Studio/7.0/Packs/atmel/ATmega_DFP/1.6.364/gcc/dev/atmega256rfr2/avr6/crtatmega256rfr2.o
 .debug_str     0x000007f7    0x16e25 src/ASF/common/services/clock/mega/sysclk.o
                              0x17073 (size before relaxing)
 .debug_str     0x0001761c      0x7c9 src/ASF/common/services/serial/usart_serial.o
                              0x17781 (size before relaxing)
 .debug_str     0x00017de5       0x38 src/ASF/common/utils/stdio/read.o
                              0x15dab (size before relaxing)
 .debug_str     0x00017e1d       0x2e src/ASF/common/utils/stdio/write.o
                              0x15dad (size before relaxing)
 .debug_str     0x00017e4b      0x170 src/ASF/mega/boards/atmega256rfr2_xplained_pro/init.o
                              0x16d99 (size before relaxing)
 .debug_str     0x00017fbb      0x898 src/ASF/mega/drivers/twi/twi_megarf.o
                              0x1677c (size before relaxing)
 .debug_str     0x00018853      0x3a8 src/ASF/mega/drivers/usart/usart_megarf.o
                              0x17c05 (size before relaxing)
 .debug_str     0x00018bfb      0xb22 src/ASF/thirdparty/wireless/addons/sio2host/uart/sio2host.o
                              0x1871d (size before relaxing)
 .debug_str     0x0001971d      0x75a src/ASF/thirdparty/wireless/avr2130_lwmesh/source/nwk/src/nwk.o
                              0x1651d (size before relaxing)
 .debug_str     0x00019e77      0x367 src/ASF/thirdparty/wireless/avr2130_lwmesh/source/nwk/src/nwkDataReq.o
                              0x166b6 (size before relaxing)
 .debug_str     0x0001a1de       0x8d src/ASF/thirdparty/wireless/avr2130_lwmesh/source/nwk/src/nwkFrame.o
                              0x16549 (size before relaxing)
 .debug_str     0x0001a26b      0x269 src/ASF/thirdparty/wireless/avr2130_lwmesh/source/nwk/src/nwkRoute.o
                              0x1663d (size before relaxing)
 .debug_str     0x0001a4d4      0x446 src/ASF/thirdparty/wireless/avr2130_lwmesh/source/nwk/src/nwkRx.o
                              0x16a11 (size before relaxing)
 .debug_str     0x0001a91a      0x1fe src/ASF/thirdparty/wireless/avr2130_lwmesh/source/nwk/src/nwkSecurity.o
                              0x1666b (size before relaxing)
 .debug_str     0x0001ab18      0x252 src/ASF/thirdparty/wireless/avr2130_lwmesh/source/nwk/src/nwkTx.o
                              0x16938 (size before relaxing)
 .debug_str     0x0001ad6a     0x1781 src/ASF/thirdparty/wireless/avr2130_lwmesh/source/phy/atmegarfr2/src/phy.o
                              0x18b88 (size before relaxing)
 .debug_str     0x0001c4eb       0x91 src/ASF/thirdparty/wireless/avr2130_lwmesh/source/sys/src/sys.o
                              0x18662 (size before relaxing)
 .debug_str     0x0001c57c       0x4a src/ASF/thirdparty/wireless/avr2130_lwmesh/source/sys/src/sysEncrypt.o
                               0x3908 (size before relaxing)
 .debug_str     0x0001c5c6      0x11d src/ASF/thirdparty/wireless/avr2130_lwmesh/source/sys/src/sysTimer.o
                              0x15fb1 (size before relaxing)
 .debug_str     0x0001c6e3      0x40a src/ASF/thirdparty/wireless/services/common_hw_timer/mega/hw_timer.o
                              0x174ca (size before relaxing)
 .debug_str     0x0001caed      0x2f1 src/ASF/thirdparty/wireless/services/mega/drivers/tc/tc_megarf.o
                              0x173e0 (size before relaxing)
 .debug_str     0x0001cdde      0x363 src/ASF/thirdparty/wireless/services/sal/atmegarf_sal/src/sal.o
                               0x3aee (size before relaxing)
 .debug_str     0x0001d141      0x489 src/Peer2Peer.o
                              0x18fe4 (size before relaxing)
 .debug_str     0x0001d5ca      0x187 ../src/ASF/thirdparty/wireless/services/common_hw_timer/mega/lib\libmegarfr2_lib_hw_timer.a(common_hw_timer.o)
                                0x2a0 (size before relaxing)

.debug_loc      0x00000000     0x5eb5
 *(.debug_loc)
 .debug_loc     0x00000000      0x1f2 src/ASF/common/services/clock/mega/sysclk.o
 .debug_loc     0x000001f2      0x273 src/ASF/common/services/serial/usart_serial.o
 .debug_loc     0x00000465       0x6e src/ASF/common/utils/stdio/read.o
 .debug_loc     0x000004d3       0x52 src/ASF/common/utils/stdio/write.o
 .debug_loc     0x00000525       0x51 src/ASF/mega/boards/atmega256rfr2_xplained_pro/init.o
 .debug_loc     0x00000576      0x386 src/ASF/mega/drivers/twi/twi_megarf.o
 .debug_loc     0x000008fc      0xbfe src/ASF/mega/drivers/usart/usart_megarf.o
 .debug_loc     0x000014fa      0x50d src/ASF/thirdparty/wireless/addons/sio2host/uart/sio2host.o
 .debug_loc     0x00001a07      0x14d src/ASF/thirdparty/wireless/avr2130_lwmesh/source/nwk/src/nwk.o
 .debug_loc     0x00001b54      0x137 src/ASF/thirdparty/wireless/avr2130_lwmesh/source/nwk/src/nwkDataReq.o
 .debug_loc     0x00001c8b      0x11e src/ASF/thirdparty/wireless/avr2130_lwmesh/source/nwk/src/nwkFrame.o
 .debug_loc     0x00001da9      0x875 src/ASF/thirdparty/wireless/avr2130_lwmesh/source/nwk/src/nwkRoute.o
 .debug_loc     0x0000261e      0x543 src/ASF/thirdparty/wireless/avr2130_lwmesh/source/nwk/src/nwkRx.o
 .debug_loc     0x00002b61      0x186 src/ASF/thirdparty/wireless/avr2130_lwmesh/source/nwk/src/nwkSecurity.o
 .debug_loc     0x00002ce7      0x691 src/ASF/thirdparty/wireless/avr2130_lwmesh/source/nwk/src/nwkTx.o
 .debug_loc     0x00003378      0x571 src/ASF/thirdparty/wireless/avr2130_lwmesh/source/phy/atmegarfr2/src/phy.o
 .debug_loc     0x000038e9       0x4c src/ASF/thirdparty/wireless/avr2130_lwmesh/source/sys/src/sysEncrypt.o
 .debug_loc     0x00003935      0x442 src/ASF/thirdparty/wireless/avr2130_lwmesh/source/sys/src/sysTimer.o
 .debug_loc     0x00003d77      0x1ec src/ASF/thirdparty/wireless/services/common_hw_timer/mega/hw_timer.o
 .debug_loc     0x00003f63     0x131a src/ASF/thirdparty/wireless/services/mega/drivers/tc/tc_megarf.o
 .debug_loc     0x0000527d      0x340 src/ASF/thirdparty/wireless/services/sal/atmegarf_sal/src/sal.o
 .debug_loc     0x000055bd      0x78a src/Peer2Peer.o
 .debug_loc     0x00005d47      0x16e ../src/ASF/thirdparty/wireless/services/common_hw_timer/mega/lib\libmegarfr2_lib_hw_timer.a(common_hw_timer.o)

.debug_macinfo
 *(.debug_macinfo)

.debug_weaknames
 *(.debug_weaknames)

.debug_funcnames
 *(.debug_funcnames)

.debug_typenames
 *(.debug_typenames)

.debug_varnames
 *(.debug_varnames)

.debug_pubtypes
 *(.debug_pubtypes)

.debug_ranges   0x00000000      0x790
 *(.debug_ranges)
 .debug_ranges  0x00000000       0x20 src/ASF/common/services/clock/mega/sysclk.o
 .debug_ranges  0x00000020       0x18 src/ASF/common/services/serial/usart_serial.o
 .debug_ranges  0x00000038       0x10 src/ASF/common/utils/stdio/read.o
 .debug_ranges  0x00000048       0x10 src/ASF/common/utils/stdio/write.o
 .debug_ranges  0x00000058       0x10 src/ASF/mega/boards/atmega256rfr2_xplained_pro/init.o
 .debug_ranges  0x00000068       0x60 src/ASF/mega/drivers/twi/twi_megarf.o
 .debug_ranges  0x000000c8       0x78 src/ASF/mega/drivers/usart/usart_megarf.o
 .debug_ranges  0x00000140       0x68 src/ASF/thirdparty/wireless/addons/sio2host/uart/sio2host.o
 .debug_ranges  0x000001a8       0x60 src/ASF/thirdparty/wireless/avr2130_lwmesh/source/nwk/src/nwk.o
 .debug_ranges  0x00000208       0x28 src/ASF/thirdparty/wireless/avr2130_lwmesh/source/nwk/src/nwkDataReq.o
 .debug_ranges  0x00000230       0x30 src/ASF/thirdparty/wireless/avr2130_lwmesh/source/nwk/src/nwkFrame.o
 .debug_ranges  0x00000260       0x88 src/ASF/thirdparty/wireless/avr2130_lwmesh/source/nwk/src/nwkRoute.o
 .debug_ranges  0x000002e8       0xd8 src/ASF/thirdparty/wireless/avr2130_lwmesh/source/nwk/src/nwkRx.o
 .debug_ranges  0x000003c0       0x30 src/ASF/thirdparty/wireless/avr2130_lwmesh/source/nwk/src/nwkSecurity.o
 .debug_ranges  0x000003f0       0x70 src/ASF/thirdparty/wireless/avr2130_lwmesh/source/nwk/src/nwkTx.o
 .debug_ranges  0x00000460       0xa0 src/ASF/thirdparty/wireless/avr2130_lwmesh/source/phy/atmegarfr2/src/phy.o
 .debug_ranges  0x00000500       0x18 src/ASF/thirdparty/wireless/avr2130_lwmesh/source/sys/src/sys.o
 .debug_ranges  0x00000518       0x10 src/ASF/thirdparty/wireless/avr2130_lwmesh/source/sys/src/sysEncrypt.o
 .debug_ranges  0x00000528       0x78 src/ASF/thirdparty/wireless/avr2130_lwmesh/source/sys/src/sysTimer.o
 .debug_ranges  0x000005a0       0x60 src/ASF/thirdparty/wireless/services/common_hw_timer/mega/hw_timer.o
 .debug_ranges  0x00000600       0xb8 src/ASF/thirdparty/wireless/services/mega/drivers/tc/tc_megarf.o
 .debug_ranges  0x000006b8       0x38 src/ASF/thirdparty/wireless/services/sal/atmegarf_sal/src/sal.o
 .debug_ranges  0x000006f0       0xa0 src/Peer2Peer.o

.debug_macro    0x00000000     0x97f8
 *(.debug_macro)
 .debug_macro   0x00000000      0x191 src/ASF/common/services/clock/mega/sysclk.o
 .debug_macro   0x00000191      0xa84 src/ASF/common/services/clock/mega/sysclk.o
 .debug_macro   0x00000c15       0x10 src/ASF/common/services/clock/mega/sysclk.o
 .debug_macro   0x00000c25      0x1c9 src/ASF/common/services/clock/mega/sysclk.o
 .debug_macro   0x00000dee      0x2fc src/ASF/common/services/clock/mega/sysclk.o
 .debug_macro   0x000010ea       0x9e src/ASF/common/services/clock/mega/sysclk.o
 .debug_macro   0x00001188     0x37da src/ASF/common/services/clock/mega/sysclk.o
 .debug_macro   0x00004962      0x219 src/ASF/common/services/clock/mega/sysclk.o
 .debug_macro   0x00004b7b       0xd9 src/ASF/common/services/clock/mega/sysclk.o
 .debug_macro   0x00004c54       0x34 src/ASF/common/services/clock/mega/sysclk.o
 .debug_macro   0x00004c88       0x18 src/ASF/common/services/clock/mega/sysclk.o
 .debug_macro   0x00004ca0       0x6c src/ASF/common/services/clock/mega/sysclk.o
 .debug_macro   0x00004d0c       0x22 src/ASF/common/services/clock/mega/sysclk.o
 .debug_macro   0x00004d2e      0x16d src/ASF/common/services/clock/mega/sysclk.o
 .debug_macro   0x00004e9b       0x1c src/ASF/common/services/clock/mega/sysclk.o
 .debug_macro   0x00004eb7       0x35 src/ASF/common/services/clock/mega/sysclk.o
 .debug_macro   0x00004eec       0x66 src/ASF/common/services/clock/mega/sysclk.o
 .debug_macro   0x00004f52      0x71d src/ASF/common/services/clock/mega/sysclk.o
 .debug_macro   0x0000566f       0x43 src/ASF/common/services/clock/mega/sysclk.o
 .debug_macro   0x000056b2       0x69 src/ASF/common/services/clock/mega/sysclk.o
 .debug_macro   0x0000571b       0x31 src/ASF/common/services/clock/mega/sysclk.o
 .debug_macro   0x0000574c       0x10 src/ASF/common/services/clock/mega/sysclk.o
 .debug_macro   0x0000575c      0x175 src/ASF/common/services/clock/mega/sysclk.o
 .debug_macro   0x000058d1       0x40 src/ASF/common/services/clock/mega/sysclk.o
 .debug_macro   0x00005911      0x100 src/ASF/common/services/clock/mega/sysclk.o
 .debug_macro   0x00005a11       0x3a src/ASF/common/services/clock/mega/sysclk.o
 .debug_macro   0x00005a4b      0x2df src/ASF/common/services/clock/mega/sysclk.o
 .debug_macro   0x00005d2a       0x6e src/ASF/common/services/clock/mega/sysclk.o
 .debug_macro   0x00005d98       0x40 src/ASF/common/services/clock/mega/sysclk.o
 .debug_macro   0x00005dd8       0x16 src/ASF/common/services/clock/mega/sysclk.o
 .debug_macro   0x00005dee       0x34 src/ASF/common/services/clock/mega/sysclk.o
 .debug_macro   0x00005e22       0xc9 src/ASF/common/services/clock/mega/sysclk.o
 .debug_macro   0x00005eeb      0x1c2 src/ASF/common/services/serial/usart_serial.o
 .debug_macro   0x000060ad      0x1ca src/ASF/common/services/serial/usart_serial.o
 .debug_macro   0x00006277      0x11b src/ASF/common/utils/stdio/read.o
 .debug_macro   0x00006392      0x11b src/ASF/common/utils/stdio/write.o
 .debug_macro   0x000064ad      0x17f src/ASF/mega/boards/atmega256rfr2_xplained_pro/init.o
 .debug_macro   0x0000662c      0x2d9 src/ASF/mega/boards/atmega256rfr2_xplained_pro/init.o
 .debug_macro   0x00006905      0x153 src/ASF/mega/drivers/twi/twi_megarf.o
 .debug_macro   0x00006a58       0x16 src/ASF/mega/drivers/twi/twi_megarf.o
 .debug_macro   0x00006a6e       0xac src/ASF/mega/drivers/twi/twi_megarf.o
 .debug_macro   0x00006b1a      0x1a4 src/ASF/mega/drivers/usart/usart_megarf.o
 .debug_macro   0x00006cbe      0x302 src/ASF/mega/drivers/usart/usart_megarf.o
 .debug_macro   0x00006fc0      0x1c4 src/ASF/mega/drivers/usart/usart_megarf.o
 .debug_macro   0x00007184      0x261 src/ASF/thirdparty/wireless/addons/sio2host/uart/sio2host.o
 .debug_macro   0x000073e5       0x22 src/ASF/thirdparty/wireless/addons/sio2host/uart/sio2host.o
 .debug_macro   0x00007407       0x28 src/ASF/thirdparty/wireless/addons/sio2host/uart/sio2host.o
 .debug_macro   0x0000742f       0x22 src/ASF/thirdparty/wireless/addons/sio2host/uart/sio2host.o
 .debug_macro   0x00007451       0x58 src/ASF/thirdparty/wireless/addons/sio2host/uart/sio2host.o
 .debug_macro   0x000074a9       0x10 src/ASF/thirdparty/wireless/addons/sio2host/uart/sio2host.o
 .debug_macro   0x000074b9       0xf2 src/ASF/thirdparty/wireless/addons/sio2host/uart/sio2host.o
 .debug_macro   0x000075ab       0x16 src/ASF/thirdparty/wireless/addons/sio2host/uart/sio2host.o
 .debug_macro   0x000075c1       0x3a src/ASF/thirdparty/wireless/addons/sio2host/uart/sio2host.o
 .debug_macro   0x000075fb      0x1c5 src/ASF/thirdparty/wireless/avr2130_lwmesh/source/nwk/src/nwk.o
 .debug_macro   0x000077c0      0x10e src/ASF/thirdparty/wireless/avr2130_lwmesh/source/nwk/src/nwk.o
 .debug_macro   0x000078ce       0x16 src/ASF/thirdparty/wireless/avr2130_lwmesh/source/nwk/src/nwk.o
 .debug_macro   0x000078e4       0x20 src/ASF/thirdparty/wireless/avr2130_lwmesh/source/nwk/src/nwk.o
 .debug_macro   0x00007904       0x1c src/ASF/thirdparty/wireless/avr2130_lwmesh/source/nwk/src/nwk.o
 .debug_macro   0x00007920       0x6a src/ASF/thirdparty/wireless/avr2130_lwmesh/source/nwk/src/nwk.o
 .debug_macro   0x0000798a       0x16 src/ASF/thirdparty/wireless/avr2130_lwmesh/source/nwk/src/nwk.o
 .debug_macro   0x000079a0       0x86 src/ASF/thirdparty/wireless/avr2130_lwmesh/source/nwk/src/nwk.o
 .debug_macro   0x00007a26       0x16 src/ASF/thirdparty/wireless/avr2130_lwmesh/source/nwk/src/nwk.o
 .debug_macro   0x00007a3c       0x1c src/ASF/thirdparty/wireless/avr2130_lwmesh/source/nwk/src/nwk.o
 .debug_macro   0x00007a58       0x1c src/ASF/thirdparty/wireless/avr2130_lwmesh/source/nwk/src/nwk.o
 .debug_macro   0x00007a74      0x1b0 src/ASF/thirdparty/wireless/avr2130_lwmesh/source/nwk/src/nwkDataReq.o
 .debug_macro   0x00007c24       0x10 src/ASF/thirdparty/wireless/avr2130_lwmesh/source/nwk/src/nwkDataReq.o
 .debug_macro   0x00007c34      0x19e src/ASF/thirdparty/wireless/avr2130_lwmesh/source/nwk/src/nwkFrame.o
 .debug_macro   0x00007dd2      0x1bc src/ASF/thirdparty/wireless/avr2130_lwmesh/source/nwk/src/nwkRoute.o
 .debug_macro   0x00007f8e      0x1f0 src/ASF/thirdparty/wireless/avr2130_lwmesh/source/nwk/src/nwkRx.o
 .debug_macro   0x0000817e      0x1b6 src/ASF/thirdparty/wireless/avr2130_lwmesh/source/nwk/src/nwkSecurity.o
 .debug_macro   0x00008334      0x1de src/ASF/thirdparty/wireless/avr2130_lwmesh/source/nwk/src/nwkTx.o
 .debug_macro   0x00008512      0x1f4 src/ASF/thirdparty/wireless/avr2130_lwmesh/source/phy/atmegarfr2/src/phy.o
 .debug_macro   0x00008706       0x16 src/ASF/thirdparty/wireless/avr2130_lwmesh/source/phy/atmegarfr2/src/phy.o
 .debug_macro   0x0000871c       0x28 src/ASF/thirdparty/wireless/avr2130_lwmesh/source/phy/atmegarfr2/src/phy.o
 .debug_macro   0x00008744       0x16 src/ASF/thirdparty/wireless/avr2130_lwmesh/source/phy/atmegarfr2/src/phy.o
 .debug_macro   0x0000875a       0x23 src/ASF/thirdparty/wireless/avr2130_lwmesh/source/phy/atmegarfr2/src/phy.o
 .debug_macro   0x0000877d      0x27e src/ASF/thirdparty/wireless/avr2130_lwmesh/source/phy/atmegarfr2/src/phy.o
 .debug_macro   0x000089fb      0x2f6 src/ASF/thirdparty/wireless/avr2130_lwmesh/source/sys/src/sys.o
 .debug_macro   0x00008cf1       0x28 src/ASF/thirdparty/wireless/avr2130_lwmesh/source/sys/src/sys.o
 .debug_macro   0x00008d19       0x6f src/ASF/thirdparty/wireless/avr2130_lwmesh/source/sys/src/sysEncrypt.o
 .debug_macro   0x00008d88       0x97 src/ASF/thirdparty/wireless/avr2130_lwmesh/source/sys/src/sysEncrypt.o
 .debug_macro   0x00008e1f       0x16 src/ASF/thirdparty/wireless/avr2130_lwmesh/source/sys/src/sysEncrypt.o
 .debug_macro   0x00008e35      0x13d src/ASF/thirdparty/wireless/avr2130_lwmesh/source/sys/src/sysTimer.o
 .debug_macro   0x00008f72       0x10 src/ASF/thirdparty/wireless/avr2130_lwmesh/source/sys/src/sysTimer.o
 .debug_macro   0x00008f82      0x1c6 src/ASF/thirdparty/wireless/services/common_hw_timer/mega/hw_timer.o
 .debug_macro   0x00009148       0x10 src/ASF/thirdparty/wireless/services/common_hw_timer/mega/hw_timer.o
 .debug_macro   0x00009158      0x19e src/ASF/thirdparty/wireless/services/mega/drivers/tc/tc_megarf.o
 .debug_macro   0x000092f6       0xfe src/ASF/thirdparty/wireless/services/sal/atmegarf_sal/src/sal.o
 .debug_macro   0x000093f4      0x33e src/Peer2Peer.o
 .debug_macro   0x00009732       0x1c src/Peer2Peer.o
 .debug_macro   0x0000974e       0xaa src/Peer2Peer.o
OUTPUT(APPS_PEER2PEER2.elf elf32-avr)
LOAD linker stubs
